Archive member included to satisfy reference by file (symbol)

library.a(initialize.o)       obj/lab_eight_bit_code.o (InitializeHardware)
library.a(stm32f429i_discovery.o)
                              library.a(initialize.o) (BSP_PB_Init)
library.a(stm32f429i_discovery_lcd.o)
                              library.a(initialize.o) (BSP_LCD_Init)
library.a(stm32f429i_discovery_sdram.o)
                              library.a(stm32f429i_discovery_lcd.o) (BSP_SDRAM_Init)
library.a(stm32f4xx_hal.o)    library.a(initialize.o) (HAL_Init)
library.a(stm32f4xx_hal_cortex.o)
                              library.a(stm32f4xx_hal.o) (HAL_NVIC_SetPriorityGrouping)
library.a(stm32f4xx_hal_dma.o)
                              library.a(stm32f429i_discovery_sdram.o) (HAL_DMA_Init)
library.a(stm32f4xx_hal_dma2d.o)
                              library.a(stm32f429i_discovery_lcd.o) (HAL_DMA2D_Init)
library.a(stm32f4xx_hal_gpio.o)
                              library.a(stm32f429i_discovery.o) (HAL_GPIO_Init)
library.a(stm32f4xx_hal_i2c.o)
                              library.a(stm32f429i_discovery.o) (HAL_I2C_Init)
library.a(stm32f4xx_hal_ltdc.o)
                              library.a(stm32f429i_discovery_lcd.o) (HAL_LTDC_Init)
library.a(stm32f4xx_hal_rcc.o)
                              library.a(initialize.o) (HAL_RCC_OscConfig)
library.a(stm32f4xx_hal_rcc_ex.o)
                              library.a(stm32f429i_discovery_lcd.o) (HAL_RCCEx_PeriphCLKConfig)
library.a(stm32f4xx_hal_sdram.o)
                              library.a(stm32f429i_discovery_sdram.o) (HAL_SDRAM_Init)
library.a(stm32f4xx_hal_spi.o)
                              library.a(stm32f429i_discovery.o) (HAL_SPI_Init)
library.a(stm32f4xx_it.o)     library.a(initialize.o) (IncludeThis)
library.a(stm32f4xx_ll_fmc.o)
                              library.a(stm32f4xx_hal_sdram.o) (FMC_SDRAM_Init)
library.a(system_stm32f4xx.o)
                              library.a(stm32f4xx_hal_rcc.o) (SystemCoreClock)
library.a(startup_stm32f429xx.o)
                              library.a(initialize.o) (Reset_Handler)
library.a(ili9341.o)          library.a(stm32f429i_discovery_lcd.o) (ili9341_drv)
c:/program files (x86)/gnu tools arm embedded/bin/../lib/gcc/arm-none-eabi/9.2.1/../../../../arm-none-eabi/lib/thumb/v7e-m+fp/hard\libc.a(lib_a-exit.o)
                              c:/program files (x86)/gnu tools arm embedded/bin/../lib/gcc/arm-none-eabi/9.2.1/../../../../arm-none-eabi/lib/thumb/v7e-m+fp/hard/crt0.o (exit)
c:/program files (x86)/gnu tools arm embedded/bin/../lib/gcc/arm-none-eabi/9.2.1/../../../../arm-none-eabi/lib/thumb/v7e-m+fp/hard\libc.a(lib_a-impure.o)
                              c:/program files (x86)/gnu tools arm embedded/bin/../lib/gcc/arm-none-eabi/9.2.1/../../../../arm-none-eabi/lib/thumb/v7e-m+fp/hard\libc.a(lib_a-exit.o) (_global_impure_ptr)
c:/program files (x86)/gnu tools arm embedded/bin/../lib/gcc/arm-none-eabi/9.2.1/../../../../arm-none-eabi/lib/thumb/v7e-m+fp/hard\libc.a(lib_a-init.o)
                              c:/program files (x86)/gnu tools arm embedded/bin/../lib/gcc/arm-none-eabi/9.2.1/../../../../arm-none-eabi/lib/thumb/v7e-m+fp/hard/crt0.o (__libc_init_array)
c:/program files (x86)/gnu tools arm embedded/bin/../lib/gcc/arm-none-eabi/9.2.1/../../../../arm-none-eabi/lib/thumb/v7e-m+fp/hard\libc.a(lib_a-memset.o)
                              c:/program files (x86)/gnu tools arm embedded/bin/../lib/gcc/arm-none-eabi/9.2.1/../../../../arm-none-eabi/lib/thumb/v7e-m+fp/hard/crt0.o (memset)
c:/program files (x86)/gnu tools arm embedded/bin/../lib/gcc/arm-none-eabi/9.2.1/../../../../arm-none-eabi/lib/thumb/v7e-m+fp/hard\libc.a(lib_a-printf.o)
                              library.a(initialize.o) (printf)
c:/program files (x86)/gnu tools arm embedded/bin/../lib/gcc/arm-none-eabi/9.2.1/../../../../arm-none-eabi/lib/thumb/v7e-m+fp/hard\libc.a(lib_a-sprintf.o)
                              obj/lab_eight_bit_code.o (sprintf)
c:/program files (x86)/gnu tools arm embedded/bin/../lib/gcc/arm-none-eabi/9.2.1/../../../../arm-none-eabi/lib/thumb/v7e-m+fp/hard\libc.a(lib_a-strcpy.o)
                              library.a(initialize.o) (strcpy)
c:/program files (x86)/gnu tools arm embedded/bin/../lib/gcc/arm-none-eabi/9.2.1/../../../../arm-none-eabi/lib/thumb/v7e-m+fp/hard\libc.a(lib_a-strlen.o)
                              obj/lab_eight_bit_code.o (strlen)
c:/program files (x86)/gnu tools arm embedded/bin/../lib/gcc/arm-none-eabi/9.2.1/../../../../arm-none-eabi/lib/thumb/v7e-m+fp/hard\libc.a(lib_a-svfprintf.o)
                              c:/program files (x86)/gnu tools arm embedded/bin/../lib/gcc/arm-none-eabi/9.2.1/../../../../arm-none-eabi/lib/thumb/v7e-m+fp/hard\libc.a(lib_a-sprintf.o) (_svfprintf_r)
c:/program files (x86)/gnu tools arm embedded/bin/../lib/gcc/arm-none-eabi/9.2.1/../../../../arm-none-eabi/lib/thumb/v7e-m+fp/hard\libc.a(lib_a-vfprintf.o)
[...]
Memory Configuration

Name             Origin             Length             Attributes
ROM              0x08000000         0x00200000         xr
RAM              0x20000000         0x00030000         xrw
CCM              0x10000000         0x00010000         xrw
*default*        0x00000000         0xffffffff

Linker script and memory map

LOAD c:/program files (x86)/gnu tools arm embedded/bin/../lib/gcc/arm-none-eabi/9.2.1/thumb/v7e-m+fp/hard/crti.o
LOAD c:/program files (x86)/gnu tools arm embedded/bin/../lib/gcc/arm-none-eabi/9.2.1/thumb/v7e-m+fp/hard/crtbegin.o
LOAD c:/program files (x86)/gnu tools arm embedded/bin/../lib/gcc/arm-none-eabi/9.2.1/../../../../arm-none-eabi/lib/thumb/v7e-m+fp/hard/crt0.o
LOAD obj/lab_eight_bit_code.o
LOAD obj/lab_functions_src.o
LOAD library.a
LOAD library.a
LOAD c:/program files (x86)/gnu tools arm embedded/bin/../lib/gcc/arm-none-eabi/9.2.1/../../../../arm-none-eabi/lib/thumb/v7e-m+fp/hard\libm.a
LOAD c:/program files (x86)/gnu tools arm embedded/bin/../lib/gcc/arm-none-eabi/9.2.1/../../../../arm-none-eabi/lib/thumb/v7e-m+fp/hard\libc.a
LOAD c:/program files (x86)/gnu tools arm embedded/bin/../lib/gcc/arm-none-eabi/9.2.1/../../../../arm-none-eabi/lib/thumb/v7e-m+fp/hard\libnosys.a
LOAD c:/program files (x86)/gnu tools arm embedded/bin/../lib/gcc/arm-none-eabi/9.2.1/../../../../arm-none-eabi/lib/thumb/v7e-m+fp/hard\libc.a
START GROUP
LOAD c:/program files (x86)/gnu tools arm embedded/bin/../lib/gcc/arm-none-eabi/9.2.1/thumb/v7e-m+fp/hard\libgcc.a
LOAD c:/program files (x86)/gnu tools arm embedded/bin/../lib/gcc/arm-none-eabi/9.2.1/../../../../arm-none-eabi/lib/thumb/v7e-m+fp/hard\libc.a
END GROUP
LOAD c:/program files (x86)/gnu tools arm embedded/bin/../lib/gcc/arm-none-eabi/9.2.1/thumb/v7e-m+fp/hard/crtend.o
LOAD c:/program files (x86)/gnu tools arm embedded/bin/../lib/gcc/arm-none-eabi/9.2.1/thumb/v7e-m+fp/hard/crtn.o

.text           0x08000000     0xcadc
 *(.isr_vector)
 .isr_vector    0x08000000      0x1ac library.a(startup_stm32f429xx.o)
                0x08000000                __isr_vector
 *(.text*)
 .text          0x080001ac       0x40 c:/program files (x86)/gnu tools arm embedded/bin/../lib/gcc/arm-none-eabi/9.2.1/thumb/v7e-m+fp/hard/crtbegin.o
 .text          0x080001ec       0x74 c:/program files (x86)/gnu tools arm embedded/bin/../lib/gcc/arm-none-eabi/9.2.1/../../../../arm-none-eabi/lib/thumb/v7e-m+fp/hard/crt0.o
                0x080001ec                _start
                0x080001ec                _mainCRTStartup
 .text.PutStringAt
                0x08000260       0x30 obj/lab_eight_bit_code.o
 .text._SquareRoot.part.0
                0x08000290       0x24 obj/lab_eight_bit_code.o
 .text.DrawVArrow
                0x080002b4       0x58 obj/lab_eight_bit_code.o
 .text.DrawHArrow.constprop.0
                0x0800030c       0x50 obj/lab_eight_bit_code.o
 .text.PaintBox.constprop.0
                0x0800035c       0x8c obj/lab_eight_bit_code.o
 .text.PaintBox.constprop.1
                0x080003e8       0x8c obj/lab_eight_bit_code.o
 .text.PaintBox.constprop.2
                0x08000474       0x8c obj/lab_eight_bit_code.o
 .text.PutValueAt.constprop.1
                0x08000500       0x88 obj/lab_eight_bit_code.o
 .text.PutValueAt.constprop.2
                0x08000588       0x88 obj/lab_eight_bit_code.o
 .text.PutValueAt.constprop.3
                0x08000610       0x88 obj/lab_eight_bit_code.o
 .text.PutValueAt.constprop.4
                0x08000698       0x80 obj/lab_eight_bit_code.o
 .text.PutValueAt.constprop.5
                0x08000718       0x60 obj/lab_eight_bit_code.o
 .text.startup.main
                0x08000778      0x5d4 obj/lab_eight_bit_code.o
                0x08000778                main
 .text.Square   0x08000d4c       0xa0 obj/lab_eight_bit_code.o
                0x08000d4c                Square
 .text.SquareRoot
                0x08000dec      0x140 obj/lab_eight_bit_code.o
                0x08000dec                SquareRoot
 .text          0x08000f2c       0x24 obj/lab_functions_src.o
                0x08000f2c                Less1
                0x08000f34                Add
                0x08000f38                Square2x
                0x08000f40                Last
 .text.DisplayHeader
                0x08000f50       0x80 library.a(initialize.o)
                0x08000f50                DisplayHeader
 .text.DisplayFooter
                0x08000fd0       0x58 library.a(initialize.o)
                0x08000fd0                DisplayFooter
 .text.InitializeHardware
                0x08001028      0x110 library.a(initialize.o)
                0x08001028                InitializeHardware
 .text.WaitForPushButton
                0x08001138       0x18 library.a(initialize.o)
                0x08001138                WaitForPushButton
 .text.SPIx_Init
                0x08001150       0x94 library.a(stm32f429i_discovery.o)
 .text.SPIx_Write
                0x080011e4       0x30 library.a(stm32f429i_discovery.o)
 .text.BSP_PB_Init
                0x08001214       0x70 library.a(stm32f429i_discovery.o)
                0x08001214                BSP_PB_Init
 .text.BSP_PB_GetState
                0x08001284       0x14 library.a(stm32f429i_discovery.o)
                0x08001284                BSP_PB_GetState
 .text.LCD_IO_Init
                0x08001298       0xb0 library.a(stm32f429i_discovery.o)
                0x08001298                LCD_IO_Init
 .text.LCD_IO_WriteData
                0x08001348       0x38 library.a(stm32f429i_discovery.o)
                0x08001348                LCD_IO_WriteData
 .text.LCD_IO_WriteReg
                0x08001380       0x38 library.a(stm32f429i_discovery.o)
                0x08001380                LCD_IO_WriteReg
 .text.LCD_IO_ReadData
                0x080013b8       0x6c library.a(stm32f429i_discovery.o)
                0x080013b8                LCD_IO_ReadData
 .text.LCD_Delay
                0x08001424        0x4 library.a(stm32f429i_discovery.o)
                0x08001424                LCD_Delay
 .text.FillBuffer
                0x08001428       0x64 library.a(stm32f429i_discovery_lcd.o)
 .text.BSP_LCD_Init
                0x0800148c      0x1cc library.a(stm32f429i_discovery_lcd.o)
                0x0800148c                BSP_LCD_Init
 .text.BSP_LCD_GetXSize
                0x08001658       0x10 library.a(stm32f429i_discovery_lcd.o)
                0x08001658                BSP_LCD_GetXSize
 .text.BSP_LCD_GetYSize
                0x08001668       0x10 library.a(stm32f429i_discovery_lcd.o)
                0x08001668                BSP_LCD_GetYSize
 .text.BSP_LCD_LayerDefaultInit
                0x08001678       0x7c library.a(stm32f429i_discovery_lcd.o)
                0x08001678                BSP_LCD_LayerDefaultInit
 .text.BSP_LCD_SelectLayer
                0x080016f4        0xc library.a(stm32f429i_discovery_lcd.o)
                0x080016f4                BSP_LCD_SelectLayer
 .text.BSP_LCD_SetTextColor
                0x08001700       0x18 library.a(stm32f429i_discovery_lcd.o)
                0x08001700                BSP_LCD_SetTextColor
 .text.BSP_LCD_SetBackColor
                0x08001718       0x18 library.a(stm32f429i_discovery_lcd.o)
                0x08001718                BSP_LCD_SetBackColor
 .text.BSP_LCD_SetFont
                0x08001730       0x18 library.a(stm32f429i_discovery_lcd.o)
                0x08001730                BSP_LCD_SetFont
 .text.BSP_LCD_Clear
                0x08001748       0x3c library.a(stm32f429i_discovery_lcd.o)
                0x08001748                BSP_LCD_Clear
 .text.BSP_LCD_DrawHLine
                0x08001784       0x50 library.a(stm32f429i_discovery_lcd.o)
                0x08001784                BSP_LCD_DrawHLine
 .text.BSP_LCD_DrawVLine
                0x080017d4       0x58 library.a(stm32f429i_discovery_lcd.o)
                0x080017d4                BSP_LCD_DrawVLine
 .text.BSP_LCD_DrawRect
                0x0800182c       0x34 library.a(stm32f429i_discovery_lcd.o)
                0x0800182c                BSP_LCD_DrawRect
 .text.BSP_LCD_FillRect
                0x08001860       0x5c library.a(stm32f429i_discovery_lcd.o)
                0x08001860                BSP_LCD_FillRect
 .text.BSP_LCD_DisplayOn
                0x080018bc       0x10 library.a(stm32f429i_discovery_lcd.o)
                0x080018bc                BSP_LCD_DisplayOn
 .text.BSP_LCD_DrawPixel
                0x080018cc       0x2c library.a(stm32f429i_discovery_lcd.o)
                0x080018cc                BSP_LCD_DrawPixel
 .text.BSP_LCD_DisplayChar
                0x080018f8       0xd0 library.a(stm32f429i_discovery_lcd.o)
                0x080018f8                BSP_LCD_DisplayChar
 .text.BSP_LCD_DisplayStringAt
                0x080019c8       0xb8 library.a(stm32f429i_discovery_lcd.o)
                0x080019c8                BSP_LCD_DisplayStringAt
 .text.BSP_LCD_DrawLine
                0x08001a80       0xd0 library.a(stm32f429i_discovery_lcd.o)
                0x08001a80                BSP_LCD_DrawLine
 .text.BSP_LCD_FillTriangle
                0x08001b50       0xd0 library.a(stm32f429i_discovery_lcd.o)
                0x08001b50                BSP_LCD_FillTriangle
 .text.BSP_SDRAM_Initialization_sequence
                0x08001c20       0x94 library.a(stm32f429i_discovery_sdram.o)
                0x08001c20                BSP_SDRAM_Initialization_sequence
 .text.BSP_SDRAM_Init
                0x08001cb4      0x1d4 library.a(stm32f429i_discovery_sdram.o)
                0x08001cb4                BSP_SDRAM_Init
 .text.HAL_MspInit
                0x08001e88        0x2 library.a(stm32f4xx_hal.o)
                0x08001e88                HAL_MspInit
 .text.HAL_InitTick
                0x08001e8a       0x24 library.a(stm32f4xx_hal.o)
                0x08001e8a                HAL_InitTick
 *fill*         0x08001eae        0x2 
 .text.HAL_Init
                0x08001eb0       0x34 library.a(stm32f4xx_hal.o)
                0x08001eb0                HAL_Init
 .text.HAL_IncTick
                0x08001ee4       0x10 library.a(stm32f4xx_hal.o)
                0x08001ee4                HAL_IncTick
 .text.HAL_GetTick
                0x08001ef4        0xc library.a(stm32f4xx_hal.o)
                0x08001ef4                HAL_GetTick
 .text.HAL_Delay
                0x08001f00       0x1a library.a(stm32f4xx_hal.o)
                0x08001f00                HAL_Delay
 *fill*         0x08001f1a        0x2 
 .text.HAL_NVIC_SetPriorityGrouping
                0x08001f1c       0x24 library.a(stm32f4xx_hal_cortex.o)
                0x08001f1c                HAL_NVIC_SetPriorityGrouping
 .text.HAL_NVIC_SetPriority
                0x08001f40       0x68 library.a(stm32f4xx_hal_cortex.o)
                0x08001f40                HAL_NVIC_SetPriority
 .text.HAL_NVIC_EnableIRQ
                0x08001fa8       0x18 library.a(stm32f4xx_hal_cortex.o)
                0x08001fa8                HAL_NVIC_EnableIRQ
 .text.HAL_SYSTICK_Config
                0x08001fc0       0x2c library.a(stm32f4xx_hal_cortex.o)
                0x08001fc0                HAL_SYSTICK_Config
 .text.HAL_DMA_Init
                0x08001fec       0x78 library.a(stm32f4xx_hal_dma.o)
                0x08001fec                HAL_DMA_Init
 .text.HAL_DMA_DeInit
                0x08002064      0xac4 library.a(stm32f4xx_hal_dma.o)
                0x08002064                HAL_DMA_DeInit
 .text.DMA2D_SetConfig
                0x08002b28       0x80 library.a(stm32f4xx_hal_dma2d.o)
 .text.HAL_DMA2D_MspInit
                0x08002ba8        0x2 library.a(stm32f4xx_hal_dma2d.o)
                0x08002ba8                HAL_DMA2D_MspInit
 .text.HAL_DMA2D_Init
                0x08002baa       0x5c library.a(stm32f4xx_hal_dma2d.o)
                0x08002baa                HAL_DMA2D_Init
 .text.HAL_DMA2D_Start
                0x08002c06       0x40 library.a(stm32f4xx_hal_dma2d.o)
                0x08002c06                HAL_DMA2D_Start
 .text.HAL_DMA2D_PollForTransfer
                0x08002c46       0xc2 library.a(stm32f4xx_hal_dma2d.o)
                0x08002c46                HAL_DMA2D_PollForTransfer
 .text.HAL_DMA2D_ConfigLayer
                0x08002d08       0xe8 library.a(stm32f4xx_hal_dma2d.o)
                0x08002d08                HAL_DMA2D_ConfigLayer
 .text.HAL_GPIO_Init
                0x08002df0      0x1d8 library.a(stm32f4xx_hal_gpio.o)
                0x08002df0                HAL_GPIO_Init
 .text.HAL_GPIO_ReadPin
                0x08002fc8        0xc library.a(stm32f4xx_hal_gpio.o)
                0x08002fc8                HAL_GPIO_ReadPin
 .text.HAL_GPIO_WritePin
                0x08002fd4        0xa library.a(stm32f4xx_hal_gpio.o)
                0x08002fd4                HAL_GPIO_WritePin
 .text.LTDC_SetConfig
                0x08002fde      0x148 library.a(stm32f4xx_hal_ltdc.o)
 .text.HAL_LTDC_MspInit
                0x08003126        0x2 library.a(stm32f4xx_hal_ltdc.o)
                0x08003126                HAL_LTDC_MspInit
 .text.HAL_LTDC_Init
                0x08003128       0xfc library.a(stm32f4xx_hal_ltdc.o)
                0x08003128                HAL_LTDC_Init
 .text.HAL_LTDC_ConfigLayer
                0x08003224       0x52 library.a(stm32f4xx_hal_ltdc.o)
                0x08003224                HAL_LTDC_ConfigLayer
 *fill*         0x08003276        0x2 
 .text.HAL_LTDC_EnableDither
                0x08003278       0x34 library.a(stm32f4xx_hal_ltdc.o)
                0x08003278                HAL_LTDC_EnableDither
 .text.HAL_RCC_OscConfig
                0x080032ac      0x33c library.a(stm32f4xx_hal_rcc.o)
                0x080032ac                HAL_RCC_OscConfig
 .text.HAL_RCC_ClockConfig
                0x080035e8      0x1f8 library.a(stm32f4xx_hal_rcc.o)
                0x080035e8                HAL_RCC_ClockConfig
 .text.HAL_RCC_GetSysClockFreq
                0x080037e0       0x78 library.a(stm32f4xx_hal_rcc.o)
                0x080037e0                HAL_RCC_GetSysClockFreq
 .text.HAL_RCC_GetHCLKFreq
                0x08003858       0x38 library.a(stm32f4xx_hal_rcc.o)
                0x08003858                HAL_RCC_GetHCLKFreq
 .text.HAL_RCCEx_PeriphCLKConfig
                0x08003890      0x2e8 library.a(stm32f4xx_hal_rcc_ex.o)
                0x08003890                HAL_RCCEx_PeriphCLKConfig
 .text.HAL_SDRAM_MspInit
                0x08003b78        0x2 library.a(stm32f4xx_hal_sdram.o)
                0x08003b78                HAL_SDRAM_MspInit
 .text.HAL_SDRAM_Init
                0x08003b7a       0x40 library.a(stm32f4xx_hal_sdram.o)
                0x08003b7a                HAL_SDRAM_Init
 .text.HAL_SDRAM_SendCommand
                0x08003bba       0x2e library.a(stm32f4xx_hal_sdram.o)
                0x08003bba                HAL_SDRAM_SendCommand
 .text.HAL_SDRAM_ProgramRefreshRate
                0x08003be8       0x24 library.a(stm32f4xx_hal_sdram.o)
                0x08003be8                HAL_SDRAM_ProgramRefreshRate
 .text.SPI_WaitOnFlagUntilTimeout
                0x08003c0c       0x94 library.a(stm32f4xx_hal_spi.o)
 .text.HAL_SPI_MspInit
                0x08003ca0        0x2 library.a(stm32f4xx_hal_spi.o)
                0x08003ca0                HAL_SPI_MspInit
 .text.HAL_SPI_Init
                0x08003ca2       0x82 library.a(stm32f4xx_hal_spi.o)
                0x08003ca2                HAL_SPI_Init
 .text.HAL_SPI_MspDeInit
                0x08003d24        0x2 library.a(stm32f4xx_hal_spi.o)
                0x08003d24                HAL_SPI_MspDeInit
 .text.HAL_SPI_DeInit
                0x08003d26       0x26 library.a(stm32f4xx_hal_spi.o)
                0x08003d26                HAL_SPI_DeInit
 .text.HAL_SPI_Transmit
                0x08003d4c      0x148 library.a(stm32f4xx_hal_spi.o)
                0x08003d4c                HAL_SPI_Transmit
 .text.HAL_SPI_TransmitReceive
                0x08003e94      0x2c4 library.a(stm32f4xx_hal_spi.o)
                0x08003e94                HAL_SPI_TransmitReceive
 .text.HAL_SPI_Receive
                0x08004158      0x1d0 library.a(stm32f4xx_hal_spi.o)
                0x08004158                HAL_SPI_Receive
 .text.HAL_SPI_GetState
                0x08004328        0x6 library.a(stm32f4xx_hal_spi.o)
                0x08004328                HAL_SPI_GetState
 .text.NMI_Handler
                0x0800432e        0x2 library.a(stm32f4xx_it.o)
                0x0800432e                NMI_Handler
 .text.SVC_Handler
                0x08004330        0x2 library.a(stm32f4xx_it.o)
                0x08004330                SVC_Handler
 .text.DebugMon_Handler
                0x08004332        0x2 library.a(stm32f4xx_it.o)
                0x08004332                DebugMon_Handler
 .text.PendSV_Handler
                0x08004334        0x2 library.a(stm32f4xx_it.o)
                0x08004334                PendSV_Handler
 .text.SysTick_Handler
                0x08004336        0x4 library.a(stm32f4xx_it.o)
                0x08004336                SysTick_Handler
 *fill*         0x0800433a        0x2 
 .text.FMC_SDRAM_Init
                0x0800433c       0x6c library.a(stm32f4xx_ll_fmc.o)
                0x0800433c                FMC_SDRAM_Init
 .text.FMC_SDRAM_Timing_Init
                0x080043a8       0x70 library.a(stm32f4xx_ll_fmc.o)
                0x080043a8                FMC_SDRAM_Timing_Init
 .text.FMC_SDRAM_SendCommand
                0x08004418       0x4c library.a(stm32f4xx_ll_fmc.o)
                0x08004418                FMC_SDRAM_SendCommand
 .text.FMC_SDRAM_ProgramRefreshRate
                0x08004464        0xc library.a(stm32f4xx_ll_fmc.o)
                0x08004464                FMC_SDRAM_ProgramRefreshRate
 .text.SystemInit
                0x08004470       0x4c library.a(system_stm32f4xx.o)
                0x08004470                SystemInit
 .text          0x080044bc      0x118 library.a(startup_stm32f429xx.o)
                0x080044bc                Reset_Handler
                0x0800450c                HardFault_Handler
                0x0800450e                MemManage_Handler
                0x08004510                BusFault_Handler
                0x08004512                UsageFault_Handler
                0x08004514                Default_Handler
                0x08004516                WWDG_IRQHandler
                0x08004518                PVD_IRQHandler
                0x0800451a                TAMP_STAMP_IRQHandler
                0x0800451c                RTC_WKUP_IRQHandler
                0x0800451e                FLASH_IRQHandler
                0x08004520                RCC_IRQHandler
                0x08004522                EXTI0_IRQHandler
                0x08004524                EXTI1_IRQHandler
                0x08004526                EXTI2_IRQHandler
                0x08004528                EXTI3_IRQHandler
                0x0800452a                EXTI4_IRQHandler
                0x0800452c                DMA1_Stream0_IRQHandler
                0x0800452e                DMA1_Stream1_IRQHandler
                0x08004530                DMA1_Stream2_IRQHandler
                0x08004532                DMA1_Stream3_IRQHandler
                0x08004534                DMA1_Stream4_IRQHandler
                0x08004536                DMA1_Stream5_IRQHandler
                0x08004538                DMA1_Stream6_IRQHandler
                0x0800453a                ADC_IRQHandler
                0x0800453c                CAN1_TX_IRQHandler
                0x0800453e                CAN1_RX0_IRQHandler
                0x08004540                CAN1_RX1_IRQHandler
                0x08004542                CAN1_SCE_IRQHandler
                0x08004544                EXTI9_5_IRQHandler
                0x08004546                TIM1_BRK_TIM9_IRQHandler
                0x08004548                TIM1_UP_TIM10_IRQHandler
                0x0800454a                TIM1_TRG_COM_TIM11_IRQHandler
                0x0800454c                TIM1_CC_IRQHandler
                0x0800454e                TIM2_IRQHandler
                0x08004550                TIM3_IRQHandler
                0x08004552                TIM4_IRQHandler
                0x08004554                I2C1_EV_IRQHandler
                0x08004556                I2C1_ER_IRQHandler
                0x08004558                I2C2_EV_IRQHandler
                0x0800455a                I2C2_ER_IRQHandler
                0x0800455c                SPI1_IRQHandler
                0x0800455e                SPI2_IRQHandler
                0x08004560                USART1_IRQHandler
                0x08004562                USART2_IRQHandler
                0x08004564                USART3_IRQHandler
                0x08004566                EXTI15_10_IRQHandler
                0x08004568                RTC_Alarm_IRQHandler
                0x0800456a                OTG_FS_WKUP_IRQHandler
                0x0800456c                TIM8_BRK_TIM12_IRQHandler
                0x0800456e                TIM8_UP_TIM13_IRQHandler
                0x08004570                TIM8_TRG_COM_TIM14_IRQHandler
                0x08004572                TIM8_CC_IRQHandler
                0x08004574                DMA1_Stream7_IRQHandler
                0x08004576                FSMC_IRQHandler
                0x08004578                SDIO_IRQHandler
                0x0800457a                TIM5_IRQHandler
                0x0800457c                SPI3_IRQHandler
                0x0800457e                UART4_IRQHandler
                0x08004580                UART5_IRQHandler
                0x08004582                TIM6_DAC_IRQHandler
                0x08004584                TIM7_IRQHandler
                0x08004586                DMA2_Stream0_IRQHandler
                0x08004588                DMA2_Stream1_IRQHandler
                0x0800458a                DMA2_Stream2_IRQHandler
                0x0800458c                DMA2_Stream3_IRQHandler
                0x0800458e                DMA2_Stream4_IRQHandler
                0x08004590                ETH_IRQHandler
                0x08004592                ETH_WKUP_IRQHandler
                0x08004594                CAN2_TX_IRQHandler
                0x08004596                CAN2_RX0_IRQHandler
                0x08004598                CAN2_RX1_IRQHandler
                0x0800459a                CAN2_SCE_IRQHandler
                0x0800459c                OTG_FS_IRQHandler
                0x0800459e                DMA2_Stream5_IRQHandler
                0x080045a0                DMA2_Stream6_IRQHandler
                0x080045a2                DMA2_Stream7_IRQHandler
                0x080045a4                USART6_IRQHandler
                0x080045a6                I2C3_EV_IRQHandler
                0x080045a8                I2C3_ER_IRQHandler
                0x080045aa                OTG_HS_EP1_OUT_IRQHandler
                0x080045ac                OTG_HS_EP1_IN_IRQHandler
                0x080045ae                OTG_HS_WKUP_IRQHandler
                0x080045b0                OTG_HS_IRQHandler
                0x080045b2                DCMI_IRQHandler
                0x080045b4                CRYP_IRQHandler
                0x080045b6                HASH_RNG_IRQHandler
                0x080045b8                FPU_IRQHandler
                0x080045ba                UART7_IRQHandler
                0x080045bc                UART8_IRQHandler
                0x080045be                SPI4_IRQHandler
                0x080045c0                SPI5_IRQHandler
                0x080045c2                SPI6_IRQHandler
                0x080045c4                SAI1_IRQHandler
                0x080045c6                LTDC_IRQHandler
                0x080045c8                LTDC_ER_IRQHandler
                0x080045ca                DMA2D_IRQHandler
 .text.ili9341_GetLcdPixelWidth
                0x080045d4        0x4 library.a(ili9341.o)
                0x080045d4                ili9341_GetLcdPixelWidth
 .text.ili9341_GetLcdPixelHeight
                0x080045d8        0x6 library.a(ili9341.o)
                0x080045d8                ili9341_GetLcdPixelHeight
 .text.ili9341_DisplayOn
                0x080045de        0x6 library.a(ili9341.o)
                0x080045de                ili9341_DisplayOn
 .text.ili9341_DisplayOff
                0x080045e4        0x6 library.a(ili9341.o)
                0x080045e4                ili9341_DisplayOff
 .text.ili9341_Init
                0x080045ea      0x292 library.a(ili9341.o)
                0x080045ea                ili9341_Init
 .text.ili9341_ReadID
                0x0800487c       0x12 library.a(ili9341.o)
                0x0800487c                ili9341_ReadID
 *fill*         0x0800488e        0x2 
 .text.exit     0x08004890       0x20 c:/program files (x86)/gnu tools arm embedded/bin/../lib/gcc/arm-none-eabi/9.2.1/../../../../arm-none-eabi/lib/thumb/v7e-m+fp/hard\libc.a(lib_a-exit.o)
                0x08004890                exit
 .text.__libc_init_array
                0x080048b0       0x48 c:/program files (x86)/gnu tools arm embedded/bin/../lib/gcc/arm-none-eabi/9.2.1/../../../../arm-none-eabi/lib/thumb/v7e-m+fp/hard\libc.a(lib_a-init.o)
                0x080048b0                __libc_init_array
 .text.memset   0x080048f8       0xa0 c:/program files (x86)/gnu tools arm embedded/bin/../lib/gcc/arm-none-eabi/9.2.1/../../../../arm-none-eabi/lib/thumb/v7e-m+fp/hard\libc.a(lib_a-memset.o)
                0x080048f8                memset
 .text.sprintf  0x08004998       0x44 c:/program files (x86)/gnu tools arm embedded/bin/../lib/gcc/arm-none-eabi/9.2.1/../../../../arm-none-eabi/lib/thumb/v7e-m+fp/hard\libc.a(lib_a-sprintf.o)
                0x08004998                sprintf
 *fill*         0x080049dc       0x24 
 .text          0x08004a00       0xdc c:/program files (x86)/gnu tools arm embedded/bin/../lib/gcc/arm-none-eabi/9.2.1/../../../../arm-none-eabi/lib/thumb/v7e-m+fp/hard\libc.a(lib_a-strlen.o)
                0x08004a00                strlen
 *fill*         0x08004adc        0x4 
 .text._svfprintf_r
                0x08004ae0     0x1b38 c:/program files (x86)/gnu tools arm embedded/bin/../lib/gcc/arm-none-eabi/9.2.1/../../../../arm-none-eabi/lib/thumb/v7e-m+fp/hard\libc.a(lib_a-svfprintf.o)
                0x08004ae0                _svfprintf_r
 .text._vsprintf_r
                0x08006618       0x28 c:/program files (x86)/gnu tools arm embedded/bin/../lib/gcc/arm-none-eabi/9.2.1/../../../../arm-none-eabi/lib/thumb/v7e-m+fp/hard\libc.a(lib_a-vsprintf.o)
                0x08006618                _vsprintf_r
 .text.vsprintf
                0x08006640       0x18 c:/program files (x86)/gnu tools arm embedded/bin/../lib/gcc/arm-none-eabi/9.2.1/../../../../arm-none-eabi/lib/thumb/v7e-m+fp/hard\libc.a(lib_a-vsprintf.o)
                0x08006640                vsprintf
 .text.startup.register_fini
                0x08006658       0x14 c:/program files (x86)/gnu tools arm embedded/bin/../lib/gcc/arm-none-eabi/9.2.1/../../../../arm-none-eabi/lib/thumb/v7e-m+fp/hard\libc.a(lib_a-__call_atexit.o)
 .text.__call_exitprocs
                0x0800666c       0xcc c:/program files (x86)/gnu tools arm embedded/bin/../lib/gcc/arm-none-eabi/9.2.1/../../../../arm-none-eabi/lib/thumb/v7e-m+fp/hard\libc.a(lib_a-__call_atexit.o)
                0x0800666c                __call_exitprocs
 .text.atexit   0x08006738        0xc c:/program files (x86)/gnu tools arm embedded/bin/../lib/gcc/arm-none-eabi/9.2.1/../../../../arm-none-eabi/lib/thumb/v7e-m+fp/hard\libc.a(lib_a-atexit.o)
                0x08006738                atexit
 .text.quorem   0x08006744      0x11c c:/program files (x86)/gnu tools arm embedded/bin/../lib/gcc/arm-none-eabi/9.2.1/../../../../arm-none-eabi/lib/thumb/v7e-m+fp/hard\libc.a(lib_a-dtoa.o)
 .text._dtoa_r  0x08006860      0xeec c:/program files (x86)/gnu tools arm embedded/bin/../lib/gcc/arm-none-eabi/9.2.1/../../../../arm-none-eabi/lib/thumb/v7e-m+fp/hard\libc.a(lib_a-dtoa.o)
                0x08006860                _dtoa_r
 .text.__libc_fini_array
                0x0800774c       0x2c c:/program files (x86)/gnu tools arm embedded/bin/../lib/gcc/arm-none-eabi/9.2.1/../../../../arm-none-eabi/lib/thumb/v7e-m+fp/hard\libc.a(lib_a-fini.o)
                0x0800774c                __libc_fini_array
 .text._malloc_trim_r
                0x08007778       0xa0 c:/program files (x86)/gnu tools arm embedded/bin/../lib/gcc/arm-none-eabi/9.2.1/../../../../arm-none-eabi/lib/thumb/v7e-m+fp/hard\libc.a(lib_a-freer.o)
                0x08007778                _malloc_trim_r
 .text._free_r  0x08007818      0x208 c:/program files (x86)/gnu tools arm embedded/bin/../lib/gcc/arm-none-eabi/9.2.1/../../../../arm-none-eabi/lib/thumb/v7e-m+fp/hard\libc.a(lib_a-freer.o)
                0x08007818                _free_r
 .text._localeconv_r
                0x08007a20        0x8 c:/program files (x86)/gnu tools arm embedded/bin/../lib/gcc/arm-none-eabi/9.2.1/../../../../arm-none-eabi/lib/thumb/v7e-m+fp/hard\libc.a(lib_a-localeconv.o)
                0x08007a20                _localeconv_r
 .text.__retarget_lock_acquire_recursive
                0x08007a28        0x4 c:/program files (x86)/gnu tools arm embedded/bin/../lib/gcc/arm-none-eabi/9.2.1/../../../../arm-none-eabi/lib/thumb/v7e-m+fp/hard\libc.a(lib_a-lock.o)
                0x08007a28                __retarget_lock_acquire_recursive
 .text.__retarget_lock_release_recursive
                0x08007a2c        0x4 c:/program files (x86)/gnu tools arm embedded/bin/../lib/gcc/arm-none-eabi/9.2.1/../../../../arm-none-eabi/lib/thumb/v7e-m+fp/hard\libc.a(lib_a-lock.o)
                0x08007a2c                __retarget_lock_release_recursive
 .text._malloc_r
                0x08007a30      0x574 c:/program files (x86)/gnu tools arm embedded/bin/../lib/gcc/arm-none-eabi/9.2.1/../../../../arm-none-eabi/lib/thumb/v7e-m+fp/hard\libc.a(lib_a-mallocr.o)
                0x08007a30                _malloc_r
 *fill*         0x08007fa4        0xc 
 .text          0x08007fb0       0xa0 c:/program files (x86)/gnu tools arm embedded/bin/../lib/gcc/arm-none-eabi/9.2.1/../../../../arm-none-eabi/lib/thumb/v7e-m+fp/hard\libc.a(lib_a-memchr.o)
                0x08007fb0                memchr
 .text          0x08008050      0x134 c:/program files (x86)/gnu tools arm embedded/bin/../lib/gcc/arm-none-eabi/9.2.1/../../../../arm-none-eabi/lib/thumb/v7e-m+fp/hard\libc.a(lib_a-memcpy.o)
                0x08008050                memcpy
 .text.__malloc_lock
                0x08008184        0xc c:/program files (x86)/gnu tools arm embedded/bin/../lib/gcc/arm-none-eabi/9.2.1/../../../../arm-none-eabi/lib/thumb/v7e-m+fp/hard\libc.a(lib_a-mlock.o)
                0x08008184                __malloc_lock
 .text.__malloc_unlock
                0x08008190        0xc c:/program files (x86)/gnu tools arm embedded/bin/../lib/gcc/arm-none-eabi/9.2.1/../../../../arm-none-eabi/lib/thumb/v7e-m+fp/hard\libc.a(lib_a-mlock.o)
                0x08008190                __malloc_unlock
 .text._Balloc  0x0800819c       0x4c c:/program files (x86)/gnu tools arm embedded/bin/../lib/gcc/arm-none-eabi/9.2.1/../../../../arm-none-eabi/lib/thumb/v7e-m+fp/hard\libc.a(lib_a-mprec.o)
                0x0800819c                _Balloc
 .text._Bfree   0x080081e8       0x14 c:/program files (x86)/gnu tools arm embedded/bin/../lib/gcc/arm-none-eabi/9.2.1/../../../../arm-none-eabi/lib/thumb/v7e-m+fp/hard\libc.a(lib_a-mprec.o)
                0x080081e8                _Bfree
 .text.__multadd
                0x080081fc       0x8c c:/program files (x86)/gnu tools arm embedded/bin/../lib/gcc/arm-none-eabi/9.2.1/../../../../arm-none-eabi/lib/thumb/v7e-m+fp/hard\libc.a(lib_a-mprec.o)
                0x080081fc                __multadd
 .text.__hi0bits
                0x08008288       0x40 c:/program files (x86)/gnu tools arm embedded/bin/../lib/gcc/arm-none-eabi/9.2.1/../../../../arm-none-eabi/lib/thumb/v7e-m+fp/hard\libc.a(lib_a-mprec.o)
                0x08008288                __hi0bits
 .text.__lo0bits
                0x080082c8       0x60 c:/program files (x86)/gnu tools arm embedded/bin/../lib/gcc/arm-none-eabi/9.2.1/../../../../arm-none-eabi/lib/thumb/v7e-m+fp/hard\libc.a(lib_a-mprec.o)
                0x080082c8                __lo0bits
 .text.__i2b    0x08008328       0x14 c:/program files (x86)/gnu tools arm embedded/bin/../lib/gcc/arm-none-eabi/9.2.1/../../../../arm-none-eabi/lib/thumb/v7e-m+fp/hard\libc.a(lib_a-mprec.o)
                0x08008328                __i2b
 .text.__multiply
                0x0800833c      0x144 c:/program files (x86)/gnu tools arm embedded/bin/../lib/gcc/arm-none-eabi/9.2.1/../../../../arm-none-eabi/lib/thumb/v7e-m+fp/hard\libc.a(lib_a-mprec.o)
                0x0800833c                __multiply
 .text.__pow5mult
                0x08008480       0xa0 c:/program files (x86)/gnu tools arm embedded/bin/../lib/gcc/arm-none-eabi/9.2.1/../../../../arm-none-eabi/lib/thumb/v7e-m+fp/hard\libc.a(lib_a-mprec.o)
                0x08008480                __pow5mult
 .text.__lshift
                0x08008520       0xd4 c:/program files (x86)/gnu tools arm embedded/bin/../lib/gcc/arm-none-eabi/9.2.1/../../../../arm-none-eabi/lib/thumb/v7e-m+fp/hard\libc.a(lib_a-mprec.o)
                0x08008520                __lshift
 .text.__mcmp   0x080085f4       0x3c c:/program files (x86)/gnu tools arm embedded/bin/../lib/gcc/arm-none-eabi/9.2.1/../../../../arm-none-eabi/lib/thumb/v7e-m+fp/hard\libc.a(lib_a-mprec.o)
                0x080085f4                __mcmp
 .text.__mdiff  0x08008630      0x138 c:/program files (x86)/gnu tools arm embedded/bin/../lib/gcc/arm-none-eabi/9.2.1/../../../../arm-none-eabi/lib/thumb/v7e-m+fp/hard\libc.a(lib_a-mprec.o)
                0x08008630                __mdiff
 .text.__d2b    0x08008768       0xbc c:/program files (x86)/gnu tools arm embedded/bin/../lib/gcc/arm-none-eabi/9.2.1/../../../../arm-none-eabi/lib/thumb/v7e-m+fp/hard\libc.a(lib_a-mprec.o)
                0x08008768                __d2b
 .text.frexp    0x08008824       0x6c c:/program files (x86)/gnu tools arm embedded/bin/../lib/gcc/arm-none-eabi/9.2.1/../../../../arm-none-eabi/lib/thumb/v7e-m+fp/hard\libc.a(lib_a-s_frexp.o)
                0x08008824                frexp
 .text._sbrk_r  0x08008890       0x24 c:/program files (x86)/gnu tools arm embedded/bin/../lib/gcc/arm-none-eabi/9.2.1/../../../../arm-none-eabi/lib/thumb/v7e-m+fp/hard\libc.a(lib_a-sbrkr.o)
                0x08008890                _sbrk_r
 .text.strncpy  0x080088b4       0x68 c:/program files (x86)/gnu tools arm embedded/bin/../lib/gcc/arm-none-eabi/9.2.1/../../../../arm-none-eabi/lib/thumb/v7e-m+fp/hard\libc.a(lib_a-strncpy.o)
                0x080088b4                strncpy
 .text.__ssprint_r
                0x0800891c       0xf8 c:/program files (x86)/gnu tools arm embedded/bin/../lib/gcc/arm-none-eabi/9.2.1/../../../../arm-none-eabi/lib/thumb/v7e-m+fp/hard\libc.a(lib_a-svfiprintf.o)
                0x0800891c                __ssprint_r
 .text.__register_exitproc
                0x08008a14       0x8c c:/program files (x86)/gnu tools arm embedded/bin/../lib/gcc/arm-none-eabi/9.2.1/../../../../arm-none-eabi/lib/thumb/v7e-m+fp/hard\libc.a(lib_a-__atexit.o)
                0x08008a14                __register_exitproc
 .text._calloc_r
                0x08008aa0       0x60 c:/program files (x86)/gnu tools arm embedded/bin/../lib/gcc/arm-none-eabi/9.2.1/../../../../arm-none-eabi/lib/thumb/v7e-m+fp/hard\libc.a(lib_a-callocr.o)
                0x08008aa0                _calloc_r
 .text.__ascii_mbtowc
                0x08008b00       0x2c c:/program files (x86)/gnu tools arm embedded/bin/../lib/gcc/arm-none-eabi/9.2.1/../../../../arm-none-eabi/lib/thumb/v7e-m+fp/hard\libc.a(lib_a-mbtowc_r.o)
                0x08008b00                __ascii_mbtowc
 .text.memmove  0x08008b2c       0xd8 c:/program files (x86)/gnu tools arm embedded/bin/../lib/gcc/arm-none-eabi/9.2.1/../../../../arm-none-eabi/lib/thumb/v7e-m+fp/hard\libc.a(lib_a-memmove.o)
                0x08008b2c                memmove
 .text._realloc_r
                0x08008c04      0x3e0 c:/program files (x86)/gnu tools arm embedded/bin/../lib/gcc/arm-none-eabi/9.2.1/../../../../arm-none-eabi/lib/thumb/v7e-m+fp/hard\libc.a(lib_a-reallocr.o)
                0x08008c04                _realloc_r
 .text.__ascii_wctomb
                0x08008fe4       0x1c c:/program files (x86)/gnu tools arm embedded/bin/../lib/gcc/arm-none-eabi/9.2.1/../../../../arm-none-eabi/lib/thumb/v7e-m+fp/hard\libc.a(lib_a-wctomb_r.o)
                0x08008fe4                __ascii_wctomb
 .text._sbrk    0x08009000       0x1c c:/program files (x86)/gnu tools arm embedded/bin/../lib/gcc/arm-none-eabi/9.2.1/../../../../arm-none-eabi/lib/thumb/v7e-m+fp/hard\libnosys.a(sbrk.o)
                0x08009000                _sbrk
 .text._exit    0x0800901c        0x4 c:/program files (x86)/gnu tools arm embedded/bin/../lib/gcc/arm-none-eabi/9.2.1/../../../../arm-none-eabi/lib/thumb/v7e-m+fp/hard\libnosys.a(_exit.o)
                0x0800901c                _exit
 .text          0x08009020      0x378 c:/program files (x86)/gnu tools arm embedded/bin/../lib/gcc/arm-none-eabi/9.2.1/thumb/v7e-m+fp/hard\libgcc.a(_arm_addsubdf3.o)
                0x08009020                __aeabi_drsub
                0x08009028                __aeabi_dsub
                0x08009028                __subdf3
                0x0800902c                __aeabi_dadd
                0x0800902c                __adddf3
                0x080092a4                __floatunsidf
                0x080092a4                __aeabi_ui2d
                0x080092c4                __floatsidf
                0x080092c4                __aeabi_i2d
                0x080092e8                __aeabi_f2d
                0x080092e8                __extendsfdf2
                0x0800932c                __floatundidf
                0x0800932c                __aeabi_ul2d
                0x0800933c                __floatdidf
                0x0800933c                __aeabi_l2d
 .text          0x08009398      0x424 c:/program files (x86)/gnu tools arm embedded/bin/../lib/gcc/arm-none-eabi/9.2.1/thumb/v7e-m+fp/hard\libgcc.a(_arm_muldivdf3.o)
                0x08009398                __aeabi_dmul
                0x08009398                __muldf3
                0x080095ec                __divdf3
                0x080095ec                __aeabi_ddiv
 .text          0x080097bc      0x110 c:/program files (x86)/gnu tools arm embedded/bin/../lib/gcc/arm-none-eabi/9.2.1/thumb/v7e-m+fp/hard\libgcc.a(_arm_cmpdf2.o)
                0x080097bc                __gtdf2
                0x080097bc                __gedf2
                0x080097c4                __ltdf2
                0x080097c4                __ledf2
                0x080097cc                __nedf2
                0x080097cc                __eqdf2
                0x080097cc                __cmpdf2
                0x08009848                __aeabi_cdrcmple
                0x08009858                __aeabi_cdcmpeq
                0x08009858                __aeabi_cdcmple
                0x08009868                __aeabi_dcmpeq
                0x0800987c                __aeabi_dcmplt
                0x08009890                __aeabi_dcmple
                0x080098a4                __aeabi_dcmpge
                0x080098b8                __aeabi_dcmpgt
 .text          0x080098cc       0x2c c:/program files (x86)/gnu tools arm embedded/bin/../lib/gcc/arm-none-eabi/9.2.1/thumb/v7e-m+fp/hard\libgcc.a(_arm_unorddf2.o)
                0x080098cc                __unorddf2
                0x080098cc                __aeabi_dcmpun
 .text          0x080098f8       0x50 c:/program files (x86)/gnu tools arm embedded/bin/../lib/gcc/arm-none-eabi/9.2.1/thumb/v7e-m+fp/hard\libgcc.a(_arm_fixdfsi.o)
                0x080098f8                __aeabi_d2iz
                0x080098f8                __fixdfsi
 .text          0x08009948       0x30 c:/program files (x86)/gnu tools arm embedded/bin/../lib/gcc/arm-none-eabi/9.2.1/thumb/v7e-m+fp/hard\libgcc.a(_aeabi_uldivmod.o)
                0x08009948                __aeabi_uldivmod
 .text          0x08009978      0x2c4 c:/program files (x86)/gnu tools arm embedded/bin/../lib/gcc/arm-none-eabi/9.2.1/thumb/v7e-m+fp/hard\libgcc.a(_udivmoddi4.o)
                0x08009978                __udivmoddi4
 .text          0x08009c3c        0x4 c:/program files (x86)/gnu tools arm embedded/bin/../lib/gcc/arm-none-eabi/9.2.1/thumb/v7e-m+fp/hard\libgcc.a(_dvmd_tls.o)
                0x08009c3c                __aeabi_idiv0
                0x08009c3c                __aeabi_ldiv0
 *(.init)
 .init          0x08009c40        0x4 c:/program files (x86)/gnu tools arm embedded/bin/../lib/gcc/arm-none-eabi/9.2.1/thumb/v7e-m+fp/hard/crti.o
                0x08009c40                _init
 .init          0x08009c44        0x8 c:/program files (x86)/gnu tools arm embedded/bin/../lib/gcc/arm-none-eabi/9.2.1/thumb/v7e-m+fp/hard/crtn.o
 *(.fini)
 .fini          0x08009c4c        0x4 c:/program files (x86)/gnu tools arm embedded/bin/../lib/gcc/arm-none-eabi/9.2.1/thumb/v7e-m+fp/hard/crti.o
                0x08009c4c                _fini
 .fini          0x08009c50        0x8 c:/program files (x86)/gnu tools arm embedded/bin/../lib/gcc/arm-none-eabi/9.2.1/thumb/v7e-m+fp/hard/crtn.o
 *crtbegin.o(.ctors)
 *crtbegin?.o(.ctors)
 *(EXCLUDE_FILE(*crtend.o *crtend?.o) .ctors)
 *(SORT_BY_NAME(.ctors.*))
 *(.ctors)
 *crtbegin.o(.dtors)
 *crtbegin?.o(.dtors)
 *(EXCLUDE_FILE(*crtend.o *crtend?.o) .dtors)
 *(SORT_BY_NAME(.dtors.*))
 *(.dtors)
 *(.rodata*)
 .rodata.PutValueAt.constprop.1.str1.4
                0x08009c58        0x5 obj/lab_eight_bit_code.o
 *fill*         0x08009c5d        0x3 
 .rodata.main.str1.4
                0x08009c60       0x5b obj/lab_eight_bit_code.o
 *fill*         0x08009cbb        0x1 
 .rodata.tests.6677
                0x08009cbc       0x50 obj/lab_eight_bit_code.o
 .rodata.DisplayHeader.str1.1
                0x08009d0c       0x27 library.a(initialize.o)
 .rodata.Font12_Table
                0x08009d33      0x474 library.a(stm32f429i_discovery_lcd.o)
                0x08009d33                Font12_Table
 .rodata.Font16_Table
                0x0800a1a7      0xbe0 library.a(stm32f429i_discovery_lcd.o)
                0x0800a1a7                Font16_Table
 .rodata.Font24_Table
                0x0800ad87     0x1ab8 library.a(stm32f429i_discovery_lcd.o)
                0x0800ad87                Font24_Table
 .rodata.APBAHBPrescTable
                0x0800c83f       0x10 library.a(stm32f4xx_hal_rcc.o)
                0x0800c83f                APBAHBPrescTable
 *fill*         0x0800c84f        0x1 
 .rodata._global_impure_ptr
                0x0800c850        0x4 c:/program files (x86)/gnu tools arm embedded/bin/../lib/gcc/arm-none-eabi/9.2.1/../../../../arm-none-eabi/lib/thumb/v7e-m+fp/hard\libc.a(lib_a-impure.o)
                0x0800c850                _global_impure_ptr
 .rodata._svfprintf_r.str1.4
                0x0800c854       0x42 c:/program files (x86)/gnu tools arm embedded/bin/../lib/gcc/arm-none-eabi/9.2.1/../../../../arm-none-eabi/lib/thumb/v7e-m+fp/hard\libc.a(lib_a-svfprintf.o)
 *fill*         0x0800c896        0x2 
 .rodata.blanks.8708
                0x0800c898       0x10 c:/program files (x86)/gnu tools arm embedded/bin/../lib/gcc/arm-none-eabi/9.2.1/../../../../arm-none-eabi/lib/thumb/v7e-m+fp/hard\libc.a(lib_a-svfprintf.o)
 .rodata.zeroes.8709
                0x0800c8a8       0x10 c:/program files (x86)/gnu tools arm embedded/bin/../lib/gcc/arm-none-eabi/9.2.1/../../../../arm-none-eabi/lib/thumb/v7e-m+fp/hard\libc.a(lib_a-svfprintf.o)
 .rodata._dtoa_r.str1.4
                0x0800c8b8        0xd c:/program files (x86)/gnu tools arm embedded/bin/../lib/gcc/arm-none-eabi/9.2.1/../../../../arm-none-eabi/lib/thumb/v7e-m+fp/hard\libc.a(lib_a-dtoa.o)
                                 0x12 (size before relaxing)
 *fill*         0x0800c8c5        0x3 
 .rodata.__mprec_bigtens
                0x0800c8c8       0x28 c:/program files (x86)/gnu tools arm embedded/bin/../lib/gcc/arm-none-eabi/9.2.1/../../../../arm-none-eabi/lib/thumb/v7e-m+fp/hard\libc.a(lib_a-mprec.o)
                0x0800c8c8                __mprec_bigtens
 .rodata.__mprec_tens
                0x0800c8f0       0xc8 c:/program files (x86)/gnu tools arm embedded/bin/../lib/gcc/arm-none-eabi/9.2.1/../../../../arm-none-eabi/lib/thumb/v7e-m+fp/hard\libc.a(lib_a-mprec.o)
                0x0800c8f0                __mprec_tens
 .rodata.p05.7478
                0x0800c9b8        0xc c:/program files (x86)/gnu tools arm embedded/bin/../lib/gcc/arm-none-eabi/9.2.1/../../../../arm-none-eabi/lib/thumb/v7e-m+fp/hard\libc.a(lib_a-mprec.o)
 .rodata._setlocale_r.str1.4
                0x0800c9c4        0xa c:/program files (x86)/gnu tools arm embedded/bin/../lib/gcc/arm-none-eabi/9.2.1/../../../../arm-none-eabi/lib/thumb/v7e-m+fp/hard\libc.a(lib_a-locale.o)
                                  0xd (size before relaxing)
 *fill*         0x0800c9ce        0x2 
 .rodata.str1.4
                0x0800c9d0        0x2 c:/program files (x86)/gnu tools arm embedded/bin/../lib/gcc/arm-none-eabi/9.2.1/../../../../arm-none-eabi/lib/thumb/v7e-m+fp/hard\libc.a(lib_a-locale.o)
 *fill*         0x0800c9d2        0x2 
 .rodata._ctype_
                0x0800c9d4      0x101 c:/program files (x86)/gnu tools arm embedded/bin/../lib/gcc/arm-none-eabi/9.2.1/../../../../arm-none-eabi/lib/thumb/v7e-m+fp/hard\libc.a(lib_a-ctype_.o)
                0x0800c9d4                _ctype_
 *(.eh_frame*)
 *fill*         0x0800cad5        0x3 
 .eh_frame      0x0800cad8        0x0 c:/program files (x86)/gnu tools arm embedded/bin/../lib/gcc/arm-none-eabi/9.2.1/thumb/v7e-m+fp/hard/crtbegin.o
 .eh_frame      0x0800cad8        0x4 c:/program files (x86)/gnu tools arm embedded/bin/../lib/gcc/arm-none-eabi/9.2.1/thumb/v7e-m+fp/hard/crtend.o

.glue_7         0x0800cadc        0x0
 .glue_7        0x0800cadc        0x0 linker stubs

.glue_7t        0x0800cadc        0x0
 .glue_7t       0x0800cadc        0x0 linker stubs

.vfp11_veneer   0x0800cadc        0x0
 .vfp11_veneer  0x0800cadc        0x0 linker stubs

.v4_bx          0x0800cadc        0x0
 .v4_bx         0x0800cadc        0x0 linker stubs

.iplt           0x0800cadc        0x0
 .iplt          0x0800cadc        0x0 c:/program files (x86)/gnu tools arm embedded/bin/../lib/gcc/arm-none-eabi/9.2.1/thumb/v7e-m+fp/hard/crtbegin.o

.ARM.extab
 *(.ARM.extab* .gnu.linkonce.armextab.*)
                0x0800cadc                __exidx_start = .

.ARM.exidx      0x0800cadc        0x8
 *(.ARM.exidx* .gnu.linkonce.armexidx.*)
 .ARM.exidx     0x0800cadc        0x8 c:/program files (x86)/gnu tools arm embedded/bin/../lib/gcc/arm-none-eabi/9.2.1/../../../../arm-none-eabi/lib/thumb/v7e-m+fp/hard/crt0.o
 .ARM.exidx     0x0800cae4        0x0 c:/program files (x86)/gnu tools arm embedded/bin/../lib/gcc/arm-none-eabi/9.2.1/thumb/v7e-m+fp/hard\libgcc.a(_udivmoddi4.o)
                                  0x8 (size before relaxing)
                0x0800cae4                __exidx_end = .
                0x0800cae4                __etext = .

.rel.dyn        0x0800cae4        0x0
 .rel.iplt      0x0800cae4        0x0 c:/program files (x86)/gnu tools arm embedded/bin/../lib/gcc/arm-none-eabi/9.2.1/thumb/v7e-m+fp/hard/crtbegin.o

.data           0x20000000      0xa20 load address 0x0800cae4
                0x20000000                __data_start__ = .
 *(vtable)
 *(.data*)
 .data.font     0x20000000        0x4 obj/lab_eight_bit_code.o
 .data.BUTTON_PORT
                0x20000004        0x4 library.a(stm32f429i_discovery.o)
                0x20000004                BUTTON_PORT
 .data.SpixTimeout
                0x20000008        0x4 library.a(stm32f429i_discovery.o)
                0x20000008                SpixTimeout
 .data.Font12   0x2000000c        0x8 library.a(stm32f429i_discovery_lcd.o)
                0x2000000c                Font12
 .data.Font16   0x20000014        0x8 library.a(stm32f429i_discovery_lcd.o)
                0x20000014                Font16
 .data.Font24   0x2000001c        0x8 library.a(stm32f429i_discovery_lcd.o)
                0x2000001c                Font24
 .data.SystemCoreClock
                0x20000024        0x4 library.a(system_stm32f4xx.o)
                0x20000024                SystemCoreClock
 .data.ili9341_drv
                0x20000028       0x38 library.a(ili9341.o)
                0x20000028                ili9341_drv
 .data._impure_ptr
                0x20000060        0x4 c:/program files (x86)/gnu tools arm embedded/bin/../lib/gcc/arm-none-eabi/9.2.1/../../../../arm-none-eabi/lib/thumb/v7e-m+fp/hard\libc.a(lib_a-impure.o)
                0x20000060                _impure_ptr
 *fill*         0x20000064        0x4 
 .data.impure_data
                0x20000068      0x428 c:/program files (x86)/gnu tools arm embedded/bin/../lib/gcc/arm-none-eabi/9.2.1/../../../../arm-none-eabi/lib/thumb/v7e-m+fp/hard\libc.a(lib_a-impure.o)
 .data.__atexit_recursive_mutex
                0x20000490        0x4 c:/program files (x86)/gnu tools arm embedded/bin/../lib/gcc/arm-none-eabi/9.2.1/../../../../arm-none-eabi/lib/thumb/v7e-m+fp/hard\libc.a(lib_a-__call_atexit.o)
                0x20000490                __atexit_recursive_mutex
 .data.__malloc_av_
                0x20000494      0x408 c:/program files (x86)/gnu tools arm embedded/bin/../lib/gcc/arm-none-eabi/9.2.1/../../../../arm-none-eabi/lib/thumb/v7e-m+fp/hard\libc.a(lib_a-mallocr.o)
                0x20000494                __malloc_av_
 .data.__malloc_sbrk_base
                0x2000089c        0x4 c:/program files (x86)/gnu tools arm embedded/bin/../lib/gcc/arm-none-eabi/9.2.1/../../../../arm-none-eabi/lib/thumb/v7e-m+fp/hard\libc.a(lib_a-mallocr.o)
                0x2000089c                __malloc_sbrk_base
 .data.__malloc_trim_threshold
                0x200008a0        0x4 c:/program files (x86)/gnu tools arm embedded/bin/../lib/gcc/arm-none-eabi/9.2.1/../../../../arm-none-eabi/lib/thumb/v7e-m+fp/hard\libc.a(lib_a-mallocr.o)
                0x200008a0                __malloc_trim_threshold
 .data.__global_locale
                0x200008a4      0x16c c:/program files (x86)/gnu tools arm embedded/bin/../lib/gcc/arm-none-eabi/9.2.1/../../../../arm-none-eabi/lib/thumb/v7e-m+fp/hard\libc.a(lib_a-locale.o)
                0x200008a4                __global_locale
                0x20000a10                . = ALIGN (0x4)
                0x20000a10                PROVIDE (__preinit_array_start = .)
 *(.preinit_array)
                0x20000a10                PROVIDE (__preinit_array_end = .)
                0x20000a10                . = ALIGN (0x4)
                0x20000a10                PROVIDE (__init_array_start = .)
 *(SORT_BY_NAME(.init_array.*))
 .init_array.00000
                0x20000a10        0x4 c:/program files (x86)/gnu tools arm embedded/bin/../lib/gcc/arm-none-eabi/9.2.1/../../../../arm-none-eabi/lib/thumb/v7e-m+fp/hard\libc.a(lib_a-__call_atexit.o)
 *(.init_array)
 .init_array    0x20000a14        0x4 c:/program files (x86)/gnu tools arm embedded/bin/../lib/gcc/arm-none-eabi/9.2.1/thumb/v7e-m+fp/hard/crtbegin.o
                0x20000a18                PROVIDE (__init_array_end = .)
                0x20000a18                . = ALIGN (0x8)
                0x20000a18                PROVIDE (__fini_array_start = .)
 *(SORT_BY_NAME(.fini_array.*))
 *(.fini_array)
 .fini_array    0x20000a18        0x4 c:/program files (x86)/gnu tools arm embedded/bin/../lib/gcc/arm-none-eabi/9.2.1/thumb/v7e-m+fp/hard/crtbegin.o
                0x20000a1c                PROVIDE (__fini_array_end = .)
                0x20000a20                . = ALIGN (0x8)
 *fill*         0x20000a1c        0x4 
                0x20000a20                __data_end__ = .

.igot.plt       0x20000a20        0x0 load address 0x0800d504
 .igot.plt      0x20000a20        0x0 c:/program files (x86)/gnu tools arm embedded/bin/../lib/gcc/arm-none-eabi/9.2.1/thumb/v7e-m+fp/hard/crtbegin.o

.bss            0x20000a20      0x8f8 load address 0x0800d504
                0x20000a20                __bss_start__ = .
 *(.bss*)
 .bss           0x20000a20       0x1c c:/program files (x86)/gnu tools arm embedded/bin/../lib/gcc/arm-none-eabi/9.2.1/thumb/v7e-m+fp/hard/crtbegin.o
 .bss.text.6708
                0x20000a3c       0x14 obj/lab_eight_bit_code.o
 .bss.buffer    0x20000a50      0x620 library.a(initialize.o)
 .bss.Is_LCD_IO_Initialized
                0x20001070        0x1 library.a(stm32f429i_discovery.o)
 *fill*         0x20001071        0x3 
 .bss.SpiHandle
                0x20001074       0x58 library.a(stm32f429i_discovery.o)
 .bss.ActiveLayer
                0x200010cc        0x4 library.a(stm32f429i_discovery_lcd.o)
 .bss.Dma2dHandler
                0x200010d0       0x40 library.a(stm32f429i_discovery_lcd.o)
 .bss.DrawProp  0x20001110       0x18 library.a(stm32f429i_discovery_lcd.o)
 .bss.LtdcHandler
                0x20001128       0xa8 library.a(stm32f429i_discovery_lcd.o)
 .bss.PeriphClkInitStruct
                0x200011d0       0x30 library.a(stm32f429i_discovery_lcd.o)
 .bss.Command   0x20001200       0x10 library.a(stm32f429i_discovery_sdram.o)
 .bss.SdramHandle
                0x20001210       0x34 library.a(stm32f429i_discovery_sdram.o)
 .bss.Timing    0x20001244       0x1c library.a(stm32f429i_discovery_sdram.o)
 .bss.dmaHandle.11858
                0x20001260       0x50 library.a(stm32f429i_discovery_sdram.o)
 .bss.uwTick    0x200012b0        0x4 library.a(stm32f4xx_hal.o)
 .bss.__malloc_current_mallinfo
                0x200012b4       0x28 c:/program files (x86)/gnu tools arm embedded/bin/../lib/gcc/arm-none-eabi/9.2.1/../../../../arm-none-eabi/lib/thumb/v7e-m+fp/hard\libc.a(lib_a-mallocr.o)
                0x200012b4                __malloc_current_mallinfo
 .bss.__malloc_max_sbrked_mem
                0x200012dc        0x4 c:/program files (x86)/gnu tools arm embedded/bin/../lib/gcc/arm-none-eabi/9.2.1/../../../../arm-none-eabi/lib/thumb/v7e-m+fp/hard\libc.a(lib_a-mallocr.o)
                0x200012dc                __malloc_max_sbrked_mem
 .bss.__malloc_max_total_mem
                0x200012e0        0x4 c:/program files (x86)/gnu tools arm embedded/bin/../lib/gcc/arm-none-eabi/9.2.1/../../../../arm-none-eabi/lib/thumb/v7e-m+fp/hard\libc.a(lib_a-mallocr.o)
                0x200012e0                __malloc_max_total_mem
 .bss.__malloc_top_pad
                0x200012e4        0x4 c:/program files (x86)/gnu tools arm embedded/bin/../lib/gcc/arm-none-eabi/9.2.1/../../../../arm-none-eabi/lib/thumb/v7e-m+fp/hard\libc.a(lib_a-mallocr.o)
                0x200012e4                __malloc_top_pad
 .bss.heap_end.5507
                0x200012e8        0x4 c:/program files (x86)/gnu tools arm embedded/bin/../lib/gcc/arm-none-eabi/9.2.1/../../../../arm-none-eabi/lib/thumb/v7e-m+fp/hard\libnosys.a(sbrk.o)
 *(COMMON)
 COMMON         0x200012ec        0x4 library.a(stm32f429i_discovery_lcd.o)
                0x200012ec                LcdDrv
 COMMON         0x200012f0       0x21 c:/program files (x86)/gnu tools arm embedded/bin/../lib/gcc/arm-none-eabi/9.2.1/../../../../arm-none-eabi/lib/thumb/v7e-m+fp/hard\libc.a(lib_a-lock.o)
                0x200012f0                __lock___atexit_recursive_mutex
                0x200012f4                __lock___arc4random_mutex
                0x200012f8                __lock___env_recursive_mutex
                0x200012fc                __lock___sinit_recursive_mutex
                0x20001300                __lock___malloc_recursive_mutex
                0x20001304                __lock___at_quick_exit_mutex
                0x20001308                __lock___dd_hash_mutex
                0x2000130c                __lock___tz_mutex
                0x20001310                __lock___sfp_recursive_mutex
 *fill*         0x20001311        0x3 
 COMMON         0x20001314        0x4 c:/program files (x86)/gnu tools arm embedded/bin/../lib/gcc/arm-none-eabi/9.2.1/../../../../arm-none-eabi/lib/thumb/v7e-m+fp/hard\libc.a(lib_a-reent.o)
                0x20001314                errno
                0x20001318                __bss_end__ = .

.ccm            0x10000000        0x0
                0x10000000                . = ALIGN (0x4)
                0x10000000                __ccm_start__ = .
 *(.ccm*)
                0x10000000                . = ALIGN (0x4)
                0x10000000                __ccm_end__ = .

.heap           0x10000000      0xc00
                0x10000000                __end__ = .
                0x10000000                end = __end__
 *(.heap*)
 .heap          0x10000000      0xc00 library.a(startup_stm32f429xx.o)
                0x10000000                __HeapBase
                0x10000c00                __HeapLimit = .

.stack_dummy    0x10000000     0x1000
 *(.stack)
 .stack         0x10000000     0x1000 library.a(startup_stm32f429xx.o)
                0x10010000                __StackTop = (ORIGIN (CCM) + LENGTH (CCM))
                0x1000f000                __StackLimit = (__StackTop - SIZEOF (.stack_dummy))
                0x10010000                PROVIDE (__stack = __StackTop)
                0x00000001                ASSERT ((__StackLimit >= __HeapLimit), region CCM overflowed with stack)
OUTPUT(output.elf elf32-littlearm)

.ARM.attributes
                0x00000000       0x30
 .ARM.attributes
                0x00000000       0x1e c:/program files (x86)/gnu tools arm embedded/bin/../lib/gcc/arm-none-eabi/9.2.1/thumb/v7e-m+fp/hard/crti.o
 .ARM.attributes
                0x0000001e       0x34 c:/program files (x86)/gnu tools arm embedded/bin/../lib/gcc/arm-none-eabi/9.2.1/thumb/v7e-m+fp/hard/crtbegin.o
 .ARM.attributes
                0x00000052       0x1c c:/program files (x86)/gnu tools arm embedded/bin/../lib/gcc/arm-none-eabi/9.2.1/../../../../arm-none-eabi/lib/thumb/v7e-m+fp/hard/crt0.o
 .ARM.attributes
                0x0000006e       0x34 obj/lab_eight_bit_code.o
 .ARM.attributes
                0x000000a2       0x25 obj/lab_functions_src.o
 .ARM.attributes
                0x000000c7       0x39 library.a(initialize.o)
 .ARM.attributes
                0x00000100       0x39 library.a(stm32f429i_discovery.o)
 .ARM.attributes
                0x00000139       0x39 library.a(stm32f429i_discovery_lcd.o)
 .ARM.attributes
                0x00000172       0x39 library.a(stm32f429i_discovery_sdram.o)
 .ARM.attributes
                0x000001ab       0x39 library.a(stm32f4xx_hal.o)
 .ARM.attributes
                0x000001e4       0x39 library.a(stm32f4xx_hal_cortex.o)
 .ARM.attributes
                0x0000021d       0x39 library.a(stm32f4xx_hal_dma.o)
 .ARM.attributes
                0x00000256       0x39 library.a(stm32f4xx_hal_dma2d.o)
 .ARM.attributes
                0x0000028f       0x39 library.a(stm32f4xx_hal_gpio.o)
 .ARM.attributes
                0x000002c8       0x39 library.a(stm32f4xx_hal_ltdc.o)
 .ARM.attributes
                0x00000301       0x39 library.a(stm32f4xx_hal_rcc.o)
 .ARM.attributes
                0x0000033a       0x39 library.a(stm32f4xx_hal_rcc_ex.o)
 .ARM.attributes
                0x00000373       0x39 library.a(stm32f4xx_hal_sdram.o)
 .ARM.attributes
                0x000003ac       0x39 library.a(stm32f4xx_hal_spi.o)
 .ARM.attributes
                0x000003e5       0x39 library.a(stm32f4xx_it.o)
 .ARM.attributes
                0x0000041e       0x39 library.a(stm32f4xx_ll_fmc.o)
 .ARM.attributes
                0x00000457       0x39 library.a(system_stm32f4xx.o)
 .ARM.attributes
                0x00000490       0x1f library.a(startup_stm32f429xx.o)
 .ARM.attributes
                0x000004af       0x39 library.a(ili9341.o)
 .ARM.attributes
                0x000004e8       0x34 c:/program files (x86)/gnu tools arm embedded/bin/../lib/gcc/arm-none-eabi/9.2.1/../../../../arm-none-eabi/lib/thumb/v7e-m+fp/hard\libc.a(lib_a-exit.o)
 .ARM.attributes
                0x0000051c       0x32 c:/program files (x86)/gnu tools arm embedded/bin/../lib/gcc/arm-none-eabi/9.2.1/../../../../arm-none-eabi/lib/thumb/v7e-m+fp/hard\libc.a(lib_a-impure.o)
 .ARM.attributes
                0x0000054e       0x34 c:/program files (x86)/gnu tools arm embedded/bin/../lib/gcc/arm-none-eabi/9.2.1/../../../../arm-none-eabi/lib/thumb/v7e-m+fp/hard\libc.a(lib_a-init.o)
 .ARM.attributes
                0x00000582       0x34 c:/program files (x86)/gnu tools arm embedded/bin/../lib/gcc/arm-none-eabi/9.2.1/../../../../arm-none-eabi/lib/thumb/v7e-m+fp/hard\libc.a(lib_a-memset.o)
 .ARM.attributes
                0x000005b6       0x34 c:/program files (x86)/gnu tools arm embedded/bin/../lib/gcc/arm-none-eabi/9.2.1/../../../../arm-none-eabi/lib/thumb/v7e-m+fp/hard\libc.a(lib_a-sprintf.o)
 .ARM.attributes
                0x000005ea       0x1c c:/program files (x86)/gnu tools arm embedded/bin/../lib/gcc/arm-none-eabi/9.2.1/../../../../arm-none-eabi/lib/thumb/v7e-m+fp/hard\libc.a(lib_a-strlen.o)
 .ARM.attributes
                0x00000606       0x34 c:/program files (x86)/gnu tools arm embedded/bin/../lib/gcc/arm-none-eabi/9.2.1/../../../../arm-none-eabi/lib/thumb/v7e-m+fp/hard\libc.a(lib_a-svfprintf.o)
 .ARM.attributes
                0x0000063a       0x34 c:/program files (x86)/gnu tools arm embedded/bin/../lib/gcc/arm-none-eabi/9.2.1/../../../../arm-none-eabi/lib/thumb/v7e-m+fp/hard\libc.a(lib_a-vsprintf.o)
 .ARM.attributes
                0x0000066e       0x34 c:/program files (x86)/gnu tools arm embedded/bin/../lib/gcc/arm-none-eabi/9.2.1/../../../../arm-none-eabi/lib/thumb/v7e-m+fp/hard\libc.a(lib_a-__call_atexit.o)
 .ARM.attributes
                0x000006a2       0x34 c:/program files (x86)/gnu tools arm embedded/bin/../lib/gcc/arm-none-eabi/9.2.1/../../../../arm-none-eabi/lib/thumb/v7e-m+fp/hard\libc.a(lib_a-atexit.o)
 .ARM.attributes
                0x000006d6       0x34 c:/program files (x86)/gnu tools arm embedded/bin/../lib/gcc/arm-none-eabi/9.2.1/../../../../arm-none-eabi/lib/thumb/v7e-m+fp/hard\libc.a(lib_a-dtoa.o)
 .ARM.attributes
                0x0000070a       0x34 c:/program files (x86)/gnu tools arm embedded/bin/../lib/gcc/arm-none-eabi/9.2.1/../../../../arm-none-eabi/lib/thumb/v7e-m+fp/hard\libc.a(lib_a-fini.o)
 .ARM.attributes
                0x0000073e       0x34 c:/program files (x86)/gnu tools arm embedded/bin/../lib/gcc/arm-none-eabi/9.2.1/../../../../arm-none-eabi/lib/thumb/v7e-m+fp/hard\libc.a(lib_a-freer.o)
 .ARM.attributes
                0x00000772       0x34 c:/program files (x86)/gnu tools arm embedded/bin/../lib/gcc/arm-none-eabi/9.2.1/../../../../arm-none-eabi/lib/thumb/v7e-m+fp/hard\libc.a(lib_a-localeconv.o)
 .ARM.attributes
                0x000007a6       0x34 c:/program files (x86)/gnu tools arm embedded/bin/../lib/gcc/arm-none-eabi/9.2.1/../../../../arm-none-eabi/lib/thumb/v7e-m+fp/hard\libc.a(lib_a-lock.o)
 .ARM.attributes
                0x000007da       0x34 c:/program files (x86)/gnu tools arm embedded/bin/../lib/gcc/arm-none-eabi/9.2.1/../../../../arm-none-eabi/lib/thumb/v7e-m+fp/hard\libc.a(lib_a-mallocr.o)
 .ARM.attributes
                0x0000080e       0x1c c:/program files (x86)/gnu tools arm embedded/bin/../lib/gcc/arm-none-eabi/9.2.1/../../../../arm-none-eabi/lib/thumb/v7e-m+fp/hard\libc.a(lib_a-memchr.o)
 .ARM.attributes
                0x0000082a       0x1c c:/program files (x86)/gnu tools arm embedded/bin/../lib/gcc/arm-none-eabi/9.2.1/../../../../arm-none-eabi/lib/thumb/v7e-m+fp/hard\libc.a(lib_a-memcpy.o)
 .ARM.attributes
                0x00000846       0x34 c:/program files (x86)/gnu tools arm embedded/bin/../lib/gcc/arm-none-eabi/9.2.1/../../../../arm-none-eabi/lib/thumb/v7e-m+fp/hard\libc.a(lib_a-mlock.o)
 .ARM.attributes
                0x0000087a       0x34 c:/program files (x86)/gnu tools arm embedded/bin/../lib/gcc/arm-none-eabi/9.2.1/../../../../arm-none-eabi/lib/thumb/v7e-m+fp/hard\libc.a(lib_a-mprec.o)
 .ARM.attributes
                0x000008ae       0x34 c:/program files (x86)/gnu tools arm embedded/bin/../lib/gcc/arm-none-eabi/9.2.1/../../../../arm-none-eabi/lib/thumb/v7e-m+fp/hard\libc.a(lib_a-s_frexp.o)
 .ARM.attributes
                0x000008e2       0x34 c:/program files (x86)/gnu tools arm embedded/bin/../lib/gcc/arm-none-eabi/9.2.1/../../../../arm-none-eabi/lib/thumb/v7e-m+fp/hard\libc.a(lib_a-sbrkr.o)
 .ARM.attributes
                0x00000916       0x34 c:/program files (x86)/gnu tools arm embedded/bin/../lib/gcc/arm-none-eabi/9.2.1/../../../../arm-none-eabi/lib/thumb/v7e-m+fp/hard\libc.a(lib_a-strncpy.o)
 .ARM.attributes
                0x0000094a       0x34 c:/program files (x86)/gnu tools arm embedded/bin/../lib/gcc/arm-none-eabi/9.2.1/../../../../arm-none-eabi/lib/thumb/v7e-m+fp/hard\libc.a(lib_a-svfiprintf.o)
 .ARM.attributes
                0x0000097e       0x34 c:/program files (x86)/gnu tools arm embedded/bin/../lib/gcc/arm-none-eabi/9.2.1/../../../../arm-none-eabi/lib/thumb/v7e-m+fp/hard\libc.a(lib_a-__atexit.o)
 .ARM.attributes
                0x000009b2       0x34 c:/program files (x86)/gnu tools arm embedded/bin/../lib/gcc/arm-none-eabi/9.2.1/../../../../arm-none-eabi/lib/thumb/v7e-m+fp/hard\libc.a(lib_a-callocr.o)
 .ARM.attributes
                0x000009e6       0x34 c:/program files (x86)/gnu tools arm embedded/bin/../lib/gcc/arm-none-eabi/9.2.1/../../../../arm-none-eabi/lib/thumb/v7e-m+fp/hard\libc.a(lib_a-locale.o)
 .ARM.attributes
                0x00000a1a       0x34 c:/program files (x86)/gnu tools arm embedded/bin/../lib/gcc/arm-none-eabi/9.2.1/../../../../arm-none-eabi/lib/thumb/v7e-m+fp/hard\libc.a(lib_a-mbtowc_r.o)
 .ARM.attributes
                0x00000a4e       0x34 c:/program files (x86)/gnu tools arm embedded/bin/../lib/gcc/arm-none-eabi/9.2.1/../../../../arm-none-eabi/lib/thumb/v7e-m+fp/hard\libc.a(lib_a-memmove.o)
 .ARM.attributes
                0x00000a82       0x34 c:/program files (x86)/gnu tools arm embedded/bin/../lib/gcc/arm-none-eabi/9.2.1/../../../../arm-none-eabi/lib/thumb/v7e-m+fp/hard\libc.a(lib_a-reallocr.o)
 .ARM.attributes
                0x00000ab6       0x34 c:/program files (x86)/gnu tools arm embedded/bin/../lib/gcc/arm-none-eabi/9.2.1/../../../../arm-none-eabi/lib/thumb/v7e-m+fp/hard\libc.a(lib_a-reent.o)
 .ARM.attributes
                0x00000aea       0x34 c:/program files (x86)/gnu tools arm embedded/bin/../lib/gcc/arm-none-eabi/9.2.1/../../../../arm-none-eabi/lib/thumb/v7e-m+fp/hard\libc.a(lib_a-wctomb_r.o)
 .ARM.attributes
                0x00000b1e       0x32 c:/program files (x86)/gnu tools arm embedded/bin/../lib/gcc/arm-none-eabi/9.2.1/../../../../arm-none-eabi/lib/thumb/v7e-m+fp/hard\libc.a(lib_a-ctype_.o)
 .ARM.attributes
                0x00000b50       0x34 c:/program files (x86)/gnu tools arm embedded/bin/../lib/gcc/arm-none-eabi/9.2.1/../../../../arm-none-eabi/lib/thumb/v7e-m+fp/hard\libnosys.a(sbrk.o)
 .ARM.attributes
                0x00000b84       0x34 c:/program files (x86)/gnu tools arm embedded/bin/../lib/gcc/arm-none-eabi/9.2.1/../../../../arm-none-eabi/lib/thumb/v7e-m+fp/hard\libnosys.a(_exit.o)
 .ARM.attributes
                0x00000bb8       0x1e c:/program files (x86)/gnu tools arm embedded/bin/../lib/gcc/arm-none-eabi/9.2.1/thumb/v7e-m+fp/hard\libgcc.a(_arm_addsubdf3.o)
 .ARM.attributes
                0x00000bd6       0x1e c:/program files (x86)/gnu tools arm embedded/bin/../lib/gcc/arm-none-eabi/9.2.1/thumb/v7e-m+fp/hard\libgcc.a(_arm_muldivdf3.o)
 .ARM.attributes
                0x00000bf4       0x1e c:/program files (x86)/gnu tools arm embedded/bin/../lib/gcc/arm-none-eabi/9.2.1/thumb/v7e-m+fp/hard\libgcc.a(_arm_cmpdf2.o)
 .ARM.attributes
                0x00000c12       0x1e c:/program files (x86)/gnu tools arm embedded/bin/../lib/gcc/arm-none-eabi/9.2.1/thumb/v7e-m+fp/hard\libgcc.a(_arm_unorddf2.o)
 .ARM.attributes
                0x00000c30       0x1e c:/program files (x86)/gnu tools arm embedded/bin/../lib/gcc/arm-none-eabi/9.2.1/thumb/v7e-m+fp/hard\libgcc.a(_arm_fixdfsi.o)
 .ARM.attributes
                0x00000c4e       0x1e c:/program files (x86)/gnu tools arm embedded/bin/../lib/gcc/arm-none-eabi/9.2.1/thumb/v7e-m+fp/hard\libgcc.a(_aeabi_uldivmod.o)
 .ARM.attributes
                0x00000c6c       0x34 c:/program files (x86)/gnu tools arm embedded/bin/../lib/gcc/arm-none-eabi/9.2.1/thumb/v7e-m+fp/hard\libgcc.a(_udivmoddi4.o)
 .ARM.attributes
                0x00000ca0       0x1e c:/program files (x86)/gnu tools arm embedded/bin/../lib/gcc/arm-none-eabi/9.2.1/thumb/v7e-m+fp/hard\libgcc.a(_dvmd_tls.o)
 .ARM.attributes
                0x00000cbe       0x32 c:/program files (x86)/gnu tools arm embedded/bin/../lib/gcc/arm-none-eabi/9.2.1/thumb/v7e-m+fp/hard/crtend.o
 .ARM.attributes
                0x00000cf0       0x1e c:/program files (x86)/gnu tools arm embedded/bin/../lib/gcc/arm-none-eabi/9.2.1/thumb/v7e-m+fp/hard/crtn.o

.comment        0x00000000      0x176
 .comment       0x00000000       0x79 obj/lab_eight_bit_code.o
                                 0x7a (size before relaxing)
 .comment       0x00000079       0x7e library.a(initialize.o)
                                 0x7f (size before relaxing)
 .comment       0x000000f7       0x7f library.a(stm32f429i_discovery.o)
                                 0x80 (size before relaxing)
 .comment       0x00000176       0x80 library.a(stm32f429i_discovery_lcd.o)
 .comment       0x00000176       0x80 library.a(stm32f429i_discovery_sdram.o)
 .comment       0x00000176       0x80 library.a(stm32f4xx_hal.o)
 .comment       0x00000176       0x80 library.a(stm32f4xx_hal_cortex.o)
 .comment       0x00000176       0x80 library.a(stm32f4xx_hal_dma.o)
 .comment       0x00000176       0x80 library.a(stm32f4xx_hal_dma2d.o)
 .comment       0x00000176       0x80 library.a(stm32f4xx_hal_gpio.o)
 .comment       0x00000176       0x80 library.a(stm32f4xx_hal_ltdc.o)
 .comment       0x00000176       0x80 library.a(stm32f4xx_hal_rcc.o)
 .comment       0x00000176       0x80 library.a(stm32f4xx_hal_rcc_ex.o)
 .comment       0x00000176       0x80 library.a(stm32f4xx_hal_sdram.o)
 .comment       0x00000176       0x80 library.a(stm32f4xx_hal_spi.o)
 .comment       0x00000176       0x80 library.a(stm32f4xx_it.o)
 .comment       0x00000176       0x80 library.a(stm32f4xx_ll_fmc.o)
 .comment       0x00000176       0x80 library.a(system_stm32f4xx.o)
 .comment       0x00000176       0x80 library.a(ili9341.o)

.debug_frame    0x00000000      0xd88
 .debug_frame   0x00000000       0x28 c:/program files (x86)/gnu tools arm embedded/bin/../lib/gcc/arm-none-eabi/9.2.1/../../../../arm-none-eabi/lib/thumb/v7e-m+fp/hard\libc.a(lib_a-exit.o)
 .debug_frame   0x00000028       0x2c c:/program files (x86)/gnu tools arm embedded/bin/../lib/gcc/arm-none-eabi/9.2.1/../../../../arm-none-eabi/lib/thumb/v7e-m+fp/hard\libc.a(lib_a-init.o)
 .debug_frame   0x00000054       0x38 c:/program files (x86)/gnu tools arm embedded/bin/../lib/gcc/arm-none-eabi/9.2.1/../../../../arm-none-eabi/lib/thumb/v7e-m+fp/hard\libc.a(lib_a-memset.o)
 .debug_frame   0x0000008c       0x7c c:/program files (x86)/gnu tools arm embedded/bin/../lib/gcc/arm-none-eabi/9.2.1/../../../../arm-none-eabi/lib/thumb/v7e-m+fp/hard\libc.a(lib_a-sprintf.o)
 .debug_frame   0x00000108       0x68 c:/program files (x86)/gnu tools arm embedded/bin/../lib/gcc/arm-none-eabi/9.2.1/../../../../arm-none-eabi/lib/thumb/v7e-m+fp/hard\libc.a(lib_a-svfprintf.o)
 .debug_frame   0x00000170       0x4c c:/program files (x86)/gnu tools arm embedded/bin/../lib/gcc/arm-none-eabi/9.2.1/../../../../arm-none-eabi/lib/thumb/v7e-m+fp/hard\libc.a(lib_a-vsprintf.o)
 .debug_frame   0x000001bc       0x68 c:/program files (x86)/gnu tools arm embedded/bin/../lib/gcc/arm-none-eabi/9.2.1/../../../../arm-none-eabi/lib/thumb/v7e-m+fp/hard\libc.a(lib_a-__call_atexit.o)
 .debug_frame   0x00000224       0x20 c:/program files (x86)/gnu tools arm embedded/bin/../lib/gcc/arm-none-eabi/9.2.1/../../../../arm-none-eabi/lib/thumb/v7e-m+fp/hard\libc.a(lib_a-atexit.o)
 .debug_frame   0x00000244       0xc4 c:/program files (x86)/gnu tools arm embedded/bin/../lib/gcc/arm-none-eabi/9.2.1/../../../../arm-none-eabi/lib/thumb/v7e-m+fp/hard\libc.a(lib_a-dtoa.o)
 .debug_frame   0x00000308       0x34 c:/program files (x86)/gnu tools arm embedded/bin/../lib/gcc/arm-none-eabi/9.2.1/../../../../arm-none-eabi/lib/thumb/v7e-m+fp/hard\libc.a(lib_a-fini.o)
 .debug_frame   0x0000033c       0x8c c:/program files (x86)/gnu tools arm embedded/bin/../lib/gcc/arm-none-eabi/9.2.1/../../../../arm-none-eabi/lib/thumb/v7e-m+fp/hard\libc.a(lib_a-freer.o)
 .debug_frame   0x000003c8       0x40 c:/program files (x86)/gnu tools arm embedded/bin/../lib/gcc/arm-none-eabi/9.2.1/../../../../arm-none-eabi/lib/thumb/v7e-m+fp/hard\libc.a(lib_a-localeconv.o)
 .debug_frame   0x00000408       0xb0 c:/program files (x86)/gnu tools arm embedded/bin/../lib/gcc/arm-none-eabi/9.2.1/../../../../arm-none-eabi/lib/thumb/v7e-m+fp/hard\libc.a(lib_a-lock.o)
 .debug_frame   0x000004b8       0x4c c:/program files (x86)/gnu tools arm embedded/bin/../lib/gcc/arm-none-eabi/9.2.1/../../../../arm-none-eabi/lib/thumb/v7e-m+fp/hard\libc.a(lib_a-mallocr.o)
 .debug_frame   0x00000504       0x30 c:/program files (x86)/gnu tools arm embedded/bin/../lib/gcc/arm-none-eabi/9.2.1/../../../../arm-none-eabi/lib/thumb/v7e-m+fp/hard\libc.a(lib_a-mlock.o)
 .debug_frame   0x00000534      0x278 c:/program files (x86)/gnu tools arm embedded/bin/../lib/gcc/arm-none-eabi/9.2.1/../../../../arm-none-eabi/lib/thumb/v7e-m+fp/hard\libc.a(lib_a-mprec.o)
 .debug_frame   0x000007ac       0x2c c:/program files (x86)/gnu tools arm embedded/bin/../lib/gcc/arm-none-eabi/9.2.1/../../../../arm-none-eabi/lib/thumb/v7e-m+fp/hard\libc.a(lib_a-s_frexp.o)
 .debug_frame   0x000007d8       0x2c c:/program files (x86)/gnu tools arm embedded/bin/../lib/gcc/arm-none-eabi/9.2.1/../../../../arm-none-eabi/lib/thumb/v7e-m+fp/hard\libc.a(lib_a-sbrkr.o)
 .debug_frame   0x00000804       0x38 c:/program files (x86)/gnu tools arm embedded/bin/../lib/gcc/arm-none-eabi/9.2.1/../../../../arm-none-eabi/lib/thumb/v7e-m+fp/hard\libc.a(lib_a-strncpy.o)
 .debug_frame   0x0000083c       0x88 c:/program files (x86)/gnu tools arm embedded/bin/../lib/gcc/arm-none-eabi/9.2.1/../../../../arm-none-eabi/lib/thumb/v7e-m+fp/hard\libc.a(lib_a-svfiprintf.o)
 .debug_frame   0x000008c4       0x34 c:/program files (x86)/gnu tools arm embedded/bin/../lib/gcc/arm-none-eabi/9.2.1/../../../../arm-none-eabi/lib/thumb/v7e-m+fp/hard\libc.a(lib_a-__atexit.o)
 .debug_frame   0x000008f8       0x28 c:/program files (x86)/gnu tools arm embedded/bin/../lib/gcc/arm-none-eabi/9.2.1/../../../../arm-none-eabi/lib/thumb/v7e-m+fp/hard\libc.a(lib_a-callocr.o)
 .debug_frame   0x00000920       0x54 c:/program files (x86)/gnu tools arm embedded/bin/../lib/gcc/arm-none-eabi/9.2.1/../../../../arm-none-eabi/lib/thumb/v7e-m+fp/hard\libc.a(lib_a-locale.o)
 .debug_frame   0x00000974       0x4c c:/program files (x86)/gnu tools arm embedded/bin/../lib/gcc/arm-none-eabi/9.2.1/../../../../arm-none-eabi/lib/thumb/v7e-m+fp/hard\libc.a(lib_a-mbtowc_r.o)
 .debug_frame   0x000009c0       0x40 c:/program files (x86)/gnu tools arm embedded/bin/../lib/gcc/arm-none-eabi/9.2.1/../../../../arm-none-eabi/lib/thumb/v7e-m+fp/hard\libc.a(lib_a-memmove.o)
 .debug_frame   0x00000a00       0x48 c:/program files (x86)/gnu tools arm embedded/bin/../lib/gcc/arm-none-eabi/9.2.1/../../../../arm-none-eabi/lib/thumb/v7e-m+fp/hard\libc.a(lib_a-reallocr.o)
 .debug_frame   0x00000a48       0x60 c:/program files (x86)/gnu tools arm embedded/bin/../lib/gcc/arm-none-eabi/9.2.1/../../../../arm-none-eabi/lib/thumb/v7e-m+fp/hard\libc.a(lib_a-reent.o)
 .debug_frame   0x00000aa8       0x3c c:/program files (x86)/gnu tools arm embedded/bin/../lib/gcc/arm-none-eabi/9.2.1/../../../../arm-none-eabi/lib/thumb/v7e-m+fp/hard\libc.a(lib_a-wctomb_r.o)
 .debug_frame   0x00000ae4       0x20 c:/program files (x86)/gnu tools arm embedded/bin/../lib/gcc/arm-none-eabi/9.2.1/../../../../arm-none-eabi/lib/thumb/v7e-m+fp/hard\libnosys.a(sbrk.o)
 .debug_frame   0x00000b04       0x20 c:/program files (x86)/gnu tools arm embedded/bin/../lib/gcc/arm-none-eabi/9.2.1/../../../../arm-none-eabi/lib/thumb/v7e-m+fp/hard\libnosys.a(_exit.o)
 .debug_frame   0x00000b24       0xac c:/program files (x86)/gnu tools arm embedded/bin/../lib/gcc/arm-none-eabi/9.2.1/thumb/v7e-m+fp/hard\libgcc.a(_arm_addsubdf3.o)
 .debug_frame   0x00000bd0       0x50 c:/program files (x86)/gnu tools arm embedded/bin/../lib/gcc/arm-none-eabi/9.2.1/thumb/v7e-m+fp/hard\libgcc.a(_arm_muldivdf3.o)
 .debug_frame   0x00000c20       0xc4 c:/program files (x86)/gnu tools arm embedded/bin/../lib/gcc/arm-none-eabi/9.2.1/thumb/v7e-m+fp/hard\libgcc.a(_arm_cmpdf2.o)
 .debug_frame   0x00000ce4       0x20 c:/program files (x86)/gnu tools arm embedded/bin/../lib/gcc/arm-none-eabi/9.2.1/thumb/v7e-m+fp/hard\libgcc.a(_arm_unorddf2.o)
 .debug_frame   0x00000d04       0x24 c:/program files (x86)/gnu tools arm embedded/bin/../lib/gcc/arm-none-eabi/9.2.1/thumb/v7e-m+fp/hard\libgcc.a(_arm_fixdfsi.o)
 .debug_frame   0x00000d28       0x2c c:/program files (x86)/gnu tools arm embedded/bin/../lib/gcc/arm-none-eabi/9.2.1/thumb/v7e-m+fp/hard\libgcc.a(_aeabi_uldivmod.o)
 .debug_frame   0x00000d54       0x34 c:/program files (x86)/gnu tools arm embedded/bin/../lib/gcc/arm-none-eabi/9.2.1/thumb/v7e-m+fp/hard\libgcc.a(_udivmoddi4.o)

.stabstr        0x00000000      0x117
 .stabstr       0x00000000      0x117 c:/program files (x86)/gnu tools arm embedded/bin/../lib/gcc/arm-none-eabi/9.2.1/../../../../arm-none-eabi/lib/thumb/v7e-m+fp/hard\libnosys.a(close.o)
