Archive member included to satisfy reference by file (symbol)

library.a(initialize.o)       obj/lab_linear_interpolation.o (InitializeHardware)
library.a(stm32f429i_discovery.o)
                              library.a(initialize.o) (BSP_PB_Init)
library.a(stm32f429i_discovery_lcd.o)
                              library.a(initialize.o) (BSP_LCD_Init)
library.a(stm32f429i_discovery_sdram.o)
                              library.a(stm32f429i_discovery_lcd.o) (BSP_SDRAM_Init)
library.a(stm32f4xx_hal.o)    library.a(initialize.o) (HAL_Init)
library.a(stm32f4xx_hal_cortex.o)
                              library.a(stm32f4xx_hal.o) (HAL_NVIC_SetPriorityGrouping)
library.a(stm32f4xx_hal_dma.o)
                              library.a(stm32f429i_discovery_sdram.o) (HAL_DMA_Init)
library.a(stm32f4xx_hal_dma2d.o)
                              library.a(stm32f429i_discovery_lcd.o) (HAL_DMA2D_Init)
library.a(stm32f4xx_hal_gpio.o)
                              library.a(stm32f429i_discovery.o) (HAL_GPIO_Init)
library.a(stm32f4xx_hal_i2c.o)
                              library.a(stm32f429i_discovery.o) (HAL_I2C_Init)
library.a(stm32f4xx_hal_ltdc.o)
                              library.a(stm32f429i_discovery_lcd.o) (HAL_LTDC_Init)
library.a(stm32f4xx_hal_rcc.o)
                              library.a(initialize.o) (HAL_RCC_OscConfig)
library.a(stm32f4xx_hal_rcc_ex.o)
                              library.a(stm32f429i_discovery_lcd.o) (HAL_RCCEx_PeriphCLKConfig)
library.a(stm32f4xx_hal_sdram.o)
                              library.a(stm32f429i_discovery_sdram.o) (HAL_SDRAM_Init)
library.a(stm32f4xx_hal_spi.o)
                              library.a(stm32f429i_discovery.o) (HAL_SPI_Init)
library.a(stm32f4xx_it.o)     library.a(initialize.o) (IncludeThis)
library.a(stm32f4xx_ll_fmc.o)
                              library.a(stm32f4xx_hal_sdram.o) (FMC_SDRAM_Init)
library.a(system_stm32f4xx.o)
                              library.a(stm32f4xx_hal_rcc.o) (SystemCoreClock)
library.a(startup_stm32f429xx.o)
                              library.a(initialize.o) (Reset_Handler)
library.a(ili9341.o)          library.a(stm32f429i_discovery_lcd.o) (ili9341_drv)
c:/program files (x86)/gnu tools arm embedded/bin/../lib/gcc/arm-none-eabi/9.2.1/../../../../arm-none-eabi/lib/thumb/v7e-m+fp/hard\libc.a(lib_a-exit.o)
                              c:/program files (x86)/gnu tools arm embedded/bin/../lib/gcc/arm-none-eabi/9.2.1/../../../../arm-none-eabi/lib/thumb/v7e-m+fp/hard/crt0.o (exit)
c:/program files (x86)/gnu tools arm embedded/bin/../lib/gcc/arm-none-eabi/9.2.1/../../../../arm-none-eabi/lib/thumb/v7e-m+fp/hard\libc.a(lib_a-impure.o)
                              c:/program files (x86)/gnu tools arm embedded/bin/../lib/gcc/arm-none-eabi/9.2.1/../../../../arm-none-eabi/lib/thumb/v7e-m+fp/hard\libc.a(lib_a-exit.o) (_global_impure_ptr)
c:/program files (x86)/gnu tools arm embedded/bin/../lib/gcc/arm-none-eabi/9.2.1/../../../../arm-none-eabi/lib/thumb/v7e-m+fp/hard\libc.a(lib_a-init.o)
                              c:/program files (x86)/gnu tools arm embedded/bin/../lib/gcc/arm-none-eabi/9.2.1/../../../../arm-none-eabi/lib/thumb/v7e-m+fp/hard/crt0.o (__libc_init_array)
c:/program files (x86)/gnu tools arm embedded/bin/../lib/gcc/arm-none-eabi/9.2.1/../../../../arm-none-eabi/lib/thumb/v7e-m+fp/hard\libc.a(lib_a-memmove.o)
                              obj/lab_linear_interpolation.o (memmove)
c:/program files (x86)/gnu tools arm embedded/bin/../lib/gcc/arm-none-eabi/9.2.1/../../../../arm-none-eabi/lib/thumb/v7e-m+fp/hard\libc.a(lib_a-memset.o)
                              c:/program files (x86)/gnu tools arm embedded/bin/../lib/gcc/arm-none-eabi/9.2.1/../../../../arm-none-eabi/lib/thumb/v7e-m+fp/hard/crt0.o (memset)
c:/program files (x86)/gnu tools arm embedded/bin/../lib/gcc/arm-none-eabi/9.2.1/../../../../arm-none-eabi/lib/thumb/v7e-m+fp/hard\libc.a(lib_a-printf.o)
                              obj/lab_linear_interpolation.o (printf)
c:/program files (x86)/gnu tools arm embedded/bin/../lib/gcc/arm-none-eabi/9.2.1/../../../../arm-none-eabi/lib/thumb/v7e-m+fp/hard\libc.a(lib_a-puts.o)
                              obj/lab_linear_interpolation.o (puts)
c:/program files (x86)/gnu tools arm embedded/bin/../lib/gcc/arm-none-eabi/9.2.1/../../../../arm-none-eabi/lib/thumb/v7e-m+fp/hard\libc.a(lib_a-sprintf.o)
                              obj/lab_linear_interpolation.o (sprintf)
c:/program files (x86)/gnu tools arm embedded/bin/../lib/gcc/arm-none-eabi/9.2.1/../../../../arm-none-eabi/lib/thumb/v7e-m+fp/hard\libc.a(lib_a-strcpy.o)
                              library.a(initialize.o) (strcpy)
c:/program files (x86)/gnu tools arm embedded/bin/../lib/gcc/arm-none-eabi/9.2.1/../../../../arm-none-eabi/lib/thumb/v7e-m+fp/hard\libc.a(lib_a-strlen.o)
                              c:/program files (x86)/gnu tools arm embedded/bin/../lib/gcc/arm-none-eabi/9.2.1/../../../../arm-none-eabi/lib/thumb/v7e-m+fp/hard\libc.a(lib_a-puts.o) (strlen)
[...]
Memory Configuration

Name             Origin             Length             Attributes
ROM              0x08000000         0x00200000         xr
RAM              0x20000000         0x00030000         xrw
CCM              0x10000000         0x00010000         xrw
*default*        0x00000000         0xffffffff

Linker script and memory map

LOAD c:/program files (x86)/gnu tools arm embedded/bin/../lib/gcc/arm-none-eabi/9.2.1/thumb/v7e-m+fp/hard/crti.o
LOAD c:/program files (x86)/gnu tools arm embedded/bin/../lib/gcc/arm-none-eabi/9.2.1/thumb/v7e-m+fp/hard/crtbegin.o
LOAD c:/program files (x86)/gnu tools arm embedded/bin/../lib/gcc/arm-none-eabi/9.2.1/../../../../arm-none-eabi/lib/thumb/v7e-m+fp/hard/crt0.o
LOAD obj/lab_linear_interpolation.o
LOAD obj/lab_linear_src.o
LOAD library.a
LOAD library.a
LOAD c:/program files (x86)/gnu tools arm embedded/bin/../lib/gcc/arm-none-eabi/9.2.1/../../../../arm-none-eabi/lib/thumb/v7e-m+fp/hard\libm.a
LOAD c:/program files (x86)/gnu tools arm embedded/bin/../lib/gcc/arm-none-eabi/9.2.1/../../../../arm-none-eabi/lib/thumb/v7e-m+fp/hard\libc.a
LOAD c:/program files (x86)/gnu tools arm embedded/bin/../lib/gcc/arm-none-eabi/9.2.1/../../../../arm-none-eabi/lib/thumb/v7e-m+fp/hard\libnosys.a
LOAD c:/program files (x86)/gnu tools arm embedded/bin/../lib/gcc/arm-none-eabi/9.2.1/../../../../arm-none-eabi/lib/thumb/v7e-m+fp/hard\libc.a
START GROUP
LOAD c:/program files (x86)/gnu tools arm embedded/bin/../lib/gcc/arm-none-eabi/9.2.1/thumb/v7e-m+fp/hard\libgcc.a
LOAD c:/program files (x86)/gnu tools arm embedded/bin/../lib/gcc/arm-none-eabi/9.2.1/../../../../arm-none-eabi/lib/thumb/v7e-m+fp/hard\libc.a
END GROUP
LOAD c:/program files (x86)/gnu tools arm embedded/bin/../lib/gcc/arm-none-eabi/9.2.1/thumb/v7e-m+fp/hard/crtend.o
LOAD c:/program files (x86)/gnu tools arm embedded/bin/../lib/gcc/arm-none-eabi/9.2.1/thumb/v7e-m+fp/hard/crtn.o

.text           0x08000000     0xf37c
 *(.isr_vector)
 .isr_vector    0x08000000      0x1ac library.a(startup_stm32f429xx.o)
                0x08000000                __isr_vector
 *(.text*)
 .text          0x080001ac       0x40 c:/program files (x86)/gnu tools arm embedded/bin/../lib/gcc/arm-none-eabi/9.2.1/thumb/v7e-m+fp/hard/crtbegin.o
 .text          0x080001ec       0x74 c:/program files (x86)/gnu tools arm embedded/bin/../lib/gcc/arm-none-eabi/9.2.1/../../../../arm-none-eabi/lib/thumb/v7e-m+fp/hard/crt0.o
                0x080001ec                _start
                0x080001ec                _mainCRTStartup
 .text.PutStringAt.constprop.0
                0x08000260       0x38 obj/lab_linear_interpolation.o
 .text.DelayMS.constprop.0
                0x08000298       0x18 obj/lab_linear_interpolation.o
 .text.startup.main
                0x080002b0      0x904 obj/lab_linear_interpolation.o
                0x080002b0                main
 .text          0x08000bb4       0x30 obj/lab_linear_src.o
                0x08000bb4                MxPlusB
 .text.TextRows
                0x08000be4       0x12 library.a(initialize.o)
 *fill*         0x08000bf6        0x2 
 .text.ClearDisplay
                0x08000bf8       0x34 library.a(initialize.o)
                0x08000bf8                ClearDisplay
 .text.DisplayHeader
                0x08000c2c       0x80 library.a(initialize.o)
                0x08000c2c                DisplayHeader
 .text.DisplayFooter
                0x08000cac       0x58 library.a(initialize.o)
                0x08000cac                DisplayFooter
 .text._write   0x08000d04      0x104 library.a(initialize.o)
                0x08000d04                _write
 .text.InitializeHardware
                0x08000e08      0x110 library.a(initialize.o)
                0x08000e08                InitializeHardware
 .text.GetClockCycleCount
                0x08000f18        0xc library.a(initialize.o)
                0x08000f18                GetClockCycleCount
 .text.SPIx_Init
                0x08000f24       0x94 library.a(stm32f429i_discovery.o)
 .text.SPIx_Write
                0x08000fb8       0x30 library.a(stm32f429i_discovery.o)
 .text.BSP_PB_Init
                0x08000fe8       0x70 library.a(stm32f429i_discovery.o)
                0x08000fe8                BSP_PB_Init
 .text.LCD_IO_Init
                0x08001058       0xb0 library.a(stm32f429i_discovery.o)
                0x08001058                LCD_IO_Init
 .text.LCD_IO_WriteData
                0x08001108       0x38 library.a(stm32f429i_discovery.o)
                0x08001108                LCD_IO_WriteData
 .text.LCD_IO_WriteReg
                0x08001140       0x38 library.a(stm32f429i_discovery.o)
                0x08001140                LCD_IO_WriteReg
 .text.LCD_IO_ReadData
                0x08001178       0x6c library.a(stm32f429i_discovery.o)
                0x08001178                LCD_IO_ReadData
 .text.LCD_Delay
                0x080011e4        0x4 library.a(stm32f429i_discovery.o)
                0x080011e4                LCD_Delay
 .text.FillBuffer
                0x080011e8       0x64 library.a(stm32f429i_discovery_lcd.o)
 .text.BSP_LCD_Init
                0x0800124c      0x1cc library.a(stm32f429i_discovery_lcd.o)
                0x0800124c                BSP_LCD_Init
 .text.BSP_LCD_GetXSize
                0x08001418       0x10 library.a(stm32f429i_discovery_lcd.o)
                0x08001418                BSP_LCD_GetXSize
 .text.BSP_LCD_GetYSize
                0x08001428       0x10 library.a(stm32f429i_discovery_lcd.o)
                0x08001428                BSP_LCD_GetYSize
 .text.BSP_LCD_LayerDefaultInit
                0x08001438       0x7c library.a(stm32f429i_discovery_lcd.o)
                0x08001438                BSP_LCD_LayerDefaultInit
 .text.BSP_LCD_SelectLayer
                0x080014b4        0xc library.a(stm32f429i_discovery_lcd.o)
                0x080014b4                BSP_LCD_SelectLayer
 .text.BSP_LCD_SetTextColor
                0x080014c0       0x18 library.a(stm32f429i_discovery_lcd.o)
                0x080014c0                BSP_LCD_SetTextColor
 .text.BSP_LCD_SetBackColor
                0x080014d8       0x18 library.a(stm32f429i_discovery_lcd.o)
                0x080014d8                BSP_LCD_SetBackColor
 .text.BSP_LCD_SetFont
                0x080014f0       0x18 library.a(stm32f429i_discovery_lcd.o)
                0x080014f0                BSP_LCD_SetFont
 .text.BSP_LCD_GetFont
                0x08001508       0x18 library.a(stm32f429i_discovery_lcd.o)
                0x08001508                BSP_LCD_GetFont
 .text.BSP_LCD_Clear
                0x08001520       0x3c library.a(stm32f429i_discovery_lcd.o)
                0x08001520                BSP_LCD_Clear
 .text.BSP_LCD_DrawHLine
                0x0800155c       0x50 library.a(stm32f429i_discovery_lcd.o)
                0x0800155c                BSP_LCD_DrawHLine
 .text.BSP_LCD_DrawVLine
                0x080015ac       0x58 library.a(stm32f429i_discovery_lcd.o)
                0x080015ac                BSP_LCD_DrawVLine
 .text.BSP_LCD_DrawRect
                0x08001604       0x34 library.a(stm32f429i_discovery_lcd.o)
                0x08001604                BSP_LCD_DrawRect
 .text.BSP_LCD_FillRect
                0x08001638       0x5c library.a(stm32f429i_discovery_lcd.o)
                0x08001638                BSP_LCD_FillRect
 .text.BSP_LCD_DisplayOn
                0x08001694       0x10 library.a(stm32f429i_discovery_lcd.o)
                0x08001694                BSP_LCD_DisplayOn
 .text.BSP_LCD_DrawPixel
                0x080016a4       0x2c library.a(stm32f429i_discovery_lcd.o)
                0x080016a4                BSP_LCD_DrawPixel
 .text.BSP_LCD_DisplayChar
                0x080016d0       0xd0 library.a(stm32f429i_discovery_lcd.o)
                0x080016d0                BSP_LCD_DisplayChar
 .text.BSP_LCD_DisplayStringAt
                0x080017a0       0xb8 library.a(stm32f429i_discovery_lcd.o)
                0x080017a0                BSP_LCD_DisplayStringAt
 .text.BSP_LCD_DrawLine
                0x08001858       0xd0 library.a(stm32f429i_discovery_lcd.o)
                0x08001858                BSP_LCD_DrawLine
 .text.BSP_SDRAM_Initialization_sequence
                0x08001928       0x94 library.a(stm32f429i_discovery_sdram.o)
                0x08001928                BSP_SDRAM_Initialization_sequence
 .text.BSP_SDRAM_Init
                0x080019bc      0x1d4 library.a(stm32f429i_discovery_sdram.o)
                0x080019bc                BSP_SDRAM_Init
 .text.HAL_MspInit
                0x08001b90        0x2 library.a(stm32f4xx_hal.o)
                0x08001b90                HAL_MspInit
 .text.HAL_InitTick
                0x08001b92       0x24 library.a(stm32f4xx_hal.o)
                0x08001b92                HAL_InitTick
 *fill*         0x08001bb6        0x2 
 .text.HAL_Init
                0x08001bb8       0x34 library.a(stm32f4xx_hal.o)
                0x08001bb8                HAL_Init
 .text.HAL_IncTick
                0x08001bec       0x10 library.a(stm32f4xx_hal.o)
                0x08001bec                HAL_IncTick
 .text.HAL_GetTick
                0x08001bfc        0xc library.a(stm32f4xx_hal.o)
                0x08001bfc                HAL_GetTick
 .text.HAL_Delay
                0x08001c08       0x1a library.a(stm32f4xx_hal.o)
                0x08001c08                HAL_Delay
 *fill*         0x08001c22        0x2 
 .text.HAL_NVIC_SetPriorityGrouping
                0x08001c24       0x24 library.a(stm32f4xx_hal_cortex.o)
                0x08001c24                HAL_NVIC_SetPriorityGrouping
 .text.HAL_NVIC_SetPriority
                0x08001c48       0x68 library.a(stm32f4xx_hal_cortex.o)
                0x08001c48                HAL_NVIC_SetPriority
 .text.HAL_NVIC_EnableIRQ
                0x08001cb0       0x18 library.a(stm32f4xx_hal_cortex.o)
                0x08001cb0                HAL_NVIC_EnableIRQ
 .text.HAL_SYSTICK_Config
                0x08001cc8       0x2c library.a(stm32f4xx_hal_cortex.o)
                0x08001cc8                HAL_SYSTICK_Config
 .text.HAL_DMA_Init
                0x08001cf4       0x78 library.a(stm32f4xx_hal_dma.o)
                0x08001cf4                HAL_DMA_Init
 .text.HAL_DMA_DeInit
                0x08001d6c      0xac4 library.a(stm32f4xx_hal_dma.o)
                0x08001d6c                HAL_DMA_DeInit
 .text.DMA2D_SetConfig
                0x08002830       0x80 library.a(stm32f4xx_hal_dma2d.o)
 .text.HAL_DMA2D_MspInit
                0x080028b0        0x2 library.a(stm32f4xx_hal_dma2d.o)
                0x080028b0                HAL_DMA2D_MspInit
 .text.HAL_DMA2D_Init
                0x080028b2       0x5c library.a(stm32f4xx_hal_dma2d.o)
                0x080028b2                HAL_DMA2D_Init
 .text.HAL_DMA2D_Start
                0x0800290e       0x40 library.a(stm32f4xx_hal_dma2d.o)
                0x0800290e                HAL_DMA2D_Start
 .text.HAL_DMA2D_PollForTransfer
                0x0800294e       0xc2 library.a(stm32f4xx_hal_dma2d.o)
                0x0800294e                HAL_DMA2D_PollForTransfer
 .text.HAL_DMA2D_ConfigLayer
                0x08002a10       0xe8 library.a(stm32f4xx_hal_dma2d.o)
                0x08002a10                HAL_DMA2D_ConfigLayer
 .text.HAL_GPIO_Init
                0x08002af8      0x1d8 library.a(stm32f4xx_hal_gpio.o)
                0x08002af8                HAL_GPIO_Init
 .text.HAL_GPIO_WritePin
                0x08002cd0        0xa library.a(stm32f4xx_hal_gpio.o)
                0x08002cd0                HAL_GPIO_WritePin
 .text.LTDC_SetConfig
                0x08002cda      0x148 library.a(stm32f4xx_hal_ltdc.o)
 .text.HAL_LTDC_MspInit
                0x08002e22        0x2 library.a(stm32f4xx_hal_ltdc.o)
                0x08002e22                HAL_LTDC_MspInit
 .text.HAL_LTDC_Init
                0x08002e24       0xfc library.a(stm32f4xx_hal_ltdc.o)
                0x08002e24                HAL_LTDC_Init
 .text.HAL_LTDC_ConfigLayer
                0x08002f20       0x52 library.a(stm32f4xx_hal_ltdc.o)
                0x08002f20                HAL_LTDC_ConfigLayer
 *fill*         0x08002f72        0x2 
 .text.HAL_LTDC_EnableDither
                0x08002f74       0x34 library.a(stm32f4xx_hal_ltdc.o)
                0x08002f74                HAL_LTDC_EnableDither
 .text.HAL_RCC_OscConfig
                0x08002fa8      0x33c library.a(stm32f4xx_hal_rcc.o)
                0x08002fa8                HAL_RCC_OscConfig
 .text.HAL_RCC_ClockConfig
                0x080032e4      0x1f8 library.a(stm32f4xx_hal_rcc.o)
                0x080032e4                HAL_RCC_ClockConfig
 .text.HAL_RCC_GetSysClockFreq
                0x080034dc       0x78 library.a(stm32f4xx_hal_rcc.o)
                0x080034dc                HAL_RCC_GetSysClockFreq
 .text.HAL_RCC_GetHCLKFreq
                0x08003554       0x38 library.a(stm32f4xx_hal_rcc.o)
                0x08003554                HAL_RCC_GetHCLKFreq
 .text.HAL_RCCEx_PeriphCLKConfig
                0x0800358c      0x2e8 library.a(stm32f4xx_hal_rcc_ex.o)
                0x0800358c                HAL_RCCEx_PeriphCLKConfig
 .text.HAL_SDRAM_MspInit
                0x08003874        0x2 library.a(stm32f4xx_hal_sdram.o)
                0x08003874                HAL_SDRAM_MspInit
 .text.HAL_SDRAM_Init
                0x08003876       0x40 library.a(stm32f4xx_hal_sdram.o)
                0x08003876                HAL_SDRAM_Init
 .text.HAL_SDRAM_SendCommand
                0x080038b6       0x2e library.a(stm32f4xx_hal_sdram.o)
                0x080038b6                HAL_SDRAM_SendCommand
 .text.HAL_SDRAM_ProgramRefreshRate
                0x080038e4       0x24 library.a(stm32f4xx_hal_sdram.o)
                0x080038e4                HAL_SDRAM_ProgramRefreshRate
 .text.SPI_WaitOnFlagUntilTimeout
                0x08003908       0x94 library.a(stm32f4xx_hal_spi.o)
 .text.HAL_SPI_MspInit
                0x0800399c        0x2 library.a(stm32f4xx_hal_spi.o)
                0x0800399c                HAL_SPI_MspInit
 .text.HAL_SPI_Init
                0x0800399e       0x82 library.a(stm32f4xx_hal_spi.o)
                0x0800399e                HAL_SPI_Init
 .text.HAL_SPI_MspDeInit
                0x08003a20        0x2 library.a(stm32f4xx_hal_spi.o)
                0x08003a20                HAL_SPI_MspDeInit
 .text.HAL_SPI_DeInit
                0x08003a22       0x26 library.a(stm32f4xx_hal_spi.o)
                0x08003a22                HAL_SPI_DeInit
 .text.HAL_SPI_Transmit
                0x08003a48      0x148 library.a(stm32f4xx_hal_spi.o)
                0x08003a48                HAL_SPI_Transmit
 .text.HAL_SPI_TransmitReceive
                0x08003b90      0x2c4 library.a(stm32f4xx_hal_spi.o)
                0x08003b90                HAL_SPI_TransmitReceive
 .text.HAL_SPI_Receive
                0x08003e54      0x1d0 library.a(stm32f4xx_hal_spi.o)
                0x08003e54                HAL_SPI_Receive
 .text.HAL_SPI_GetState
                0x08004024        0x6 library.a(stm32f4xx_hal_spi.o)
                0x08004024                HAL_SPI_GetState
 .text.NMI_Handler
                0x0800402a        0x2 library.a(stm32f4xx_it.o)
                0x0800402a                NMI_Handler
 .text.SVC_Handler
                0x0800402c        0x2 library.a(stm32f4xx_it.o)
                0x0800402c                SVC_Handler
 .text.DebugMon_Handler
                0x0800402e        0x2 library.a(stm32f4xx_it.o)
                0x0800402e                DebugMon_Handler
 .text.PendSV_Handler
                0x08004030        0x2 library.a(stm32f4xx_it.o)
                0x08004030                PendSV_Handler
 .text.SysTick_Handler
                0x08004032        0x4 library.a(stm32f4xx_it.o)
                0x08004032                SysTick_Handler
 *fill*         0x08004036        0x2 
 .text.FMC_SDRAM_Init
                0x08004038       0x6c library.a(stm32f4xx_ll_fmc.o)
                0x08004038                FMC_SDRAM_Init
 .text.FMC_SDRAM_Timing_Init
                0x080040a4       0x70 library.a(stm32f4xx_ll_fmc.o)
                0x080040a4                FMC_SDRAM_Timing_Init
 .text.FMC_SDRAM_SendCommand
                0x08004114       0x4c library.a(stm32f4xx_ll_fmc.o)
                0x08004114                FMC_SDRAM_SendCommand
 .text.FMC_SDRAM_ProgramRefreshRate
                0x08004160        0xc library.a(stm32f4xx_ll_fmc.o)
                0x08004160                FMC_SDRAM_ProgramRefreshRate
 .text.SystemInit
                0x0800416c       0x4c library.a(system_stm32f4xx.o)
                0x0800416c                SystemInit
 .text          0x080041b8      0x118 library.a(startup_stm32f429xx.o)
                0x080041b8                Reset_Handler
                0x08004208                HardFault_Handler
                0x0800420a                MemManage_Handler
                0x0800420c                BusFault_Handler
                0x0800420e                UsageFault_Handler
                0x08004210                Default_Handler
                0x08004212                WWDG_IRQHandler
                0x08004214                PVD_IRQHandler
                0x08004216                TAMP_STAMP_IRQHandler
                0x08004218                RTC_WKUP_IRQHandler
                0x0800421a                FLASH_IRQHandler
                0x0800421c                RCC_IRQHandler
                0x0800421e                EXTI0_IRQHandler
                0x08004220                EXTI1_IRQHandler
                0x08004222                EXTI2_IRQHandler
                0x08004224                EXTI3_IRQHandler
                0x08004226                EXTI4_IRQHandler
                0x08004228                DMA1_Stream0_IRQHandler
                0x0800422a                DMA1_Stream1_IRQHandler
                0x0800422c                DMA1_Stream2_IRQHandler
                0x0800422e                DMA1_Stream3_IRQHandler
                0x08004230                DMA1_Stream4_IRQHandler
                0x08004232                DMA1_Stream5_IRQHandler
                0x08004234                DMA1_Stream6_IRQHandler
                0x08004236                ADC_IRQHandler
                0x08004238                CAN1_TX_IRQHandler
                0x0800423a                CAN1_RX0_IRQHandler
                0x0800423c                CAN1_RX1_IRQHandler
                0x0800423e                CAN1_SCE_IRQHandler
                0x08004240                EXTI9_5_IRQHandler
                0x08004242                TIM1_BRK_TIM9_IRQHandler
                0x08004244                TIM1_UP_TIM10_IRQHandler
                0x08004246                TIM1_TRG_COM_TIM11_IRQHandler
                0x08004248                TIM1_CC_IRQHandler
                0x0800424a                TIM2_IRQHandler
                0x0800424c                TIM3_IRQHandler
                0x0800424e                TIM4_IRQHandler
                0x08004250                I2C1_EV_IRQHandler
                0x08004252                I2C1_ER_IRQHandler
                0x08004254                I2C2_EV_IRQHandler
                0x08004256                I2C2_ER_IRQHandler
                0x08004258                SPI1_IRQHandler
                0x0800425a                SPI2_IRQHandler
                0x0800425c                USART1_IRQHandler
                0x0800425e                USART2_IRQHandler
                0x08004260                USART3_IRQHandler
                0x08004262                EXTI15_10_IRQHandler
                0x08004264                RTC_Alarm_IRQHandler
                0x08004266                OTG_FS_WKUP_IRQHandler
                0x08004268                TIM8_BRK_TIM12_IRQHandler
                0x0800426a                TIM8_UP_TIM13_IRQHandler
                0x0800426c                TIM8_TRG_COM_TIM14_IRQHandler
                0x0800426e                TIM8_CC_IRQHandler
                0x08004270                DMA1_Stream7_IRQHandler
                0x08004272                FSMC_IRQHandler
                0x08004274                SDIO_IRQHandler
                0x08004276                TIM5_IRQHandler
                0x08004278                SPI3_IRQHandler
                0x0800427a                UART4_IRQHandler
                0x0800427c                UART5_IRQHandler
                0x0800427e                TIM6_DAC_IRQHandler
                0x08004280                TIM7_IRQHandler
                0x08004282                DMA2_Stream0_IRQHandler
                0x08004284                DMA2_Stream1_IRQHandler
                0x08004286                DMA2_Stream2_IRQHandler
                0x08004288                DMA2_Stream3_IRQHandler
                0x0800428a                DMA2_Stream4_IRQHandler
                0x0800428c                ETH_IRQHandler
                0x0800428e                ETH_WKUP_IRQHandler
                0x08004290                CAN2_TX_IRQHandler
                0x08004292                CAN2_RX0_IRQHandler
                0x08004294                CAN2_RX1_IRQHandler
                0x08004296                CAN2_SCE_IRQHandler
                0x08004298                OTG_FS_IRQHandler
                0x0800429a                DMA2_Stream5_IRQHandler
                0x0800429c                DMA2_Stream6_IRQHandler
                0x0800429e                DMA2_Stream7_IRQHandler
                0x080042a0                USART6_IRQHandler
                0x080042a2                I2C3_EV_IRQHandler
                0x080042a4                I2C3_ER_IRQHandler
                0x080042a6                OTG_HS_EP1_OUT_IRQHandler
                0x080042a8                OTG_HS_EP1_IN_IRQHandler
                0x080042aa                OTG_HS_WKUP_IRQHandler
                0x080042ac                OTG_HS_IRQHandler
                0x080042ae                DCMI_IRQHandler
                0x080042b0                CRYP_IRQHandler
                0x080042b2                HASH_RNG_IRQHandler
                0x080042b4                FPU_IRQHandler
                0x080042b6                UART7_IRQHandler
                0x080042b8                UART8_IRQHandler
                0x080042ba                SPI4_IRQHandler
                0x080042bc                SPI5_IRQHandler
                0x080042be                SPI6_IRQHandler
                0x080042c0                SAI1_IRQHandler
                0x080042c2                LTDC_IRQHandler
                0x080042c4                LTDC_ER_IRQHandler
                0x080042c6                DMA2D_IRQHandler
 .text.ili9341_GetLcdPixelWidth
                0x080042d0        0x4 library.a(ili9341.o)
                0x080042d0                ili9341_GetLcdPixelWidth
 .text.ili9341_GetLcdPixelHeight
                0x080042d4        0x6 library.a(ili9341.o)
                0x080042d4                ili9341_GetLcdPixelHeight
 .text.ili9341_DisplayOn
                0x080042da        0x6 library.a(ili9341.o)
                0x080042da                ili9341_DisplayOn
 .text.ili9341_DisplayOff
                0x080042e0        0x6 library.a(ili9341.o)
                0x080042e0                ili9341_DisplayOff
 .text.ili9341_Init
                0x080042e6      0x292 library.a(ili9341.o)
                0x080042e6                ili9341_Init
 .text.ili9341_ReadID
                0x08004578       0x12 library.a(ili9341.o)
                0x08004578                ili9341_ReadID
 *fill*         0x0800458a        0x2 
 .text.exit     0x0800458c       0x20 c:/program files (x86)/gnu tools arm embedded/bin/../lib/gcc/arm-none-eabi/9.2.1/../../../../arm-none-eabi/lib/thumb/v7e-m+fp/hard\libc.a(lib_a-exit.o)
                0x0800458c                exit
 .text.__libc_init_array
                0x080045ac       0x48 c:/program files (x86)/gnu tools arm embedded/bin/../lib/gcc/arm-none-eabi/9.2.1/../../../../arm-none-eabi/lib/thumb/v7e-m+fp/hard\libc.a(lib_a-init.o)
                0x080045ac                __libc_init_array
 .text.memmove  0x080045f4       0xd8 c:/program files (x86)/gnu tools arm embedded/bin/../lib/gcc/arm-none-eabi/9.2.1/../../../../arm-none-eabi/lib/thumb/v7e-m+fp/hard\libc.a(lib_a-memmove.o)
                0x080045f4                memmove
 .text.memset   0x080046cc       0xa0 c:/program files (x86)/gnu tools arm embedded/bin/../lib/gcc/arm-none-eabi/9.2.1/../../../../arm-none-eabi/lib/thumb/v7e-m+fp/hard\libc.a(lib_a-memset.o)
                0x080046cc                memset
 .text.printf   0x0800476c       0x28 c:/program files (x86)/gnu tools arm embedded/bin/../lib/gcc/arm-none-eabi/9.2.1/../../../../arm-none-eabi/lib/thumb/v7e-m+fp/hard\libc.a(lib_a-printf.o)
                0x0800476c                printf
 .text._puts_r  0x08004794       0x9c c:/program files (x86)/gnu tools arm embedded/bin/../lib/gcc/arm-none-eabi/9.2.1/../../../../arm-none-eabi/lib/thumb/v7e-m+fp/hard\libc.a(lib_a-puts.o)
                0x08004794                _puts_r
 .text.puts     0x08004830       0x10 c:/program files (x86)/gnu tools arm embedded/bin/../lib/gcc/arm-none-eabi/9.2.1/../../../../arm-none-eabi/lib/thumb/v7e-m+fp/hard\libc.a(lib_a-puts.o)
                0x08004830                puts
 .text.sprintf  0x08004840       0x44 c:/program files (x86)/gnu tools arm embedded/bin/../lib/gcc/arm-none-eabi/9.2.1/../../../../arm-none-eabi/lib/thumb/v7e-m+fp/hard\libc.a(lib_a-sprintf.o)
                0x08004840                sprintf
 .text.strcpy   0x08004884       0xbc c:/program files (x86)/gnu tools arm embedded/bin/../lib/gcc/arm-none-eabi/9.2.1/../../../../arm-none-eabi/lib/thumb/v7e-m+fp/hard\libc.a(lib_a-strcpy.o)
                0x08004884                strcpy
 .text          0x08004940       0xdc c:/program files (x86)/gnu tools arm embedded/bin/../lib/gcc/arm-none-eabi/9.2.1/../../../../arm-none-eabi/lib/thumb/v7e-m+fp/hard\libc.a(lib_a-strlen.o)
                0x08004940                strlen
 *fill*         0x08004a1c        0x4 
 .text._svfprintf_r
                0x08004a20     0x1b38 c:/program files (x86)/gnu tools arm embedded/bin/../lib/gcc/arm-none-eabi/9.2.1/../../../../arm-none-eabi/lib/thumb/v7e-m+fp/hard\libc.a(lib_a-svfprintf.o)
                0x08004a20                _svfprintf_r
 .text._vfprintf_r
                0x08006558     0x1be0 c:/program files (x86)/gnu tools arm embedded/bin/../lib/gcc/arm-none-eabi/9.2.1/../../../../arm-none-eabi/lib/thumb/v7e-m+fp/hard\libc.a(lib_a-vfprintf.o)
                0x08006558                _vfprintf_r
 .text.__sbprintf
                0x08008138       0x84 c:/program files (x86)/gnu tools arm embedded/bin/../lib/gcc/arm-none-eabi/9.2.1/../../../../arm-none-eabi/lib/thumb/v7e-m+fp/hard\libc.a(lib_a-vfprintf.o)
 .text._vsprintf_r
                0x080081bc       0x28 c:/program files (x86)/gnu tools arm embedded/bin/../lib/gcc/arm-none-eabi/9.2.1/../../../../arm-none-eabi/lib/thumb/v7e-m+fp/hard\libc.a(lib_a-vsprintf.o)
                0x080081bc                _vsprintf_r
 .text.vsprintf
                0x080081e4       0x18 c:/program files (x86)/gnu tools arm embedded/bin/../lib/gcc/arm-none-eabi/9.2.1/../../../../arm-none-eabi/lib/thumb/v7e-m+fp/hard\libc.a(lib_a-vsprintf.o)
                0x080081e4                vsprintf
 .text.__swsetup_r
                0x080081fc       0xd0 c:/program files (x86)/gnu tools arm embedded/bin/../lib/gcc/arm-none-eabi/9.2.1/../../../../arm-none-eabi/lib/thumb/v7e-m+fp/hard\libc.a(lib_a-wsetup.o)
                0x080081fc                __swsetup_r
 .text.startup.register_fini
                0x080082cc       0x14 c:/program files (x86)/gnu tools arm embedded/bin/../lib/gcc/arm-none-eabi/9.2.1/../../../../arm-none-eabi/lib/thumb/v7e-m+fp/hard\libc.a(lib_a-__call_atexit.o)
 .text.__call_exitprocs
                0x080082e0       0xcc c:/program files (x86)/gnu tools arm embedded/bin/../lib/gcc/arm-none-eabi/9.2.1/../../../../arm-none-eabi/lib/thumb/v7e-m+fp/hard\libc.a(lib_a-__call_atexit.o)
                0x080082e0                __call_exitprocs
 .text.atexit   0x080083ac        0xc c:/program files (x86)/gnu tools arm embedded/bin/../lib/gcc/arm-none-eabi/9.2.1/../../../../arm-none-eabi/lib/thumb/v7e-m+fp/hard\libc.a(lib_a-atexit.o)
                0x080083ac                atexit
 .text.quorem   0x080083b8      0x11c c:/program files (x86)/gnu tools arm embedded/bin/../lib/gcc/arm-none-eabi/9.2.1/../../../../arm-none-eabi/lib/thumb/v7e-m+fp/hard\libc.a(lib_a-dtoa.o)
 *fill*         0x080084d4        0x4 
 .text._dtoa_r  0x080084d8      0xeec c:/program files (x86)/gnu tools arm embedded/bin/../lib/gcc/arm-none-eabi/9.2.1/../../../../arm-none-eabi/lib/thumb/v7e-m+fp/hard\libc.a(lib_a-dtoa.o)
                0x080084d8                _dtoa_r
 .text.__sflush_r
                0x080093c4      0x130 c:/program files (x86)/gnu tools arm embedded/bin/../lib/gcc/arm-none-eabi/9.2.1/../../../../arm-none-eabi/lib/thumb/v7e-m+fp/hard\libc.a(lib_a-fflush.o)
                0x080093c4                __sflush_r
 .text._fflush_r
                0x080094f4       0x5c c:/program files (x86)/gnu tools arm embedded/bin/../lib/gcc/arm-none-eabi/9.2.1/../../../../arm-none-eabi/lib/thumb/v7e-m+fp/hard\libc.a(lib_a-fflush.o)
                0x080094f4                _fflush_r
 .text.std      0x08009550       0x50 c:/program files (x86)/gnu tools arm embedded/bin/../lib/gcc/arm-none-eabi/9.2.1/../../../../arm-none-eabi/lib/thumb/v7e-m+fp/hard\libc.a(lib_a-findfp.o)
 .text._cleanup_r
                0x080095a0        0xc c:/program files (x86)/gnu tools arm embedded/bin/../lib/gcc/arm-none-eabi/9.2.1/../../../../arm-none-eabi/lib/thumb/v7e-m+fp/hard\libc.a(lib_a-findfp.o)
                0x080095a0                _cleanup_r
 .text.__sinit  0x080095ac       0x54 c:/program files (x86)/gnu tools arm embedded/bin/../lib/gcc/arm-none-eabi/9.2.1/../../../../arm-none-eabi/lib/thumb/v7e-m+fp/hard\libc.a(lib_a-findfp.o)
                0x080095ac                __sinit
 .text.__sfp_lock_acquire
                0x08009600        0xc c:/program files (x86)/gnu tools arm embedded/bin/../lib/gcc/arm-none-eabi/9.2.1/../../../../arm-none-eabi/lib/thumb/v7e-m+fp/hard\libc.a(lib_a-findfp.o)
                0x08009600                __sfp_lock_acquire
 .text.__sfp_lock_release
                0x0800960c        0xc c:/program files (x86)/gnu tools arm embedded/bin/../lib/gcc/arm-none-eabi/9.2.1/../../../../arm-none-eabi/lib/thumb/v7e-m+fp/hard\libc.a(lib_a-findfp.o)
                0x0800960c                __sfp_lock_release
 .text.__libc_fini_array
                0x08009618       0x2c c:/program files (x86)/gnu tools arm embedded/bin/../lib/gcc/arm-none-eabi/9.2.1/../../../../arm-none-eabi/lib/thumb/v7e-m+fp/hard\libc.a(lib_a-fini.o)
                0x08009618                __libc_fini_array
 .text._malloc_trim_r
                0x08009644       0xa0 c:/program files (x86)/gnu tools arm embedded/bin/../lib/gcc/arm-none-eabi/9.2.1/../../../../arm-none-eabi/lib/thumb/v7e-m+fp/hard\libc.a(lib_a-freer.o)
                0x08009644                _malloc_trim_r
 .text._free_r  0x080096e4      0x208 c:/program files (x86)/gnu tools arm embedded/bin/../lib/gcc/arm-none-eabi/9.2.1/../../../../arm-none-eabi/lib/thumb/v7e-m+fp/hard\libc.a(lib_a-freer.o)
                0x080096e4                _free_r
 .text.__sfvwrite_r
                0x080098ec      0x2e0 c:/program files (x86)/gnu tools arm embedded/bin/../lib/gcc/arm-none-eabi/9.2.1/../../../../arm-none-eabi/lib/thumb/v7e-m+fp/hard\libc.a(lib_a-fvwrite.o)
                0x080098ec                __sfvwrite_r
 .text._fwalk_reent
                0x08009bcc       0x48 c:/program files (x86)/gnu tools arm embedded/bin/../lib/gcc/arm-none-eabi/9.2.1/../../../../arm-none-eabi/lib/thumb/v7e-m+fp/hard\libc.a(lib_a-fwalk.o)
                0x08009bcc                _fwalk_reent
 .text._localeconv_r
                0x08009c14        0x8 c:/program files (x86)/gnu tools arm embedded/bin/../lib/gcc/arm-none-eabi/9.2.1/../../../../arm-none-eabi/lib/thumb/v7e-m+fp/hard\libc.a(lib_a-localeconv.o)
                0x08009c14                _localeconv_r
 .text.__retarget_lock_init_recursive
                0x08009c1c        0x4 c:/program files (x86)/gnu tools arm embedded/bin/../lib/gcc/arm-none-eabi/9.2.1/../../../../arm-none-eabi/lib/thumb/v7e-m+fp/hard\libc.a(lib_a-lock.o)
                0x08009c1c                __retarget_lock_init_recursive
 .text.__retarget_lock_close_recursive
                0x08009c20        0x4 c:/program files (x86)/gnu tools arm embedded/bin/../lib/gcc/arm-none-eabi/9.2.1/../../../../arm-none-eabi/lib/thumb/v7e-m+fp/hard\libc.a(lib_a-lock.o)
                0x08009c20                __retarget_lock_close_recursive
 .text.__retarget_lock_acquire_recursive
                0x08009c24        0x4 c:/program files (x86)/gnu tools arm embedded/bin/../lib/gcc/arm-none-eabi/9.2.1/../../../../arm-none-eabi/lib/thumb/v7e-m+fp/hard\libc.a(lib_a-lock.o)
                0x08009c24                __retarget_lock_acquire_recursive
 .text.__retarget_lock_release_recursive
                0x08009c28        0x4 c:/program files (x86)/gnu tools arm embedded/bin/../lib/gcc/arm-none-eabi/9.2.1/../../../../arm-none-eabi/lib/thumb/v7e-m+fp/hard\libc.a(lib_a-lock.o)
                0x08009c28                __retarget_lock_release_recursive
 .text.__swhatbuf_r
                0x08009c2c       0x5c c:/program files (x86)/gnu tools arm embedded/bin/../lib/gcc/arm-none-eabi/9.2.1/../../../../arm-none-eabi/lib/thumb/v7e-m+fp/hard\libc.a(lib_a-makebuf.o)
                0x08009c2c                __swhatbuf_r
 .text.__smakebuf_r
                0x08009c88       0x98 c:/program files (x86)/gnu tools arm embedded/bin/../lib/gcc/arm-none-eabi/9.2.1/../../../../arm-none-eabi/lib/thumb/v7e-m+fp/hard\libc.a(lib_a-makebuf.o)
                0x08009c88                __smakebuf_r
 .text._malloc_r
                0x08009d20      0x574 c:/program files (x86)/gnu tools arm embedded/bin/../lib/gcc/arm-none-eabi/9.2.1/../../../../arm-none-eabi/lib/thumb/v7e-m+fp/hard\libc.a(lib_a-mallocr.o)
                0x08009d20                _malloc_r
 *fill*         0x0800a294        0xc 
 .text          0x0800a2a0       0xa0 c:/program files (x86)/gnu tools arm embedded/bin/../lib/gcc/arm-none-eabi/9.2.1/../../../../arm-none-eabi/lib/thumb/v7e-m+fp/hard\libc.a(lib_a-memchr.o)
                0x0800a2a0                memchr
 .text          0x0800a340      0x134 c:/program files (x86)/gnu tools arm embedded/bin/../lib/gcc/arm-none-eabi/9.2.1/../../../../arm-none-eabi/lib/thumb/v7e-m+fp/hard\libc.a(lib_a-memcpy.o)
                0x0800a340                memcpy
 .text.__malloc_lock
                0x0800a474        0xc c:/program files (x86)/gnu tools arm embedded/bin/../lib/gcc/arm-none-eabi/9.2.1/../../../../arm-none-eabi/lib/thumb/v7e-m+fp/hard\libc.a(lib_a-mlock.o)
                0x0800a474                __malloc_lock
 .text.__malloc_unlock
                0x0800a480        0xc c:/program files (x86)/gnu tools arm embedded/bin/../lib/gcc/arm-none-eabi/9.2.1/../../../../arm-none-eabi/lib/thumb/v7e-m+fp/hard\libc.a(lib_a-mlock.o)
                0x0800a480                __malloc_unlock
 .text._Balloc  0x0800a48c       0x4c c:/program files (x86)/gnu tools arm embedded/bin/../lib/gcc/arm-none-eabi/9.2.1/../../../../arm-none-eabi/lib/thumb/v7e-m+fp/hard\libc.a(lib_a-mprec.o)
                0x0800a48c                _Balloc
 .text._Bfree   0x0800a4d8       0x14 c:/program files (x86)/gnu tools arm embedded/bin/../lib/gcc/arm-none-eabi/9.2.1/../../../../arm-none-eabi/lib/thumb/v7e-m+fp/hard\libc.a(lib_a-mprec.o)
                0x0800a4d8                _Bfree
 .text.__multadd
                0x0800a4ec       0x8c c:/program files (x86)/gnu tools arm embedded/bin/../lib/gcc/arm-none-eabi/9.2.1/../../../../arm-none-eabi/lib/thumb/v7e-m+fp/hard\libc.a(lib_a-mprec.o)
                0x0800a4ec                __multadd
 .text.__hi0bits
                0x0800a578       0x40 c:/program files (x86)/gnu tools arm embedded/bin/../lib/gcc/arm-none-eabi/9.2.1/../../../../arm-none-eabi/lib/thumb/v7e-m+fp/hard\libc.a(lib_a-mprec.o)
                0x0800a578                __hi0bits
 .text.__lo0bits
                0x0800a5b8       0x60 c:/program files (x86)/gnu tools arm embedded/bin/../lib/gcc/arm-none-eabi/9.2.1/../../../../arm-none-eabi/lib/thumb/v7e-m+fp/hard\libc.a(lib_a-mprec.o)
                0x0800a5b8                __lo0bits
 .text.__i2b    0x0800a618       0x14 c:/program files (x86)/gnu tools arm embedded/bin/../lib/gcc/arm-none-eabi/9.2.1/../../../../arm-none-eabi/lib/thumb/v7e-m+fp/hard\libc.a(lib_a-mprec.o)
                0x0800a618                __i2b
 .text.__multiply
                0x0800a62c      0x144 c:/program files (x86)/gnu tools arm embedded/bin/../lib/gcc/arm-none-eabi/9.2.1/../../../../arm-none-eabi/lib/thumb/v7e-m+fp/hard\libc.a(lib_a-mprec.o)
                0x0800a62c                __multiply
 .text.__pow5mult
                0x0800a770       0xa0 c:/program files (x86)/gnu tools arm embedded/bin/../lib/gcc/arm-none-eabi/9.2.1/../../../../arm-none-eabi/lib/thumb/v7e-m+fp/hard\libc.a(lib_a-mprec.o)
                0x0800a770                __pow5mult
 .text.__lshift
                0x0800a810       0xd4 c:/program files (x86)/gnu tools arm embedded/bin/../lib/gcc/arm-none-eabi/9.2.1/../../../../arm-none-eabi/lib/thumb/v7e-m+fp/hard\libc.a(lib_a-mprec.o)
                0x0800a810                __lshift
 .text.__mcmp   0x0800a8e4       0x3c c:/program files (x86)/gnu tools arm embedded/bin/../lib/gcc/arm-none-eabi/9.2.1/../../../../arm-none-eabi/lib/thumb/v7e-m+fp/hard\libc.a(lib_a-mprec.o)
                0x0800a8e4                __mcmp
 .text.__mdiff  0x0800a920      0x138 c:/program files (x86)/gnu tools arm embedded/bin/../lib/gcc/arm-none-eabi/9.2.1/../../../../arm-none-eabi/lib/thumb/v7e-m+fp/hard\libc.a(lib_a-mprec.o)
                0x0800a920                __mdiff
 .text.__d2b    0x0800aa58       0xbc c:/program files (x86)/gnu tools arm embedded/bin/../lib/gcc/arm-none-eabi/9.2.1/../../../../arm-none-eabi/lib/thumb/v7e-m+fp/hard\libc.a(lib_a-mprec.o)
                0x0800aa58                __d2b
 .text._realloc_r
                0x0800ab14      0x3e0 c:/program files (x86)/gnu tools arm embedded/bin/../lib/gcc/arm-none-eabi/9.2.1/../../../../arm-none-eabi/lib/thumb/v7e-m+fp/hard\libc.a(lib_a-reallocr.o)
                0x0800ab14                _realloc_r
 .text.frexp    0x0800aef4       0x6c c:/program files (x86)/gnu tools arm embedded/bin/../lib/gcc/arm-none-eabi/9.2.1/../../../../arm-none-eabi/lib/thumb/v7e-m+fp/hard\libc.a(lib_a-s_frexp.o)
                0x0800aef4                frexp
 .text._sbrk_r  0x0800af60       0x24 c:/program files (x86)/gnu tools arm embedded/bin/../lib/gcc/arm-none-eabi/9.2.1/../../../../arm-none-eabi/lib/thumb/v7e-m+fp/hard\libc.a(lib_a-sbrkr.o)
                0x0800af60                _sbrk_r
 .text.__sread  0x0800af84       0x24 c:/program files (x86)/gnu tools arm embedded/bin/../lib/gcc/arm-none-eabi/9.2.1/../../../../arm-none-eabi/lib/thumb/v7e-m+fp/hard\libc.a(lib_a-stdio.o)
                0x0800af84                __sread
 .text.__swrite
                0x0800afa8       0x40 c:/program files (x86)/gnu tools arm embedded/bin/../lib/gcc/arm-none-eabi/9.2.1/../../../../arm-none-eabi/lib/thumb/v7e-m+fp/hard\libc.a(lib_a-stdio.o)
                0x0800afa8                __swrite
 .text.__sseek  0x0800afe8       0x20 c:/program files (x86)/gnu tools arm embedded/bin/../lib/gcc/arm-none-eabi/9.2.1/../../../../arm-none-eabi/lib/thumb/v7e-m+fp/hard\libc.a(lib_a-stdio.o)
                0x0800afe8                __sseek
 .text.__sclose
                0x0800b008        0x8 c:/program files (x86)/gnu tools arm embedded/bin/../lib/gcc/arm-none-eabi/9.2.1/../../../../arm-none-eabi/lib/thumb/v7e-m+fp/hard\libc.a(lib_a-stdio.o)
                0x0800b008                __sclose
 .text.strncpy  0x0800b010       0x68 c:/program files (x86)/gnu tools arm embedded/bin/../lib/gcc/arm-none-eabi/9.2.1/../../../../arm-none-eabi/lib/thumb/v7e-m+fp/hard\libc.a(lib_a-strncpy.o)
                0x0800b010                strncpy
 .text.__ssprint_r
                0x0800b078       0xf8 c:/program files (x86)/gnu tools arm embedded/bin/../lib/gcc/arm-none-eabi/9.2.1/../../../../arm-none-eabi/lib/thumb/v7e-m+fp/hard\libc.a(lib_a-svfiprintf.o)
                0x0800b078                __ssprint_r
 .text.__sprint_r.part.0
                0x0800b170       0x78 c:/program files (x86)/gnu tools arm embedded/bin/../lib/gcc/arm-none-eabi/9.2.1/../../../../arm-none-eabi/lib/thumb/v7e-m+fp/hard\libc.a(lib_a-vfiprintf.o)
 .text.__sprint_r
                0x0800b1e8       0x18 c:/program files (x86)/gnu tools arm embedded/bin/../lib/gcc/arm-none-eabi/9.2.1/../../../../arm-none-eabi/lib/thumb/v7e-m+fp/hard\libc.a(lib_a-vfiprintf.o)
                0x0800b1e8                __sprint_r
 .text._write_r
                0x0800b200       0x2c c:/program files (x86)/gnu tools arm embedded/bin/../lib/gcc/arm-none-eabi/9.2.1/../../../../arm-none-eabi/lib/thumb/v7e-m+fp/hard\libc.a(lib_a-writer.o)
                0x0800b200                _write_r
 .text.__register_exitproc
                0x0800b22c       0x8c c:/program files (x86)/gnu tools arm embedded/bin/../lib/gcc/arm-none-eabi/9.2.1/../../../../arm-none-eabi/lib/thumb/v7e-m+fp/hard\libc.a(lib_a-__atexit.o)
                0x0800b22c                __register_exitproc
 .text._calloc_r
                0x0800b2b8       0x60 c:/program files (x86)/gnu tools arm embedded/bin/../lib/gcc/arm-none-eabi/9.2.1/../../../../arm-none-eabi/lib/thumb/v7e-m+fp/hard\libc.a(lib_a-callocr.o)
                0x0800b2b8                _calloc_r
 .text._close_r
                0x0800b318       0x24 c:/program files (x86)/gnu tools arm embedded/bin/../lib/gcc/arm-none-eabi/9.2.1/../../../../arm-none-eabi/lib/thumb/v7e-m+fp/hard\libc.a(lib_a-closer.o)
                0x0800b318                _close_r
 .text._fclose_r
                0x0800b33c       0xcc c:/program files (x86)/gnu tools arm embedded/bin/../lib/gcc/arm-none-eabi/9.2.1/../../../../arm-none-eabi/lib/thumb/v7e-m+fp/hard\libc.a(lib_a-fclose.o)
                0x0800b33c                _fclose_r
 .text.__fputwc
                0x0800b408       0xa8 c:/program files (x86)/gnu tools arm embedded/bin/../lib/gcc/arm-none-eabi/9.2.1/../../../../arm-none-eabi/lib/thumb/v7e-m+fp/hard\libc.a(lib_a-fputwc.o)
                0x0800b408                __fputwc
 .text._fputwc_r
                0x0800b4b0       0x68 c:/program files (x86)/gnu tools arm embedded/bin/../lib/gcc/arm-none-eabi/9.2.1/../../../../arm-none-eabi/lib/thumb/v7e-m+fp/hard\libc.a(lib_a-fputwc.o)
                0x0800b4b0                _fputwc_r
 .text._fstat_r
                0x0800b518       0x2c c:/program files (x86)/gnu tools arm embedded/bin/../lib/gcc/arm-none-eabi/9.2.1/../../../../arm-none-eabi/lib/thumb/v7e-m+fp/hard\libc.a(lib_a-fstatr.o)
                0x0800b518                _fstat_r
 .text._isatty_r
                0x0800b544       0x24 c:/program files (x86)/gnu tools arm embedded/bin/../lib/gcc/arm-none-eabi/9.2.1/../../../../arm-none-eabi/lib/thumb/v7e-m+fp/hard\libc.a(lib_a-isattyr.o)
                0x0800b544                _isatty_r
 .text.__locale_mb_cur_max
                0x0800b568        0xc c:/program files (x86)/gnu tools arm embedded/bin/../lib/gcc/arm-none-eabi/9.2.1/../../../../arm-none-eabi/lib/thumb/v7e-m+fp/hard\libc.a(lib_a-locale.o)
                0x0800b568                __locale_mb_cur_max
 .text._lseek_r
                0x0800b574       0x2c c:/program files (x86)/gnu tools arm embedded/bin/../lib/gcc/arm-none-eabi/9.2.1/../../../../arm-none-eabi/lib/thumb/v7e-m+fp/hard\libc.a(lib_a-lseekr.o)
                0x0800b574                _lseek_r
 .text.__ascii_mbtowc
                0x0800b5a0       0x2c c:/program files (x86)/gnu tools arm embedded/bin/../lib/gcc/arm-none-eabi/9.2.1/../../../../arm-none-eabi/lib/thumb/v7e-m+fp/hard\libc.a(lib_a-mbtowc_r.o)
                0x0800b5a0                __ascii_mbtowc
 .text._read_r  0x0800b5cc       0x2c c:/program files (x86)/gnu tools arm embedded/bin/../lib/gcc/arm-none-eabi/9.2.1/../../../../arm-none-eabi/lib/thumb/v7e-m+fp/hard\libc.a(lib_a-readr.o)
                0x0800b5cc                _read_r
 .text.__swbuf_r
                0x0800b5f8       0xb0 c:/program files (x86)/gnu tools arm embedded/bin/../lib/gcc/arm-none-eabi/9.2.1/../../../../arm-none-eabi/lib/thumb/v7e-m+fp/hard\libc.a(lib_a-wbuf.o)
                0x0800b5f8                __swbuf_r
 .text._wcrtomb_r
                0x0800b6a8       0x3c c:/program files (x86)/gnu tools arm embedded/bin/../lib/gcc/arm-none-eabi/9.2.1/../../../../arm-none-eabi/lib/thumb/v7e-m+fp/hard\libc.a(lib_a-wcrtomb.o)
                0x0800b6a8                _wcrtomb_r
 .text.__ascii_wctomb
                0x0800b6e4       0x1c c:/program files (x86)/gnu tools arm embedded/bin/../lib/gcc/arm-none-eabi/9.2.1/../../../../arm-none-eabi/lib/thumb/v7e-m+fp/hard\libc.a(lib_a-wctomb_r.o)
                0x0800b6e4                __ascii_wctomb
 .text._close   0x0800b700       0x10 c:/program files (x86)/gnu tools arm embedded/bin/../lib/gcc/arm-none-eabi/9.2.1/../../../../arm-none-eabi/lib/thumb/v7e-m+fp/hard\libnosys.a(close.o)
                0x0800b700                _close
 .text._fstat   0x0800b710       0x10 c:/program files (x86)/gnu tools arm embedded/bin/../lib/gcc/arm-none-eabi/9.2.1/../../../../arm-none-eabi/lib/thumb/v7e-m+fp/hard\libnosys.a(fstat.o)
                0x0800b710                _fstat
 .text._isatty  0x0800b720       0x10 c:/program files (x86)/gnu tools arm embedded/bin/../lib/gcc/arm-none-eabi/9.2.1/../../../../arm-none-eabi/lib/thumb/v7e-m+fp/hard\libnosys.a(isatty.o)
                0x0800b720                _isatty
 .text._lseek   0x0800b730       0x10 c:/program files (x86)/gnu tools arm embedded/bin/../lib/gcc/arm-none-eabi/9.2.1/../../../../arm-none-eabi/lib/thumb/v7e-m+fp/hard\libnosys.a(lseek.o)
                0x0800b730                _lseek
 .text._read    0x0800b740       0x10 c:/program files (x86)/gnu tools arm embedded/bin/../lib/gcc/arm-none-eabi/9.2.1/../../../../arm-none-eabi/lib/thumb/v7e-m+fp/hard\libnosys.a(read.o)
                0x0800b740                _read
 .text._sbrk    0x0800b750       0x1c c:/program files (x86)/gnu tools arm embedded/bin/../lib/gcc/arm-none-eabi/9.2.1/../../../../arm-none-eabi/lib/thumb/v7e-m+fp/hard\libnosys.a(sbrk.o)
                0x0800b750                _sbrk
 .text._exit    0x0800b76c        0x4 c:/program files (x86)/gnu tools arm embedded/bin/../lib/gcc/arm-none-eabi/9.2.1/../../../../arm-none-eabi/lib/thumb/v7e-m+fp/hard\libnosys.a(_exit.o)
                0x0800b76c                _exit
 .text          0x0800b770      0x378 c:/program files (x86)/gnu tools arm embedded/bin/../lib/gcc/arm-none-eabi/9.2.1/thumb/v7e-m+fp/hard\libgcc.a(_arm_addsubdf3.o)
                0x0800b770                __aeabi_drsub
                0x0800b778                __aeabi_dsub
                0x0800b778                __subdf3
                0x0800b77c                __aeabi_dadd
                0x0800b77c                __adddf3
                0x0800b9f4                __floatunsidf
                0x0800b9f4                __aeabi_ui2d
                0x0800ba14                __floatsidf
                0x0800ba14                __aeabi_i2d
                0x0800ba38                __aeabi_f2d
                0x0800ba38                __extendsfdf2
                0x0800ba7c                __floatundidf
                0x0800ba7c                __aeabi_ul2d
                0x0800ba8c                __floatdidf
                0x0800ba8c                __aeabi_l2d
 .text          0x0800bae8      0x424 c:/program files (x86)/gnu tools arm embedded/bin/../lib/gcc/arm-none-eabi/9.2.1/thumb/v7e-m+fp/hard\libgcc.a(_arm_muldivdf3.o)
                0x0800bae8                __aeabi_dmul
                0x0800bae8                __muldf3
                0x0800bd3c                __divdf3
                0x0800bd3c                __aeabi_ddiv
 .text          0x0800bf0c      0x110 c:/program files (x86)/gnu tools arm embedded/bin/../lib/gcc/arm-none-eabi/9.2.1/thumb/v7e-m+fp/hard\libgcc.a(_arm_cmpdf2.o)
                0x0800bf0c                __gtdf2
                0x0800bf0c                __gedf2
                0x0800bf14                __ltdf2
                0x0800bf14                __ledf2
                0x0800bf1c                __nedf2
                0x0800bf1c                __eqdf2
                0x0800bf1c                __cmpdf2
                0x0800bf98                __aeabi_cdrcmple
                0x0800bfa8                __aeabi_cdcmpeq
                0x0800bfa8                __aeabi_cdcmple
                0x0800bfb8                __aeabi_dcmpeq
                0x0800bfcc                __aeabi_dcmplt
                0x0800bfe0                __aeabi_dcmple
                0x0800bff4                __aeabi_dcmpge
                0x0800c008                __aeabi_dcmpgt
 .text          0x0800c01c       0x2c c:/program files (x86)/gnu tools arm embedded/bin/../lib/gcc/arm-none-eabi/9.2.1/thumb/v7e-m+fp/hard\libgcc.a(_arm_unorddf2.o)
                0x0800c01c                __unorddf2
                0x0800c01c                __aeabi_dcmpun
 .text          0x0800c048       0x50 c:/program files (x86)/gnu tools arm embedded/bin/../lib/gcc/arm-none-eabi/9.2.1/thumb/v7e-m+fp/hard\libgcc.a(_arm_fixdfsi.o)
                0x0800c048                __aeabi_d2iz
                0x0800c048                __fixdfsi
 .text          0x0800c098       0x30 c:/program files (x86)/gnu tools arm embedded/bin/../lib/gcc/arm-none-eabi/9.2.1/thumb/v7e-m+fp/hard\libgcc.a(_aeabi_uldivmod.o)
                0x0800c098                __aeabi_uldivmod
 .text          0x0800c0c8      0x2c4 c:/program files (x86)/gnu tools arm embedded/bin/../lib/gcc/arm-none-eabi/9.2.1/thumb/v7e-m+fp/hard\libgcc.a(_udivmoddi4.o)
                0x0800c0c8                __udivmoddi4
 .text          0x0800c38c        0x4 c:/program files (x86)/gnu tools arm embedded/bin/../lib/gcc/arm-none-eabi/9.2.1/thumb/v7e-m+fp/hard\libgcc.a(_dvmd_tls.o)
                0x0800c38c                __aeabi_idiv0
                0x0800c38c                __aeabi_ldiv0
 *(.init)
 .init          0x0800c390        0x4 c:/program files (x86)/gnu tools arm embedded/bin/../lib/gcc/arm-none-eabi/9.2.1/thumb/v7e-m+fp/hard/crti.o
                0x0800c390                _init
 .init          0x0800c394        0x8 c:/program files (x86)/gnu tools arm embedded/bin/../lib/gcc/arm-none-eabi/9.2.1/thumb/v7e-m+fp/hard/crtn.o
 *(.fini)
 .fini          0x0800c39c        0x4 c:/program files (x86)/gnu tools arm embedded/bin/../lib/gcc/arm-none-eabi/9.2.1/thumb/v7e-m+fp/hard/crti.o
                0x0800c39c                _fini
 .fini          0x0800c3a0        0x8 c:/program files (x86)/gnu tools arm embedded/bin/../lib/gcc/arm-none-eabi/9.2.1/thumb/v7e-m+fp/hard/crtn.o
 *crtbegin.o(.ctors)
 *crtbegin?.o(.ctors)
 *(EXCLUDE_FILE(*crtend.o *crtend?.o) .ctors)
 *(SORT_BY_NAME(.ctors.*))
 *(.ctors)
 *crtbegin.o(.dtors)
 *crtbegin?.o(.dtors)
 *(EXCLUDE_FILE(*crtend.o *crtend?.o) .dtors)
 *(SORT_BY_NAME(.dtors.*))
 *(.dtors)
 *(.rodata*)
 .rodata.main.str1.4
                0x0800c3a8      0x1e1 obj/lab_linear_interpolation.o
 .rodata.DisplayHeader.str1.1
                0x0800c589       0x27 library.a(initialize.o)
 .rodata._write.str1.1
                0x0800c5b0       0x27 library.a(initialize.o)
                                  0x1 (size before relaxing)
 .rodata.Font12_Table
                0x0800c5b0      0x474 library.a(stm32f429i_discovery_lcd.o)
                0x0800c5b0                Font12_Table
 .rodata.Font16_Table
                0x0800ca24      0xbe0 library.a(stm32f429i_discovery_lcd.o)
                0x0800ca24                Font16_Table
 .rodata.Font24_Table
                0x0800d604     0x1ab8 library.a(stm32f429i_discovery_lcd.o)
                0x0800d604                Font24_Table
 .rodata.APBAHBPrescTable
                0x0800f0bc       0x10 library.a(stm32f4xx_hal_rcc.o)
                0x0800f0bc                APBAHBPrescTable
 .rodata._global_impure_ptr
                0x0800f0cc        0x4 c:/program files (x86)/gnu tools arm embedded/bin/../lib/gcc/arm-none-eabi/9.2.1/../../../../arm-none-eabi/lib/thumb/v7e-m+fp/hard\libc.a(lib_a-impure.o)
                0x0800f0cc                _global_impure_ptr
 .rodata._puts_r.str1.4
                0x0800f0d0      0x1e1 c:/program files (x86)/gnu tools arm embedded/bin/../lib/gcc/arm-none-eabi/9.2.1/../../../../arm-none-eabi/lib/thumb/v7e-m+fp/hard\libc.a(lib_a-puts.o)
                                  0x2 (size before relaxing)
 .rodata._svfprintf_r.str1.4
                0x0800f0d0       0x42 c:/program files (x86)/gnu tools arm embedded/bin/../lib/gcc/arm-none-eabi/9.2.1/../../../../arm-none-eabi/lib/thumb/v7e-m+fp/hard\libc.a(lib_a-svfprintf.o)
 *fill*         0x0800f112        0x2 
 .rodata.blanks.8708
                0x0800f114       0x10 c:/program files (x86)/gnu tools arm embedded/bin/../lib/gcc/arm-none-eabi/9.2.1/../../../../arm-none-eabi/lib/thumb/v7e-m+fp/hard\libc.a(lib_a-svfprintf.o)
 .rodata.zeroes.8709
                0x0800f124       0x10 c:/program files (x86)/gnu tools arm embedded/bin/../lib/gcc/arm-none-eabi/9.2.1/../../../../arm-none-eabi/lib/thumb/v7e-m+fp/hard\libc.a(lib_a-svfprintf.o)
 .rodata._vfprintf_r.str1.4
                0x0800f134       0x42 c:/program files (x86)/gnu tools arm embedded/bin/../lib/gcc/arm-none-eabi/9.2.1/../../../../arm-none-eabi/lib/thumb/v7e-m+fp/hard\libc.a(lib_a-vfprintf.o)
 .rodata.blanks.8723
                0x0800f134       0x10 c:/program files (x86)/gnu tools arm embedded/bin/../lib/gcc/arm-none-eabi/9.2.1/../../../../arm-none-eabi/lib/thumb/v7e-m+fp/hard\libc.a(lib_a-vfprintf.o)
 .rodata.zeroes.8724
                0x0800f144       0x10 c:/program files (x86)/gnu tools arm embedded/bin/../lib/gcc/arm-none-eabi/9.2.1/../../../../arm-none-eabi/lib/thumb/v7e-m+fp/hard\libc.a(lib_a-vfprintf.o)
 .rodata._dtoa_r.str1.4
                0x0800f154        0xd c:/program files (x86)/gnu tools arm embedded/bin/../lib/gcc/arm-none-eabi/9.2.1/../../../../arm-none-eabi/lib/thumb/v7e-m+fp/hard\libc.a(lib_a-dtoa.o)
                                 0x12 (size before relaxing)
 *fill*         0x0800f161        0x7 
 .rodata.__mprec_bigtens
                0x0800f168       0x28 c:/program files (x86)/gnu tools arm embedded/bin/../lib/gcc/arm-none-eabi/9.2.1/../../../../arm-none-eabi/lib/thumb/v7e-m+fp/hard\libc.a(lib_a-mprec.o)
                0x0800f168                __mprec_bigtens
 .rodata.__mprec_tens
                0x0800f190       0xc8 c:/program files (x86)/gnu tools arm embedded/bin/../lib/gcc/arm-none-eabi/9.2.1/../../../../arm-none-eabi/lib/thumb/v7e-m+fp/hard\libc.a(lib_a-mprec.o)
                0x0800f190                __mprec_tens
 .rodata.p05.7478
                0x0800f258        0xc c:/program files (x86)/gnu tools arm embedded/bin/../lib/gcc/arm-none-eabi/9.2.1/../../../../arm-none-eabi/lib/thumb/v7e-m+fp/hard\libc.a(lib_a-mprec.o)
 .rodata._setlocale_r.str1.4
                0x0800f264        0xa c:/program files (x86)/gnu tools arm embedded/bin/../lib/gcc/arm-none-eabi/9.2.1/../../../../arm-none-eabi/lib/thumb/v7e-m+fp/hard\libc.a(lib_a-locale.o)
                                  0xd (size before relaxing)
 *fill*         0x0800f26e        0x2 
 .rodata.str1.4
                0x0800f270        0x2 c:/program files (x86)/gnu tools arm embedded/bin/../lib/gcc/arm-none-eabi/9.2.1/../../../../arm-none-eabi/lib/thumb/v7e-m+fp/hard\libc.a(lib_a-locale.o)
 *fill*         0x0800f272        0x2 
 .rodata._ctype_
                0x0800f274      0x101 c:/program files (x86)/gnu tools arm embedded/bin/../lib/gcc/arm-none-eabi/9.2.1/../../../../arm-none-eabi/lib/thumb/v7e-m+fp/hard\libc.a(lib_a-ctype_.o)
                0x0800f274                _ctype_
 *(.eh_frame*)
 *fill*         0x0800f375        0x3 
 .eh_frame      0x0800f378        0x0 c:/program files (x86)/gnu tools arm embedded/bin/../lib/gcc/arm-none-eabi/9.2.1/thumb/v7e-m+fp/hard/crtbegin.o
 .eh_frame      0x0800f378        0x4 c:/program files (x86)/gnu tools arm embedded/bin/../lib/gcc/arm-none-eabi/9.2.1/thumb/v7e-m+fp/hard/crtend.o

.glue_7         0x0800f37c        0x0
 .glue_7        0x0800f37c        0x0 linker stubs

.glue_7t        0x0800f37c        0x0
 .glue_7t       0x0800f37c        0x0 linker stubs

.vfp11_veneer   0x0800f37c        0x0
 .vfp11_veneer  0x0800f37c        0x0 linker stubs

.v4_bx          0x0800f37c        0x0
 .v4_bx         0x0800f37c        0x0 linker stubs

.iplt           0x0800f37c        0x0
 .iplt          0x0800f37c        0x0 c:/program files (x86)/gnu tools arm embedded/bin/../lib/gcc/arm-none-eabi/9.2.1/thumb/v7e-m+fp/hard/crtbegin.o

.ARM.extab
 *(.ARM.extab* .gnu.linkonce.armextab.*)
                0x0800f37c                __exidx_start = .

.ARM.exidx      0x0800f37c        0x8
 *(.ARM.exidx* .gnu.linkonce.armexidx.*)
 .ARM.exidx     0x0800f37c        0x8 c:/program files (x86)/gnu tools arm embedded/bin/../lib/gcc/arm-none-eabi/9.2.1/../../../../arm-none-eabi/lib/thumb/v7e-m+fp/hard/crt0.o
 .ARM.exidx     0x0800f384        0x0 c:/program files (x86)/gnu tools arm embedded/bin/../lib/gcc/arm-none-eabi/9.2.1/thumb/v7e-m+fp/hard\libgcc.a(_udivmoddi4.o)
                                  0x8 (size before relaxing)
                0x0800f384                __exidx_end = .
                0x0800f384                __etext = .

.rel.dyn        0x0800f384        0x0
 .rel.iplt      0x0800f384        0x0 c:/program files (x86)/gnu tools arm embedded/bin/../lib/gcc/arm-none-eabi/9.2.1/thumb/v7e-m+fp/hard/crtbegin.o

.data           0x20000000      0xb38 load address 0x0800f384
                0x20000000                __data_start__ = .
 *(vtable)
 *(.data*)
 .data.check.6818
                0x20000000      0x120 obj/lab_linear_interpolation.o
 .data.BUTTON_PORT
                0x20000120        0x4 library.a(stm32f429i_discovery.o)
                0x20000120                BUTTON_PORT
 .data.SpixTimeout
                0x20000124        0x4 library.a(stm32f429i_discovery.o)
                0x20000124                SpixTimeout
 .data.Font12   0x20000128        0x8 library.a(stm32f429i_discovery_lcd.o)
                0x20000128                Font12
 .data.Font16   0x20000130        0x8 library.a(stm32f429i_discovery_lcd.o)
                0x20000130                Font16
 .data.Font24   0x20000138        0x8 library.a(stm32f429i_discovery_lcd.o)
                0x20000138                Font24
 .data.SystemCoreClock
                0x20000140        0x4 library.a(system_stm32f4xx.o)
                0x20000140                SystemCoreClock
 .data.ili9341_drv
                0x20000144       0x38 library.a(ili9341.o)
                0x20000144                ili9341_drv
 .data._impure_ptr
                0x2000017c        0x4 c:/program files (x86)/gnu tools arm embedded/bin/../lib/gcc/arm-none-eabi/9.2.1/../../../../arm-none-eabi/lib/thumb/v7e-m+fp/hard\libc.a(lib_a-impure.o)
                0x2000017c                _impure_ptr
 .data.impure_data
                0x20000180      0x428 c:/program files (x86)/gnu tools arm embedded/bin/../lib/gcc/arm-none-eabi/9.2.1/../../../../arm-none-eabi/lib/thumb/v7e-m+fp/hard\libc.a(lib_a-impure.o)
 .data.__atexit_recursive_mutex
                0x200005a8        0x4 c:/program files (x86)/gnu tools arm embedded/bin/../lib/gcc/arm-none-eabi/9.2.1/../../../../arm-none-eabi/lib/thumb/v7e-m+fp/hard\libc.a(lib_a-__call_atexit.o)
                0x200005a8                __atexit_recursive_mutex
 .data.__malloc_av_
                0x200005ac      0x408 c:/program files (x86)/gnu tools arm embedded/bin/../lib/gcc/arm-none-eabi/9.2.1/../../../../arm-none-eabi/lib/thumb/v7e-m+fp/hard\libc.a(lib_a-mallocr.o)
                0x200005ac                __malloc_av_
 .data.__malloc_sbrk_base
                0x200009b4        0x4 c:/program files (x86)/gnu tools arm embedded/bin/../lib/gcc/arm-none-eabi/9.2.1/../../../../arm-none-eabi/lib/thumb/v7e-m+fp/hard\libc.a(lib_a-mallocr.o)
                0x200009b4                __malloc_sbrk_base
 .data.__malloc_trim_threshold
                0x200009b8        0x4 c:/program files (x86)/gnu tools arm embedded/bin/../lib/gcc/arm-none-eabi/9.2.1/../../../../arm-none-eabi/lib/thumb/v7e-m+fp/hard\libc.a(lib_a-mallocr.o)
                0x200009b8                __malloc_trim_threshold
 .data.__global_locale
                0x200009bc      0x16c c:/program files (x86)/gnu tools arm embedded/bin/../lib/gcc/arm-none-eabi/9.2.1/../../../../arm-none-eabi/lib/thumb/v7e-m+fp/hard\libc.a(lib_a-locale.o)
                0x200009bc                __global_locale
                0x20000b28                . = ALIGN (0x4)
                0x20000b28                PROVIDE (__preinit_array_start = .)
 *(.preinit_array)
                0x20000b28                PROVIDE (__preinit_array_end = .)
                0x20000b28                . = ALIGN (0x4)
                0x20000b28                PROVIDE (__init_array_start = .)
 *(SORT_BY_NAME(.init_array.*))
 .init_array.00000
                0x20000b28        0x4 c:/program files (x86)/gnu tools arm embedded/bin/../lib/gcc/arm-none-eabi/9.2.1/../../../../arm-none-eabi/lib/thumb/v7e-m+fp/hard\libc.a(lib_a-__call_atexit.o)
 *(.init_array)
 .init_array    0x20000b2c        0x4 c:/program files (x86)/gnu tools arm embedded/bin/../lib/gcc/arm-none-eabi/9.2.1/thumb/v7e-m+fp/hard/crtbegin.o
                0x20000b30                PROVIDE (__init_array_end = .)
                0x20000b30                . = ALIGN (0x8)
                0x20000b30                PROVIDE (__fini_array_start = .)
 *(SORT_BY_NAME(.fini_array.*))
 *(.fini_array)
 .fini_array    0x20000b30        0x4 c:/program files (x86)/gnu tools arm embedded/bin/../lib/gcc/arm-none-eabi/9.2.1/thumb/v7e-m+fp/hard/crtbegin.o
                0x20000b34                PROVIDE (__fini_array_end = .)
                0x20000b38                . = ALIGN (0x8)
 *fill*         0x20000b34        0x4 
                0x20000b38                __data_end__ = .

.igot.plt       0x20000b38        0x0 load address 0x0800febc
 .igot.plt      0x20000b38        0x0 c:/program files (x86)/gnu tools arm embedded/bin/../lib/gcc/arm-none-eabi/9.2.1/thumb/v7e-m+fp/hard/crtbegin.o

.bss            0x20000b38      0xf4c load address 0x0800febc
                0x20000b38                __bss_start__ = .
 *(.bss*)
 .bss           0x20000b38       0x1c c:/program files (x86)/gnu tools arm embedded/bin/../lib/gcc/arm-none-eabi/9.2.1/thumb/v7e-m+fp/hard/crtbegin.o
 .bss.oldMax.6725
                0x20000b54        0x4 obj/lab_linear_interpolation.o
 .bss.oldMin.6724
                0x20000b58        0x4 obj/lab_linear_interpolation.o
 .bss.plot.6718
                0x20000b5c      0x658 obj/lab_linear_interpolation.o
 .bss.buffer    0x200011b4      0x620 library.a(initialize.o)
 .bss.txtCol    0x200017d4        0x4 library.a(initialize.o)
 .bss.txtRow    0x200017d8        0x4 library.a(initialize.o)
 .bss.Is_LCD_IO_Initialized
                0x200017dc        0x1 library.a(stm32f429i_discovery.o)
 *fill*         0x200017dd        0x3 
 .bss.SpiHandle
                0x200017e0       0x58 library.a(stm32f429i_discovery.o)
 .bss.ActiveLayer
                0x20001838        0x4 library.a(stm32f429i_discovery_lcd.o)
 .bss.Dma2dHandler
                0x2000183c       0x40 library.a(stm32f429i_discovery_lcd.o)
 .bss.DrawProp  0x2000187c       0x18 library.a(stm32f429i_discovery_lcd.o)
 .bss.LtdcHandler
                0x20001894       0xa8 library.a(stm32f429i_discovery_lcd.o)
 .bss.PeriphClkInitStruct
                0x2000193c       0x30 library.a(stm32f429i_discovery_lcd.o)
 .bss.Command   0x2000196c       0x10 library.a(stm32f429i_discovery_sdram.o)
 .bss.SdramHandle
                0x2000197c       0x34 library.a(stm32f429i_discovery_sdram.o)
 .bss.Timing    0x200019b0       0x1c library.a(stm32f429i_discovery_sdram.o)
 .bss.dmaHandle.11858
                0x200019cc       0x50 library.a(stm32f429i_discovery_sdram.o)
 .bss.uwTick    0x20001a1c        0x4 library.a(stm32f4xx_hal.o)
 .bss.__malloc_current_mallinfo
                0x20001a20       0x28 c:/program files (x86)/gnu tools arm embedded/bin/../lib/gcc/arm-none-eabi/9.2.1/../../../../arm-none-eabi/lib/thumb/v7e-m+fp/hard\libc.a(lib_a-mallocr.o)
                0x20001a20                __malloc_current_mallinfo
 .bss.__malloc_max_sbrked_mem
                0x20001a48        0x4 c:/program files (x86)/gnu tools arm embedded/bin/../lib/gcc/arm-none-eabi/9.2.1/../../../../arm-none-eabi/lib/thumb/v7e-m+fp/hard\libc.a(lib_a-mallocr.o)
                0x20001a48                __malloc_max_sbrked_mem
 .bss.__malloc_max_total_mem
                0x20001a4c        0x4 c:/program files (x86)/gnu tools arm embedded/bin/../lib/gcc/arm-none-eabi/9.2.1/../../../../arm-none-eabi/lib/thumb/v7e-m+fp/hard\libc.a(lib_a-mallocr.o)
                0x20001a4c                __malloc_max_total_mem
 .bss.__malloc_top_pad
                0x20001a50        0x4 c:/program files (x86)/gnu tools arm embedded/bin/../lib/gcc/arm-none-eabi/9.2.1/../../../../arm-none-eabi/lib/thumb/v7e-m+fp/hard\libc.a(lib_a-mallocr.o)
                0x20001a50                __malloc_top_pad
 .bss.heap_end.5507
                0x20001a54        0x4 c:/program files (x86)/gnu tools arm embedded/bin/../lib/gcc/arm-none-eabi/9.2.1/../../../../arm-none-eabi/lib/thumb/v7e-m+fp/hard\libnosys.a(sbrk.o)
 *(COMMON)
 COMMON         0x20001a58        0x4 library.a(stm32f429i_discovery_lcd.o)
                0x20001a58                LcdDrv
 COMMON         0x20001a5c       0x21 c:/program files (x86)/gnu tools arm embedded/bin/../lib/gcc/arm-none-eabi/9.2.1/../../../../arm-none-eabi/lib/thumb/v7e-m+fp/hard\libc.a(lib_a-lock.o)
                0x20001a5c                __lock___atexit_recursive_mutex
                0x20001a60                __lock___arc4random_mutex
                0x20001a64                __lock___env_recursive_mutex
                0x20001a68                __lock___sinit_recursive_mutex
                0x20001a6c                __lock___malloc_recursive_mutex
                0x20001a70                __lock___at_quick_exit_mutex
                0x20001a74                __lock___dd_hash_mutex
                0x20001a78                __lock___tz_mutex
                0x20001a7c                __lock___sfp_recursive_mutex
 *fill*         0x20001a7d        0x3 
 COMMON         0x20001a80        0x4 c:/program files (x86)/gnu tools arm embedded/bin/../lib/gcc/arm-none-eabi/9.2.1/../../../../arm-none-eabi/lib/thumb/v7e-m+fp/hard\libc.a(lib_a-reent.o)
                0x20001a80                errno
                0x20001a84                __bss_end__ = .

.ccm            0x10000000        0x0
                0x10000000                . = ALIGN (0x4)
                0x10000000                __ccm_start__ = .
 *(.ccm*)
                0x10000000                . = ALIGN (0x4)
                0x10000000                __ccm_end__ = .

.heap           0x10000000      0xc00
                0x10000000                __end__ = .
                0x10000000                end = __end__
 *(.heap*)
 .heap          0x10000000      0xc00 library.a(startup_stm32f429xx.o)
                0x10000000                __HeapBase
                0x10000c00                __HeapLimit = .

.stack_dummy    0x10000000     0x1000
 *(.stack)
 .stack         0x10000000     0x1000 library.a(startup_stm32f429xx.o)
                0x10010000                __StackTop = (ORIGIN (CCM) + LENGTH (CCM))
                0x1000f000                __StackLimit = (__StackTop - SIZEOF (.stack_dummy))
                0x10010000                PROVIDE (__stack = __StackTop)
                0x00000001                ASSERT ((__StackLimit >= __HeapLimit), region CCM overflowed with stack)
OUTPUT(output.elf elf32-littlearm)

.ARM.attributes
                0x00000000       0x30
 .ARM.attributes
                0x00000000       0x1e c:/program files (x86)/gnu tools arm embedded/bin/../lib/gcc/arm-none-eabi/9.2.1/thumb/v7e-m+fp/hard/crti.o
 .ARM.attributes
                0x0000001e       0x34 c:/program files (x86)/gnu tools arm embedded/bin/../lib/gcc/arm-none-eabi/9.2.1/thumb/v7e-m+fp/hard/crtbegin.o
 .ARM.attributes
                0x00000052       0x1c c:/program files (x86)/gnu tools arm embedded/bin/../lib/gcc/arm-none-eabi/9.2.1/../../../../arm-none-eabi/lib/thumb/v7e-m+fp/hard/crt0.o
 .ARM.attributes
                0x0000006e       0x34 obj/lab_linear_interpolation.o
 .ARM.attributes
                0x000000a2       0x25 obj/lab_linear_src.o
 .ARM.attributes
                0x000000c7       0x39 library.a(initialize.o)
 .ARM.attributes
                0x00000100       0x39 library.a(stm32f429i_discovery.o)
 .ARM.attributes
                0x00000139       0x39 library.a(stm32f429i_discovery_lcd.o)
 .ARM.attributes
                0x00000172       0x39 library.a(stm32f429i_discovery_sdram.o)
 .ARM.attributes
                0x000001ab       0x39 library.a(stm32f4xx_hal.o)
 .ARM.attributes
                0x000001e4       0x39 library.a(stm32f4xx_hal_cortex.o)
 .ARM.attributes
                0x0000021d       0x39 library.a(stm32f4xx_hal_dma.o)
 .ARM.attributes
                0x00000256       0x39 library.a(stm32f4xx_hal_dma2d.o)
 .ARM.attributes
                0x0000028f       0x39 library.a(stm32f4xx_hal_gpio.o)
 .ARM.attributes
                0x000002c8       0x39 library.a(stm32f4xx_hal_ltdc.o)
 .ARM.attributes
                0x00000301       0x39 library.a(stm32f4xx_hal_rcc.o)
 .ARM.attributes
                0x0000033a       0x39 library.a(stm32f4xx_hal_rcc_ex.o)
 .ARM.attributes
                0x00000373       0x39 library.a(stm32f4xx_hal_sdram.o)
 .ARM.attributes
                0x000003ac       0x39 library.a(stm32f4xx_hal_spi.o)
 .ARM.attributes
                0x000003e5       0x39 library.a(stm32f4xx_it.o)
 .ARM.attributes
                0x0000041e       0x39 library.a(stm32f4xx_ll_fmc.o)
 .ARM.attributes
                0x00000457       0x39 library.a(system_stm32f4xx.o)
 .ARM.attributes
                0x00000490       0x1f library.a(startup_stm32f429xx.o)
 .ARM.attributes
                0x000004af       0x39 library.a(ili9341.o)
 .ARM.attributes
                0x000004e8       0x34 c:/program files (x86)/gnu tools arm embedded/bin/../lib/gcc/arm-none-eabi/9.2.1/../../../../arm-none-eabi/lib/thumb/v7e-m+fp/hard\libc.a(lib_a-exit.o)
 .ARM.attributes
                0x0000051c       0x32 c:/program files (x86)/gnu tools arm embedded/bin/../lib/gcc/arm-none-eabi/9.2.1/../../../../arm-none-eabi/lib/thumb/v7e-m+fp/hard\libc.a(lib_a-impure.o)
 .ARM.attributes
                0x0000054e       0x34 c:/program files (x86)/gnu tools arm embedded/bin/../lib/gcc/arm-none-eabi/9.2.1/../../../../arm-none-eabi/lib/thumb/v7e-m+fp/hard\libc.a(lib_a-init.o)
 .ARM.attributes
                0x00000582       0x34 c:/program files (x86)/gnu tools arm embedded/bin/../lib/gcc/arm-none-eabi/9.2.1/../../../../arm-none-eabi/lib/thumb/v7e-m+fp/hard\libc.a(lib_a-memmove.o)
 .ARM.attributes
                0x000005b6       0x34 c:/program files (x86)/gnu tools arm embedded/bin/../lib/gcc/arm-none-eabi/9.2.1/../../../../arm-none-eabi/lib/thumb/v7e-m+fp/hard\libc.a(lib_a-memset.o)
 .ARM.attributes
                0x000005ea       0x34 c:/program files (x86)/gnu tools arm embedded/bin/../lib/gcc/arm-none-eabi/9.2.1/../../../../arm-none-eabi/lib/thumb/v7e-m+fp/hard\libc.a(lib_a-printf.o)
 .ARM.attributes
                0x0000061e       0x34 c:/program files (x86)/gnu tools arm embedded/bin/../lib/gcc/arm-none-eabi/9.2.1/../../../../arm-none-eabi/lib/thumb/v7e-m+fp/hard\libc.a(lib_a-puts.o)
 .ARM.attributes
                0x00000652       0x34 c:/program files (x86)/gnu tools arm embedded/bin/../lib/gcc/arm-none-eabi/9.2.1/../../../../arm-none-eabi/lib/thumb/v7e-m+fp/hard\libc.a(lib_a-sprintf.o)
 .ARM.attributes
                0x00000686       0x34 c:/program files (x86)/gnu tools arm embedded/bin/../lib/gcc/arm-none-eabi/9.2.1/../../../../arm-none-eabi/lib/thumb/v7e-m+fp/hard\libc.a(lib_a-strcpy.o)
 .ARM.attributes
                0x000006ba       0x1c c:/program files (x86)/gnu tools arm embedded/bin/../lib/gcc/arm-none-eabi/9.2.1/../../../../arm-none-eabi/lib/thumb/v7e-m+fp/hard\libc.a(lib_a-strlen.o)
 .ARM.attributes
                0x000006d6       0x34 c:/program files (x86)/gnu tools arm embedded/bin/../lib/gcc/arm-none-eabi/9.2.1/../../../../arm-none-eabi/lib/thumb/v7e-m+fp/hard\libc.a(lib_a-svfprintf.o)
 .ARM.attributes
                0x0000070a       0x34 c:/program files (x86)/gnu tools arm embedded/bin/../lib/gcc/arm-none-eabi/9.2.1/../../../../arm-none-eabi/lib/thumb/v7e-m+fp/hard\libc.a(lib_a-vfprintf.o)
 .ARM.attributes
                0x0000073e       0x34 c:/program files (x86)/gnu tools arm embedded/bin/../lib/gcc/arm-none-eabi/9.2.1/../../../../arm-none-eabi/lib/thumb/v7e-m+fp/hard\libc.a(lib_a-vsprintf.o)
 .ARM.attributes
                0x00000772       0x34 c:/program files (x86)/gnu tools arm embedded/bin/../lib/gcc/arm-none-eabi/9.2.1/../../../../arm-none-eabi/lib/thumb/v7e-m+fp/hard\libc.a(lib_a-wsetup.o)
 .ARM.attributes
                0x000007a6       0x34 c:/program files (x86)/gnu tools arm embedded/bin/../lib/gcc/arm-none-eabi/9.2.1/../../../../arm-none-eabi/lib/thumb/v7e-m+fp/hard\libc.a(lib_a-__call_atexit.o)
 .ARM.attributes
                0x000007da       0x34 c:/program files (x86)/gnu tools arm embedded/bin/../lib/gcc/arm-none-eabi/9.2.1/../../../../arm-none-eabi/lib/thumb/v7e-m+fp/hard\libc.a(lib_a-atexit.o)
 .ARM.attributes
                0x0000080e       0x34 c:/program files (x86)/gnu tools arm embedded/bin/../lib/gcc/arm-none-eabi/9.2.1/../../../../arm-none-eabi/lib/thumb/v7e-m+fp/hard\libc.a(lib_a-dtoa.o)
 .ARM.attributes
                0x00000842       0x34 c:/program files (x86)/gnu tools arm embedded/bin/../lib/gcc/arm-none-eabi/9.2.1/../../../../arm-none-eabi/lib/thumb/v7e-m+fp/hard\libc.a(lib_a-fflush.o)
 .ARM.attributes
                0x00000876       0x34 c:/program files (x86)/gnu tools arm embedded/bin/../lib/gcc/arm-none-eabi/9.2.1/../../../../arm-none-eabi/lib/thumb/v7e-m+fp/hard\libc.a(lib_a-findfp.o)
 .ARM.attributes
                0x000008aa       0x34 c:/program files (x86)/gnu tools arm embedded/bin/../lib/gcc/arm-none-eabi/9.2.1/../../../../arm-none-eabi/lib/thumb/v7e-m+fp/hard\libc.a(lib_a-fini.o)
 .ARM.attributes
                0x000008de       0x34 c:/program files (x86)/gnu tools arm embedded/bin/../lib/gcc/arm-none-eabi/9.2.1/../../../../arm-none-eabi/lib/thumb/v7e-m+fp/hard\libc.a(lib_a-freer.o)
 .ARM.attributes
                0x00000912       0x34 c:/program files (x86)/gnu tools arm embedded/bin/../lib/gcc/arm-none-eabi/9.2.1/../../../../arm-none-eabi/lib/thumb/v7e-m+fp/hard\libc.a(lib_a-fvwrite.o)
 .ARM.attributes
                0x00000946       0x34 c:/program files (x86)/gnu tools arm embedded/bin/../lib/gcc/arm-none-eabi/9.2.1/../../../../arm-none-eabi/lib/thumb/v7e-m+fp/hard\libc.a(lib_a-fwalk.o)
 .ARM.attributes
                0x0000097a       0x34 c:/program files (x86)/gnu tools arm embedded/bin/../lib/gcc/arm-none-eabi/9.2.1/../../../../arm-none-eabi/lib/thumb/v7e-m+fp/hard\libc.a(lib_a-localeconv.o)
 .ARM.attributes
                0x000009ae       0x34 c:/program files (x86)/gnu tools arm embedded/bin/../lib/gcc/arm-none-eabi/9.2.1/../../../../arm-none-eabi/lib/thumb/v7e-m+fp/hard\libc.a(lib_a-lock.o)
 .ARM.attributes
                0x000009e2       0x34 c:/program files (x86)/gnu tools arm embedded/bin/../lib/gcc/arm-none-eabi/9.2.1/../../../../arm-none-eabi/lib/thumb/v7e-m+fp/hard\libc.a(lib_a-makebuf.o)
 .ARM.attributes
                0x00000a16       0x34 c:/program files (x86)/gnu tools arm embedded/bin/../lib/gcc/arm-none-eabi/9.2.1/../../../../arm-none-eabi/lib/thumb/v7e-m+fp/hard\libc.a(lib_a-mallocr.o)
 .ARM.attributes
                0x00000a4a       0x1c c:/program files (x86)/gnu tools arm embedded/bin/../lib/gcc/arm-none-eabi/9.2.1/../../../../arm-none-eabi/lib/thumb/v7e-m+fp/hard\libc.a(lib_a-memchr.o)
 .ARM.attributes
                0x00000a66       0x1c c:/program files (x86)/gnu tools arm embedded/bin/../lib/gcc/arm-none-eabi/9.2.1/../../../../arm-none-eabi/lib/thumb/v7e-m+fp/hard\libc.a(lib_a-memcpy.o)
 .ARM.attributes
                0x00000a82       0x34 c:/program files (x86)/gnu tools arm embedded/bin/../lib/gcc/arm-none-eabi/9.2.1/../../../../arm-none-eabi/lib/thumb/v7e-m+fp/hard\libc.a(lib_a-mlock.o)
 .ARM.attributes
                0x00000ab6       0x34 c:/program files (x86)/gnu tools arm embedded/bin/../lib/gcc/arm-none-eabi/9.2.1/../../../../arm-none-eabi/lib/thumb/v7e-m+fp/hard\libc.a(lib_a-mprec.o)
 .ARM.attributes
                0x00000aea       0x34 c:/program files (x86)/gnu tools arm embedded/bin/../lib/gcc/arm-none-eabi/9.2.1/../../../../arm-none-eabi/lib/thumb/v7e-m+fp/hard\libc.a(lib_a-reallocr.o)
 .ARM.attributes
                0x00000b1e       0x34 c:/program files (x86)/gnu tools arm embedded/bin/../lib/gcc/arm-none-eabi/9.2.1/../../../../arm-none-eabi/lib/thumb/v7e-m+fp/hard\libc.a(lib_a-s_frexp.o)
 .ARM.attributes
                0x00000b52       0x34 c:/program files (x86)/gnu tools arm embedded/bin/../lib/gcc/arm-none-eabi/9.2.1/../../../../arm-none-eabi/lib/thumb/v7e-m+fp/hard\libc.a(lib_a-sbrkr.o)
 .ARM.attributes
                0x00000b86       0x34 c:/program files (x86)/gnu tools arm embedded/bin/../lib/gcc/arm-none-eabi/9.2.1/../../../../arm-none-eabi/lib/thumb/v7e-m+fp/hard\libc.a(lib_a-stdio.o)
 .ARM.attributes
                0x00000bba       0x34 c:/program files (x86)/gnu tools arm embedded/bin/../lib/gcc/arm-none-eabi/9.2.1/../../../../arm-none-eabi/lib/thumb/v7e-m+fp/hard\libc.a(lib_a-strncpy.o)
 .ARM.attributes
                0x00000bee       0x34 c:/program files (x86)/gnu tools arm embedded/bin/../lib/gcc/arm-none-eabi/9.2.1/../../../../arm-none-eabi/lib/thumb/v7e-m+fp/hard\libc.a(lib_a-svfiprintf.o)
 .ARM.attributes
                0x00000c22       0x34 c:/program files (x86)/gnu tools arm embedded/bin/../lib/gcc/arm-none-eabi/9.2.1/../../../../arm-none-eabi/lib/thumb/v7e-m+fp/hard\libc.a(lib_a-vfiprintf.o)
 .ARM.attributes
                0x00000c56       0x34 c:/program files (x86)/gnu tools arm embedded/bin/../lib/gcc/arm-none-eabi/9.2.1/../../../../arm-none-eabi/lib/thumb/v7e-m+fp/hard\libc.a(lib_a-writer.o)
 .ARM.attributes
                0x00000c8a       0x34 c:/program files (x86)/gnu tools arm embedded/bin/../lib/gcc/arm-none-eabi/9.2.1/../../../../arm-none-eabi/lib/thumb/v7e-m+fp/hard\libc.a(lib_a-__atexit.o)
 .ARM.attributes
                0x00000cbe       0x34 c:/program files (x86)/gnu tools arm embedded/bin/../lib/gcc/arm-none-eabi/9.2.1/../../../../arm-none-eabi/lib/thumb/v7e-m+fp/hard\libc.a(lib_a-callocr.o)
 .ARM.attributes
                0x00000cf2       0x34 c:/program files (x86)/gnu tools arm embedded/bin/../lib/gcc/arm-none-eabi/9.2.1/../../../../arm-none-eabi/lib/thumb/v7e-m+fp/hard\libc.a(lib_a-closer.o)
 .ARM.attributes
                0x00000d26       0x34 c:/program files (x86)/gnu tools arm embedded/bin/../lib/gcc/arm-none-eabi/9.2.1/../../../../arm-none-eabi/lib/thumb/v7e-m+fp/hard\libc.a(lib_a-fclose.o)
 .ARM.attributes
                0x00000d5a       0x34 c:/program files (x86)/gnu tools arm embedded/bin/../lib/gcc/arm-none-eabi/9.2.1/../../../../arm-none-eabi/lib/thumb/v7e-m+fp/hard\libc.a(lib_a-fputwc.o)
 .ARM.attributes
                0x00000d8e       0x34 c:/program files (x86)/gnu tools arm embedded/bin/../lib/gcc/arm-none-eabi/9.2.1/../../../../arm-none-eabi/lib/thumb/v7e-m+fp/hard\libc.a(lib_a-fstatr.o)
 .ARM.attributes
                0x00000dc2       0x34 c:/program files (x86)/gnu tools arm embedded/bin/../lib/gcc/arm-none-eabi/9.2.1/../../../../arm-none-eabi/lib/thumb/v7e-m+fp/hard\libc.a(lib_a-isattyr.o)
 .ARM.attributes
                0x00000df6       0x34 c:/program files (x86)/gnu tools arm embedded/bin/../lib/gcc/arm-none-eabi/9.2.1/../../../../arm-none-eabi/lib/thumb/v7e-m+fp/hard\libc.a(lib_a-locale.o)
 .ARM.attributes
                0x00000e2a       0x34 c:/program files (x86)/gnu tools arm embedded/bin/../lib/gcc/arm-none-eabi/9.2.1/../../../../arm-none-eabi/lib/thumb/v7e-m+fp/hard\libc.a(lib_a-lseekr.o)
 .ARM.attributes
                0x00000e5e       0x34 c:/program files (x86)/gnu tools arm embedded/bin/../lib/gcc/arm-none-eabi/9.2.1/../../../../arm-none-eabi/lib/thumb/v7e-m+fp/hard\libc.a(lib_a-mbtowc_r.o)
 .ARM.attributes
                0x00000e92       0x34 c:/program files (x86)/gnu tools arm embedded/bin/../lib/gcc/arm-none-eabi/9.2.1/../../../../arm-none-eabi/lib/thumb/v7e-m+fp/hard\libc.a(lib_a-readr.o)
 .ARM.attributes
                0x00000ec6       0x34 c:/program files (x86)/gnu tools arm embedded/bin/../lib/gcc/arm-none-eabi/9.2.1/../../../../arm-none-eabi/lib/thumb/v7e-m+fp/hard\libc.a(lib_a-reent.o)
 .ARM.attributes
                0x00000efa       0x34 c:/program files (x86)/gnu tools arm embedded/bin/../lib/gcc/arm-none-eabi/9.2.1/../../../../arm-none-eabi/lib/thumb/v7e-m+fp/hard\libc.a(lib_a-wbuf.o)
 .ARM.attributes
                0x00000f2e       0x34 c:/program files (x86)/gnu tools arm embedded/bin/../lib/gcc/arm-none-eabi/9.2.1/../../../../arm-none-eabi/lib/thumb/v7e-m+fp/hard\libc.a(lib_a-wcrtomb.o)
 .ARM.attributes
                0x00000f62       0x34 c:/program files (x86)/gnu tools arm embedded/bin/../lib/gcc/arm-none-eabi/9.2.1/../../../../arm-none-eabi/lib/thumb/v7e-m+fp/hard\libc.a(lib_a-wctomb_r.o)
 .ARM.attributes
                0x00000f96       0x32 c:/program files (x86)/gnu tools arm embedded/bin/../lib/gcc/arm-none-eabi/9.2.1/../../../../arm-none-eabi/lib/thumb/v7e-m+fp/hard\libc.a(lib_a-ctype_.o)
 .ARM.attributes
                0x00000fc8       0x34 c:/program files (x86)/gnu tools arm embedded/bin/../lib/gcc/arm-none-eabi/9.2.1/../../../../arm-none-eabi/lib/thumb/v7e-m+fp/hard\libnosys.a(close.o)
 .ARM.attributes
                0x00000ffc       0x34 c:/program files (x86)/gnu tools arm embedded/bin/../lib/gcc/arm-none-eabi/9.2.1/../../../../arm-none-eabi/lib/thumb/v7e-m+fp/hard\libnosys.a(fstat.o)
 .ARM.attributes
                0x00001030       0x34 c:/program files (x86)/gnu tools arm embedded/bin/../lib/gcc/arm-none-eabi/9.2.1/../../../../arm-none-eabi/lib/thumb/v7e-m+fp/hard\libnosys.a(isatty.o)
 .ARM.attributes
                0x00001064       0x34 c:/program files (x86)/gnu tools arm embedded/bin/../lib/gcc/arm-none-eabi/9.2.1/../../../../arm-none-eabi/lib/thumb/v7e-m+fp/hard\libnosys.a(lseek.o)
 .ARM.attributes
                0x00001098       0x34 c:/program files (x86)/gnu tools arm embedded/bin/../lib/gcc/arm-none-eabi/9.2.1/../../../../arm-none-eabi/lib/thumb/v7e-m+fp/hard\libnosys.a(read.o)
 .ARM.attributes
                0x000010cc       0x34 c:/program files (x86)/gnu tools arm embedded/bin/../lib/gcc/arm-none-eabi/9.2.1/../../../../arm-none-eabi/lib/thumb/v7e-m+fp/hard\libnosys.a(sbrk.o)
 .ARM.attributes
                0x00001100       0x34 c:/program files (x86)/gnu tools arm embedded/bin/../lib/gcc/arm-none-eabi/9.2.1/../../../../arm-none-eabi/lib/thumb/v7e-m+fp/hard\libnosys.a(_exit.o)
 .ARM.attributes
                0x00001134       0x1e c:/program files (x86)/gnu tools arm embedded/bin/../lib/gcc/arm-none-eabi/9.2.1/thumb/v7e-m+fp/hard\libgcc.a(_arm_addsubdf3.o)
 .ARM.attributes
                0x00001152       0x1e c:/program files (x86)/gnu tools arm embedded/bin/../lib/gcc/arm-none-eabi/9.2.1/thumb/v7e-m+fp/hard\libgcc.a(_arm_muldivdf3.o)
 .ARM.attributes
                0x00001170       0x1e c:/program files (x86)/gnu tools arm embedded/bin/../lib/gcc/arm-none-eabi/9.2.1/thumb/v7e-m+fp/hard\libgcc.a(_arm_cmpdf2.o)
 .ARM.attributes
                0x0000118e       0x1e c:/program files (x86)/gnu tools arm embedded/bin/../lib/gcc/arm-none-eabi/9.2.1/thumb/v7e-m+fp/hard\libgcc.a(_arm_unorddf2.o)
 .ARM.attributes
                0x000011ac       0x1e c:/program files (x86)/gnu tools arm embedded/bin/../lib/gcc/arm-none-eabi/9.2.1/thumb/v7e-m+fp/hard\libgcc.a(_arm_fixdfsi.o)
 .ARM.attributes
                0x000011ca       0x1e c:/program files (x86)/gnu tools arm embedded/bin/../lib/gcc/arm-none-eabi/9.2.1/thumb/v7e-m+fp/hard\libgcc.a(_aeabi_uldivmod.o)
 .ARM.attributes
                0x000011e8       0x34 c:/program files (x86)/gnu tools arm embedded/bin/../lib/gcc/arm-none-eabi/9.2.1/thumb/v7e-m+fp/hard\libgcc.a(_udivmoddi4.o)
 .ARM.attributes
                0x0000121c       0x1e c:/program files (x86)/gnu tools arm embedded/bin/../lib/gcc/arm-none-eabi/9.2.1/thumb/v7e-m+fp/hard\libgcc.a(_dvmd_tls.o)
 .ARM.attributes
                0x0000123a       0x32 c:/program files (x86)/gnu tools arm embedded/bin/../lib/gcc/arm-none-eabi/9.2.1/thumb/v7e-m+fp/hard/crtend.o
 .ARM.attributes
                0x0000126c       0x1e c:/program files (x86)/gnu tools arm embedded/bin/../lib/gcc/arm-none-eabi/9.2.1/thumb/v7e-m+fp/hard/crtn.o

.comment        0x00000000      0x176
 .comment       0x00000000       0x79 obj/lab_linear_interpolation.o
                                 0x7a (size before relaxing)
 .comment       0x00000079       0x7e library.a(initialize.o)
                                 0x7f (size before relaxing)
 .comment       0x000000f7       0x7f library.a(stm32f429i_discovery.o)
                                 0x80 (size before relaxing)
 .comment       0x00000176       0x80 library.a(stm32f429i_discovery_lcd.o)
 .comment       0x00000176       0x80 library.a(stm32f429i_discovery_sdram.o)
 .comment       0x00000176       0x80 library.a(stm32f4xx_hal.o)
 .comment       0x00000176       0x80 library.a(stm32f4xx_hal_cortex.o)
 .comment       0x00000176       0x80 library.a(stm32f4xx_hal_dma.o)
 .comment       0x00000176       0x80 library.a(stm32f4xx_hal_dma2d.o)
 .comment       0x00000176       0x80 library.a(stm32f4xx_hal_gpio.o)
 .comment       0x00000176       0x80 library.a(stm32f4xx_hal_ltdc.o)
 .comment       0x00000176       0x80 library.a(stm32f4xx_hal_rcc.o)
 .comment       0x00000176       0x80 library.a(stm32f4xx_hal_rcc_ex.o)
 .comment       0x00000176       0x80 library.a(stm32f4xx_hal_sdram.o)
 .comment       0x00000176       0x80 library.a(stm32f4xx_hal_spi.o)
 .comment       0x00000176       0x80 library.a(stm32f4xx_it.o)
 .comment       0x00000176       0x80 library.a(stm32f4xx_ll_fmc.o)
 .comment       0x00000176       0x80 library.a(system_stm32f4xx.o)
 .comment       0x00000176       0x80 library.a(ili9341.o)

.debug_frame    0x00000000     0x16b8
 .debug_frame   0x00000000       0x28 c:/program files (x86)/gnu tools arm embedded/bin/../lib/gcc/arm-none-eabi/9.2.1/../../../../arm-none-eabi/lib/thumb/v7e-m+fp/hard\libc.a(lib_a-exit.o)
 .debug_frame   0x00000028       0x2c c:/program files (x86)/gnu tools arm embedded/bin/../lib/gcc/arm-none-eabi/9.2.1/../../../../arm-none-eabi/lib/thumb/v7e-m+fp/hard\libc.a(lib_a-init.o)
 .debug_frame   0x00000054       0x40 c:/program files (x86)/gnu tools arm embedded/bin/../lib/gcc/arm-none-eabi/9.2.1/../../../../arm-none-eabi/lib/thumb/v7e-m+fp/hard\libc.a(lib_a-memmove.o)
 .debug_frame   0x00000094       0x38 c:/program files (x86)/gnu tools arm embedded/bin/../lib/gcc/arm-none-eabi/9.2.1/../../../../arm-none-eabi/lib/thumb/v7e-m+fp/hard\libc.a(lib_a-memset.o)
 .debug_frame   0x000000cc       0x74 c:/program files (x86)/gnu tools arm embedded/bin/../lib/gcc/arm-none-eabi/9.2.1/../../../../arm-none-eabi/lib/thumb/v7e-m+fp/hard\libc.a(lib_a-printf.o)
 .debug_frame   0x00000140       0x4c c:/program files (x86)/gnu tools arm embedded/bin/../lib/gcc/arm-none-eabi/9.2.1/../../../../arm-none-eabi/lib/thumb/v7e-m+fp/hard\libc.a(lib_a-puts.o)
 .debug_frame   0x0000018c       0x7c c:/program files (x86)/gnu tools arm embedded/bin/../lib/gcc/arm-none-eabi/9.2.1/../../../../arm-none-eabi/lib/thumb/v7e-m+fp/hard\libc.a(lib_a-sprintf.o)
 .debug_frame   0x00000208       0x20 c:/program files (x86)/gnu tools arm embedded/bin/../lib/gcc/arm-none-eabi/9.2.1/../../../../arm-none-eabi/lib/thumb/v7e-m+fp/hard\libc.a(lib_a-strcpy.o)
 .debug_frame   0x00000228       0x68 c:/program files (x86)/gnu tools arm embedded/bin/../lib/gcc/arm-none-eabi/9.2.1/../../../../arm-none-eabi/lib/thumb/v7e-m+fp/hard\libc.a(lib_a-svfprintf.o)
 .debug_frame   0x00000290       0xbc c:/program files (x86)/gnu tools arm embedded/bin/../lib/gcc/arm-none-eabi/9.2.1/../../../../arm-none-eabi/lib/thumb/v7e-m+fp/hard\libc.a(lib_a-vfprintf.o)
 .debug_frame   0x0000034c       0x4c c:/program files (x86)/gnu tools arm embedded/bin/../lib/gcc/arm-none-eabi/9.2.1/../../../../arm-none-eabi/lib/thumb/v7e-m+fp/hard\libc.a(lib_a-vsprintf.o)
 .debug_frame   0x00000398       0x2c c:/program files (x86)/gnu tools arm embedded/bin/../lib/gcc/arm-none-eabi/9.2.1/../../../../arm-none-eabi/lib/thumb/v7e-m+fp/hard\libc.a(lib_a-wsetup.o)
 .debug_frame   0x000003c4       0x68 c:/program files (x86)/gnu tools arm embedded/bin/../lib/gcc/arm-none-eabi/9.2.1/../../../../arm-none-eabi/lib/thumb/v7e-m+fp/hard\libc.a(lib_a-__call_atexit.o)
 .debug_frame   0x0000042c       0x20 c:/program files (x86)/gnu tools arm embedded/bin/../lib/gcc/arm-none-eabi/9.2.1/../../../../arm-none-eabi/lib/thumb/v7e-m+fp/hard\libc.a(lib_a-atexit.o)
 .debug_frame   0x0000044c       0xc4 c:/program files (x86)/gnu tools arm embedded/bin/../lib/gcc/arm-none-eabi/9.2.1/../../../../arm-none-eabi/lib/thumb/v7e-m+fp/hard\libc.a(lib_a-dtoa.o)
 .debug_frame   0x00000510       0x5c c:/program files (x86)/gnu tools arm embedded/bin/../lib/gcc/arm-none-eabi/9.2.1/../../../../arm-none-eabi/lib/thumb/v7e-m+fp/hard\libc.a(lib_a-fflush.o)
 .debug_frame   0x0000056c      0x14c c:/program files (x86)/gnu tools arm embedded/bin/../lib/gcc/arm-none-eabi/9.2.1/../../../../arm-none-eabi/lib/thumb/v7e-m+fp/hard\libc.a(lib_a-findfp.o)
 .debug_frame   0x000006b8       0x34 c:/program files (x86)/gnu tools arm embedded/bin/../lib/gcc/arm-none-eabi/9.2.1/../../../../arm-none-eabi/lib/thumb/v7e-m+fp/hard\libc.a(lib_a-fini.o)
 .debug_frame   0x000006ec       0x8c c:/program files (x86)/gnu tools arm embedded/bin/../lib/gcc/arm-none-eabi/9.2.1/../../../../arm-none-eabi/lib/thumb/v7e-m+fp/hard\libc.a(lib_a-freer.o)
 .debug_frame   0x00000778       0x64 c:/program files (x86)/gnu tools arm embedded/bin/../lib/gcc/arm-none-eabi/9.2.1/../../../../arm-none-eabi/lib/thumb/v7e-m+fp/hard\libc.a(lib_a-fvwrite.o)
 .debug_frame   0x000007dc       0x54 c:/program files (x86)/gnu tools arm embedded/bin/../lib/gcc/arm-none-eabi/9.2.1/../../../../arm-none-eabi/lib/thumb/v7e-m+fp/hard\libc.a(lib_a-fwalk.o)
 .debug_frame   0x00000830       0x40 c:/program files (x86)/gnu tools arm embedded/bin/../lib/gcc/arm-none-eabi/9.2.1/../../../../arm-none-eabi/lib/thumb/v7e-m+fp/hard\libc.a(lib_a-localeconv.o)
 .debug_frame   0x00000870       0xb0 c:/program files (x86)/gnu tools arm embedded/bin/../lib/gcc/arm-none-eabi/9.2.1/../../../../arm-none-eabi/lib/thumb/v7e-m+fp/hard\libc.a(lib_a-lock.o)
 .debug_frame   0x00000920       0x6c c:/program files (x86)/gnu tools arm embedded/bin/../lib/gcc/arm-none-eabi/9.2.1/../../../../arm-none-eabi/lib/thumb/v7e-m+fp/hard\libc.a(lib_a-makebuf.o)
 .debug_frame   0x0000098c       0x4c c:/program files (x86)/gnu tools arm embedded/bin/../lib/gcc/arm-none-eabi/9.2.1/../../../../arm-none-eabi/lib/thumb/v7e-m+fp/hard\libc.a(lib_a-mallocr.o)
 .debug_frame   0x000009d8       0x30 c:/program files (x86)/gnu tools arm embedded/bin/../lib/gcc/arm-none-eabi/9.2.1/../../../../arm-none-eabi/lib/thumb/v7e-m+fp/hard\libc.a(lib_a-mlock.o)
 .debug_frame   0x00000a08      0x278 c:/program files (x86)/gnu tools arm embedded/bin/../lib/gcc/arm-none-eabi/9.2.1/../../../../arm-none-eabi/lib/thumb/v7e-m+fp/hard\libc.a(lib_a-mprec.o)
 .debug_frame   0x00000c80       0x48 c:/program files (x86)/gnu tools arm embedded/bin/../lib/gcc/arm-none-eabi/9.2.1/../../../../arm-none-eabi/lib/thumb/v7e-m+fp/hard\libc.a(lib_a-reallocr.o)
 .debug_frame   0x00000cc8       0x2c c:/program files (x86)/gnu tools arm embedded/bin/../lib/gcc/arm-none-eabi/9.2.1/../../../../arm-none-eabi/lib/thumb/v7e-m+fp/hard\libc.a(lib_a-s_frexp.o)
 .debug_frame   0x00000cf4       0x2c c:/program files (x86)/gnu tools arm embedded/bin/../lib/gcc/arm-none-eabi/9.2.1/../../../../arm-none-eabi/lib/thumb/v7e-m+fp/hard\libc.a(lib_a-sbrkr.o)
 .debug_frame   0x00000d20       0x8c c:/program files (x86)/gnu tools arm embedded/bin/../lib/gcc/arm-none-eabi/9.2.1/../../../../arm-none-eabi/lib/thumb/v7e-m+fp/hard\libc.a(lib_a-stdio.o)
 .debug_frame   0x00000dac       0x38 c:/program files (x86)/gnu tools arm embedded/bin/../lib/gcc/arm-none-eabi/9.2.1/../../../../arm-none-eabi/lib/thumb/v7e-m+fp/hard\libc.a(lib_a-strncpy.o)
 .debug_frame   0x00000de4       0x88 c:/program files (x86)/gnu tools arm embedded/bin/../lib/gcc/arm-none-eabi/9.2.1/../../../../arm-none-eabi/lib/thumb/v7e-m+fp/hard\libc.a(lib_a-svfiprintf.o)
 .debug_frame   0x00000e6c       0xe8 c:/program files (x86)/gnu tools arm embedded/bin/../lib/gcc/arm-none-eabi/9.2.1/../../../../arm-none-eabi/lib/thumb/v7e-m+fp/hard\libc.a(lib_a-vfiprintf.o)
 .debug_frame   0x00000f54       0x2c c:/program files (x86)/gnu tools arm embedded/bin/../lib/gcc/arm-none-eabi/9.2.1/../../../../arm-none-eabi/lib/thumb/v7e-m+fp/hard\libc.a(lib_a-writer.o)
 .debug_frame   0x00000f80       0x34 c:/program files (x86)/gnu tools arm embedded/bin/../lib/gcc/arm-none-eabi/9.2.1/../../../../arm-none-eabi/lib/thumb/v7e-m+fp/hard\libc.a(lib_a-__atexit.o)
 .debug_frame   0x00000fb4       0x28 c:/program files (x86)/gnu tools arm embedded/bin/../lib/gcc/arm-none-eabi/9.2.1/../../../../arm-none-eabi/lib/thumb/v7e-m+fp/hard\libc.a(lib_a-callocr.o)
 .debug_frame   0x00000fdc       0x2c c:/program files (x86)/gnu tools arm embedded/bin/../lib/gcc/arm-none-eabi/9.2.1/../../../../arm-none-eabi/lib/thumb/v7e-m+fp/hard\libc.a(lib_a-closer.o)
 .debug_frame   0x00001008       0x3c c:/program files (x86)/gnu tools arm embedded/bin/../lib/gcc/arm-none-eabi/9.2.1/../../../../arm-none-eabi/lib/thumb/v7e-m+fp/hard\libc.a(lib_a-fclose.o)
 .debug_frame   0x00001044       0xa4 c:/program files (x86)/gnu tools arm embedded/bin/../lib/gcc/arm-none-eabi/9.2.1/../../../../arm-none-eabi/lib/thumb/v7e-m+fp/hard\libc.a(lib_a-fputwc.o)
 .debug_frame   0x000010e8       0x2c c:/program files (x86)/gnu tools arm embedded/bin/../lib/gcc/arm-none-eabi/9.2.1/../../../../arm-none-eabi/lib/thumb/v7e-m+fp/hard\libc.a(lib_a-fstatr.o)