Archive member included to satisfy reference by file (symbol)

library.a(initialize.o)       obj/lab_floating_point_quads.o (ClearDisplay)
library.a(stm32f429i_discovery.o)
                              library.a(initialize.o) (BSP_PB_Init)
library.a(stm32f429i_discovery_lcd.o)
                              library.a(initialize.o) (BSP_LCD_Init)
library.a(stm32f429i_discovery_sdram.o)
                              library.a(stm32f429i_discovery_lcd.o) (BSP_SDRAM_Init)
library.a(stm32f4xx_hal.o)    library.a(initialize.o) (HAL_Init)
library.a(stm32f4xx_hal_cortex.o)
                              library.a(stm32f4xx_hal.o) (HAL_NVIC_SetPriorityGrouping)
library.a(stm32f4xx_hal_dma.o)
                              library.a(stm32f429i_discovery_sdram.o) (HAL_DMA_Init)
library.a(stm32f4xx_hal_dma2d.o)
                              library.a(stm32f429i_discovery_lcd.o) (HAL_DMA2D_Init)
library.a(stm32f4xx_hal_gpio.o)
                              library.a(stm32f429i_discovery.o) (HAL_GPIO_Init)
library.a(stm32f4xx_hal_i2c.o)
                              library.a(stm32f429i_discovery.o) (HAL_I2C_Init)
library.a(stm32f4xx_hal_ltdc.o)
                              library.a(stm32f429i_discovery_lcd.o) (HAL_LTDC_Init)
library.a(stm32f4xx_hal_rcc.o)
                              library.a(initialize.o) (HAL_RCC_OscConfig)
library.a(stm32f4xx_hal_rcc_ex.o)
                              library.a(stm32f429i_discovery_lcd.o) (HAL_RCCEx_PeriphCLKConfig)
library.a(stm32f4xx_hal_sdram.o)
                              library.a(stm32f429i_discovery_sdram.o) (HAL_SDRAM_Init)
library.a(stm32f4xx_hal_spi.o)
                              library.a(stm32f429i_discovery.o) (HAL_SPI_Init)
library.a(stm32f4xx_it.o)     library.a(initialize.o) (IncludeThis)
library.a(stm32f4xx_ll_fmc.o)
                              library.a(stm32f4xx_hal_sdram.o) (FMC_SDRAM_Init)
library.a(system_stm32f4xx.o)
                              library.a(stm32f4xx_hal_rcc.o) (SystemCoreClock)
library.a(touch.o)            obj/lab_floating_point_quads.o (TS_Init)
library.a(startup_stm32f429xx.o)
                              library.a(initialize.o) (Reset_Handler)
library.a(ili9341.o)          library.a(stm32f429i_discovery_lcd.o) (ili9341_drv)
library.a(stm32f429i_discovery_ts.o)
                              library.a(touch.o) (BSP_TS_Init)
library.a(stmpe811.o)         library.a(stm32f429i_discovery_ts.o) (stmpe811_ts_drv)
c:/program files (x86)/gnu tools arm embedded/bin/../lib/gcc/arm-none-eabi/9.2.1/../../../../arm-none-eabi/lib/thumb/v7e-m+fp/hard\libc.a(lib_a-exit.o)
                              c:/program files (x86)/gnu tools arm embedded/bin/../lib/gcc/arm-none-eabi/9.2.1/../../../../arm-none-eabi/lib/thumb/v7e-m+fp/hard/crt0.o (exit)
c:/program files (x86)/gnu tools arm embedded/bin/../lib/gcc/arm-none-eabi/9.2.1/../../../../arm-none-eabi/lib/thumb/v7e-m+fp/hard\libc.a(lib_a-impure.o)
                              c:/program files (x86)/gnu tools arm embedded/bin/../lib/gcc/arm-none-eabi/9.2.1/../../../../arm-none-eabi/lib/thumb/v7e-m+fp/hard\libc.a(lib_a-exit.o) (_global_impure_ptr)
c:/program files (x86)/gnu tools arm embedded/bin/../lib/gcc/arm-none-eabi/9.2.1/../../../../arm-none-eabi/lib/thumb/v7e-m+fp/hard\libc.a(lib_a-init.o)
                              c:/program files (x86)/gnu tools arm embedded/bin/../lib/gcc/arm-none-eabi/9.2.1/../../../../arm-none-eabi/lib/thumb/v7e-m+fp/hard/crt0.o (__libc_init_array)
c:/program files (x86)/gnu tools arm embedded/bin/../lib/gcc/arm-none-eabi/9.2.1/../../../../arm-none-eabi/lib/thumb/v7e-m+fp/hard\libc.a(lib_a-memcmp.o)
                              obj/lab_floating_point_quads.o (memcmp)
c:/program files (x86)/gnu tools arm embedded/bin/../lib/gcc/arm-none-eabi/9.2.1/../../../../arm-none-eabi/lib/thumb/v7e-m+fp/hard\libc.a(lib_a-memset.o)
                              c:/program files (x86)/gnu tools arm embedded/bin/../lib/gcc/arm-none-eabi/9.2.1/../../../../arm-none-eabi/lib/thumb/v7e-m+fp/hard/crt0.o (memset)
c:/program files (x86)/gnu tools arm embedded/bin/../lib/gcc/arm-none-eabi/9.2.1/../../../../arm-none-eabi/lib/thumb/v7e-m+fp/hard\libc.a(lib_a-printf.o)
                              library.a(initialize.o) (printf)
c:/program files (x86)/gnu tools arm embedded/bin/../lib/gcc/arm-none-eabi/9.2.1/../../../../arm-none-eabi/lib/thumb/v7e-m+fp/hard\libc.a(lib_a-strcpy.o)
                              library.a(initialize.o) (strcpy)
c:/program files (x86)/gnu tools arm embedded/bin/../lib/gcc/arm-none-eabi/9.2.1/../../../../arm-none-eabi/lib/thumb/v7e-m+fp/hard\libc.a(lib_a-strlen.o)
                              obj/lab_floating_point_quads.o (strlen)
c:/program files (x86)/gnu tools arm embedded/bin/../lib/gcc/arm-none-eabi/9.2.1/../../../../arm-none-eabi/lib/thumb/v7e-m+fp/hard\libc.a(lib_a-vfprintf.o)
[...]
Memory Configuration

Name             Origin             Length             Attributes
ROM              0x08000000         0x00200000         xr
RAM              0x20000000         0x00030000         xrw
CCM              0x10000000         0x00010000         xrw
*default*        0x00000000         0xffffffff

Linker script and memory map

LOAD c:/program files (x86)/gnu tools arm embedded/bin/../lib/gcc/arm-none-eabi/9.2.1/thumb/v7e-m+fp/hard/crti.o
LOAD c:/program files (x86)/gnu tools arm embedded/bin/../lib/gcc/arm-none-eabi/9.2.1/thumb/v7e-m+fp/hard/crtbegin.o
LOAD c:/program files (x86)/gnu tools arm embedded/bin/../lib/gcc/arm-none-eabi/9.2.1/../../../../arm-none-eabi/lib/thumb/v7e-m+fp/hard/crt0.o
LOAD obj/lab_floating_point_quads.o
LOAD obj/lab_floating_point_quads_src.o
LOAD library.a
LOAD library.a
LOAD c:/program files (x86)/gnu tools arm embedded/bin/../lib/gcc/arm-none-eabi/9.2.1/../../../../arm-none-eabi/lib/thumb/v7e-m+fp/hard\libm.a
LOAD c:/program files (x86)/gnu tools arm embedded/bin/../lib/gcc/arm-none-eabi/9.2.1/../../../../arm-none-eabi/lib/thumb/v7e-m+fp/hard\libc.a
LOAD c:/program files (x86)/gnu tools arm embedded/bin/../lib/gcc/arm-none-eabi/9.2.1/../../../../arm-none-eabi/lib/thumb/v7e-m+fp/hard\libnosys.a
LOAD c:/program files (x86)/gnu tools arm embedded/bin/../lib/gcc/arm-none-eabi/9.2.1/../../../../arm-none-eabi/lib/thumb/v7e-m+fp/hard\libc.a
START GROUP
LOAD c:/program files (x86)/gnu tools arm embedded/bin/../lib/gcc/arm-none-eabi/9.2.1/thumb/v7e-m+fp/hard\libgcc.a
LOAD c:/program files (x86)/gnu tools arm embedded/bin/../lib/gcc/arm-none-eabi/9.2.1/../../../../arm-none-eabi/lib/thumb/v7e-m+fp/hard\libc.a
END GROUP
LOAD c:/program files (x86)/gnu tools arm embedded/bin/../lib/gcc/arm-none-eabi/9.2.1/thumb/v7e-m+fp/hard/crtend.o
LOAD c:/program files (x86)/gnu tools arm embedded/bin/../lib/gcc/arm-none-eabi/9.2.1/thumb/v7e-m+fp/hard/crtn.o

.text           0x08000000     0xdaac
 *(.isr_vector)
 .isr_vector    0x08000000      0x1ac library.a(startup_stm32f429xx.o)
                0x08000000                __isr_vector
 *(.text*)
 .text          0x080001ac       0x40 c:/program files (x86)/gnu tools arm embedded/bin/../lib/gcc/arm-none-eabi/9.2.1/thumb/v7e-m+fp/hard/crtbegin.o
 .text          0x080001ec       0x74 c:/program files (x86)/gnu tools arm embedded/bin/../lib/gcc/arm-none-eabi/9.2.1/../../../../arm-none-eabi/lib/thumb/v7e-m+fp/hard/crt0.o
                0x080001ec                _start
                0x080001ec                _mainCRTStartup
 .text.PutStringAt
                0x08000260       0x30 obj/lab_floating_point_quads.o
 .text.Error    0x08000290       0xf8 obj/lab_floating_point_quads.o
 .text.PutStringAt.constprop.0
                0x08000388       0x30 obj/lab_floating_point_quads.o
 .text.PutStringAt.constprop.1
                0x080003b8       0x30 obj/lab_floating_point_quads.o
 .text.PutStringAt.constprop.2
                0x080003e8       0x30 obj/lab_floating_point_quads.o
 .text.InitSliders.constprop.0
                0x08000418      0x158 obj/lab_floating_point_quads.o
 .text.startup.main
                0x08000570      0xa88 obj/lab_floating_point_quads.o
                0x08000570                main
 .text          0x08000ff8       0x90 obj/lab_floating_point_quads_src.o
                0x08000ff8                Discriminant
                0x08001010                Quadratic
                0x08001028                Root1
                0x08001058                Root2
 .text.ClearDisplay
                0x08001088       0x34 library.a(initialize.o)
                0x08001088                ClearDisplay
 .text.DisplayHeader
                0x080010bc       0x80 library.a(initialize.o)
                0x080010bc                DisplayHeader
 .text.DisplayFooter
                0x0800113c       0x58 library.a(initialize.o)
                0x0800113c                DisplayFooter
 .text.InitializeHardware
                0x08001194      0x110 library.a(initialize.o)
                0x08001194                InitializeHardware
 .text.WaitForPushButton
                0x080012a4       0x18 library.a(initialize.o)
                0x080012a4                WaitForPushButton
 .text.PushButtonPressed
                0x080012bc       0x10 library.a(initialize.o)
                0x080012bc                PushButtonPressed
 .text.SPIx_Init
                0x080012cc       0x94 library.a(stm32f429i_discovery.o)
 .text.I2Cx_Init
                0x08001360       0xe0 library.a(stm32f429i_discovery.o)
 .text.I2Cx_Error
                0x08001440       0x14 library.a(stm32f429i_discovery.o)
 .text.SPIx_Write
                0x08001454       0x30 library.a(stm32f429i_discovery.o)
 .text.BSP_PB_Init
                0x08001484       0x70 library.a(stm32f429i_discovery.o)
                0x08001484                BSP_PB_Init
 .text.BSP_PB_GetState
                0x080014f4       0x14 library.a(stm32f429i_discovery.o)
                0x080014f4                BSP_PB_GetState
 .text.LCD_IO_Init
                0x08001508       0xb0 library.a(stm32f429i_discovery.o)
                0x08001508                LCD_IO_Init
 .text.LCD_IO_WriteData
                0x080015b8       0x38 library.a(stm32f429i_discovery.o)
                0x080015b8                LCD_IO_WriteData
 .text.LCD_IO_WriteReg
                0x080015f0       0x38 library.a(stm32f429i_discovery.o)
                0x080015f0                LCD_IO_WriteReg
 .text.LCD_IO_ReadData
                0x08001628       0x6c library.a(stm32f429i_discovery.o)
                0x08001628                LCD_IO_ReadData
 .text.LCD_Delay
                0x08001694        0x4 library.a(stm32f429i_discovery.o)
                0x08001694                LCD_Delay
 .text.IOE_Init
                0x08001698        0x4 library.a(stm32f429i_discovery.o)
                0x08001698                IOE_Init
 .text.IOE_ITConfig
                0x0800169c       0x54 library.a(stm32f429i_discovery.o)
                0x0800169c                IOE_ITConfig
 .text.IOE_Write
                0x080016f0       0x34 library.a(stm32f429i_discovery.o)
                0x080016f0                IOE_Write
 .text.IOE_Read
                0x08001724       0x38 library.a(stm32f429i_discovery.o)
                0x08001724                IOE_Read
 .text.IOE_ReadMultiple
                0x0800175c       0x2c library.a(stm32f429i_discovery.o)
                0x0800175c                IOE_ReadMultiple
 .text.IOE_Delay
                0x08001788        0x4 library.a(stm32f429i_discovery.o)
                0x08001788                IOE_Delay
 .text.FillBuffer
                0x0800178c       0x64 library.a(stm32f429i_discovery_lcd.o)
 .text.BSP_LCD_Init
                0x080017f0      0x1cc library.a(stm32f429i_discovery_lcd.o)
                0x080017f0                BSP_LCD_Init
 .text.BSP_LCD_GetXSize
                0x080019bc       0x10 library.a(stm32f429i_discovery_lcd.o)
                0x080019bc                BSP_LCD_GetXSize
 .text.BSP_LCD_GetYSize
                0x080019cc       0x10 library.a(stm32f429i_discovery_lcd.o)
                0x080019cc                BSP_LCD_GetYSize
 .text.BSP_LCD_LayerDefaultInit
                0x080019dc       0x7c library.a(stm32f429i_discovery_lcd.o)
                0x080019dc                BSP_LCD_LayerDefaultInit
 .text.BSP_LCD_SelectLayer
                0x08001a58        0xc library.a(stm32f429i_discovery_lcd.o)
                0x08001a58                BSP_LCD_SelectLayer
 .text.BSP_LCD_SetTextColor
                0x08001a64       0x18 library.a(stm32f429i_discovery_lcd.o)
                0x08001a64                BSP_LCD_SetTextColor
 .text.BSP_LCD_SetBackColor
                0x08001a7c       0x18 library.a(stm32f429i_discovery_lcd.o)
                0x08001a7c                BSP_LCD_SetBackColor
 .text.BSP_LCD_SetFont
                0x08001a94       0x18 library.a(stm32f429i_discovery_lcd.o)
                0x08001a94                BSP_LCD_SetFont
 .text.BSP_LCD_Clear
                0x08001aac       0x3c library.a(stm32f429i_discovery_lcd.o)
                0x08001aac                BSP_LCD_Clear
 .text.BSP_LCD_DrawHLine
                0x08001ae8       0x50 library.a(stm32f429i_discovery_lcd.o)
                0x08001ae8                BSP_LCD_DrawHLine
 .text.BSP_LCD_DrawVLine
                0x08001b38       0x58 library.a(stm32f429i_discovery_lcd.o)
                0x08001b38                BSP_LCD_DrawVLine
 .text.BSP_LCD_DrawRect
                0x08001b90       0x34 library.a(stm32f429i_discovery_lcd.o)
                0x08001b90                BSP_LCD_DrawRect
 .text.BSP_LCD_FillRect
                0x08001bc4       0x5c library.a(stm32f429i_discovery_lcd.o)
                0x08001bc4                BSP_LCD_FillRect
 .text.BSP_LCD_DisplayOn
                0x08001c20       0x10 library.a(stm32f429i_discovery_lcd.o)
                0x08001c20                BSP_LCD_DisplayOn
 .text.BSP_LCD_DrawPixel
                0x08001c30       0x2c library.a(stm32f429i_discovery_lcd.o)
                0x08001c30                BSP_LCD_DrawPixel
 .text.BSP_LCD_DisplayChar
                0x08001c5c       0xd0 library.a(stm32f429i_discovery_lcd.o)
                0x08001c5c                BSP_LCD_DisplayChar
 .text.BSP_LCD_DisplayStringAt
                0x08001d2c       0xb8 library.a(stm32f429i_discovery_lcd.o)
                0x08001d2c                BSP_LCD_DisplayStringAt
 .text.BSP_LCD_DrawLine
                0x08001de4       0xd0 library.a(stm32f429i_discovery_lcd.o)
                0x08001de4                BSP_LCD_DrawLine
 .text.BSP_LCD_DrawCircle
                0x08001eb4      0x138 library.a(stm32f429i_discovery_lcd.o)
                0x08001eb4                BSP_LCD_DrawCircle
 .text.BSP_LCD_FillCircle
                0x08001fec       0xaa library.a(stm32f429i_discovery_lcd.o)
                0x08001fec                BSP_LCD_FillCircle
 *fill*         0x08002096        0x2 
 .text.BSP_SDRAM_Initialization_sequence
                0x08002098       0x94 library.a(stm32f429i_discovery_sdram.o)
                0x08002098                BSP_SDRAM_Initialization_sequence
 .text.BSP_SDRAM_Init
                0x0800212c      0x1d4 library.a(stm32f429i_discovery_sdram.o)
                0x0800212c                BSP_SDRAM_Init
 .text.HAL_MspInit
                0x08002300        0x2 library.a(stm32f4xx_hal.o)
                0x08002300                HAL_MspInit
 .text.HAL_InitTick
                0x08002302       0x24 library.a(stm32f4xx_hal.o)
                0x08002302                HAL_InitTick
 *fill*         0x08002326        0x2 
 .text.HAL_Init
                0x08002328       0x34 library.a(stm32f4xx_hal.o)
                0x08002328                HAL_Init
 .text.HAL_IncTick
                0x0800235c       0x10 library.a(stm32f4xx_hal.o)
                0x0800235c                HAL_IncTick
 .text.HAL_GetTick
                0x0800236c        0xc library.a(stm32f4xx_hal.o)
                0x0800236c                HAL_GetTick
 .text.HAL_Delay
                0x08002378       0x1a library.a(stm32f4xx_hal.o)
                0x08002378                HAL_Delay
 *fill*         0x08002392        0x2 
 .text.HAL_NVIC_SetPriorityGrouping
                0x08002394       0x24 library.a(stm32f4xx_hal_cortex.o)
                0x08002394                HAL_NVIC_SetPriorityGrouping
 .text.HAL_NVIC_SetPriority
                0x080023b8       0x68 library.a(stm32f4xx_hal_cortex.o)
                0x080023b8                HAL_NVIC_SetPriority
 .text.HAL_NVIC_EnableIRQ
                0x08002420       0x18 library.a(stm32f4xx_hal_cortex.o)
                0x08002420                HAL_NVIC_EnableIRQ
 .text.HAL_SYSTICK_Config
                0x08002438       0x2c library.a(stm32f4xx_hal_cortex.o)
                0x08002438                HAL_SYSTICK_Config
 .text.HAL_DMA_Init
                0x08002464       0x78 library.a(stm32f4xx_hal_dma.o)
                0x08002464                HAL_DMA_Init
 .text.HAL_DMA_DeInit
                0x080024dc      0xac4 library.a(stm32f4xx_hal_dma.o)
                0x080024dc                HAL_DMA_DeInit
 .text.DMA2D_SetConfig
                0x08002fa0       0x80 library.a(stm32f4xx_hal_dma2d.o)
 .text.HAL_DMA2D_MspInit
                0x08003020        0x2 library.a(stm32f4xx_hal_dma2d.o)
                0x08003020                HAL_DMA2D_MspInit
 .text.HAL_DMA2D_Init
                0x08003022       0x5c library.a(stm32f4xx_hal_dma2d.o)
                0x08003022                HAL_DMA2D_Init
 .text.HAL_DMA2D_Start
                0x0800307e       0x40 library.a(stm32f4xx_hal_dma2d.o)
                0x0800307e                HAL_DMA2D_Start
 .text.HAL_DMA2D_PollForTransfer
                0x080030be       0xc2 library.a(stm32f4xx_hal_dma2d.o)
                0x080030be                HAL_DMA2D_PollForTransfer
 .text.HAL_DMA2D_ConfigLayer
                0x08003180       0xe8 library.a(stm32f4xx_hal_dma2d.o)
                0x08003180                HAL_DMA2D_ConfigLayer
 .text.HAL_GPIO_Init
                0x08003268      0x1d8 library.a(stm32f4xx_hal_gpio.o)
                0x08003268                HAL_GPIO_Init
 .text.HAL_GPIO_ReadPin
                0x08003440        0xc library.a(stm32f4xx_hal_gpio.o)
                0x08003440                HAL_GPIO_ReadPin
 .text.HAL_GPIO_WritePin
                0x0800344c        0xa library.a(stm32f4xx_hal_gpio.o)
                0x0800344c                HAL_GPIO_WritePin
 .text.I2C_WaitOnMasterAddressFlagUntilTimeout
                0x08003456       0x64 library.a(stm32f4xx_hal_i2c.o)
 .text.I2C_WaitOnFlagUntilTimeout
                0x080034ba       0x8e library.a(stm32f4xx_hal_i2c.o)
 .text.I2C_RequestMemoryWrite
                0x08003548       0x90 library.a(stm32f4xx_hal_i2c.o)
 .text.I2C_RequestMemoryRead
                0x080035d8       0xdc library.a(stm32f4xx_hal_i2c.o)
 .text.HAL_I2C_MspInit
                0x080036b4        0x2 library.a(stm32f4xx_hal_i2c.o)
                0x080036b4                HAL_I2C_MspInit
 *fill*         0x080036b6        0x2 
 .text.HAL_I2C_Init
                0x080036b8       0xe8 library.a(stm32f4xx_hal_i2c.o)
                0x080036b8                HAL_I2C_Init
 .text.HAL_I2C_MspDeInit
                0x080037a0        0x2 library.a(stm32f4xx_hal_i2c.o)
                0x080037a0                HAL_I2C_MspDeInit
 .text.HAL_I2C_DeInit
                0x080037a2       0x2c library.a(stm32f4xx_hal_i2c.o)
                0x080037a2                HAL_I2C_DeInit
 *fill*         0x080037ce        0x2 
 .text.HAL_I2C_Mem_Write
                0x080037d0       0xe4 library.a(stm32f4xx_hal_i2c.o)
                0x080037d0                HAL_I2C_Mem_Write
 .text.HAL_I2C_Mem_Read
                0x080038b4      0x1b4 library.a(stm32f4xx_hal_i2c.o)
                0x080038b4                HAL_I2C_Mem_Read
 .text.HAL_I2C_GetState
                0x08003a68        0x6 library.a(stm32f4xx_hal_i2c.o)
                0x08003a68                HAL_I2C_GetState
 .text.LTDC_SetConfig
                0x08003a6e      0x148 library.a(stm32f4xx_hal_ltdc.o)
 .text.HAL_LTDC_MspInit
                0x08003bb6        0x2 library.a(stm32f4xx_hal_ltdc.o)
                0x08003bb6                HAL_LTDC_MspInit
 .text.HAL_LTDC_Init
                0x08003bb8       0xfc library.a(stm32f4xx_hal_ltdc.o)
                0x08003bb8                HAL_LTDC_Init
 .text.HAL_LTDC_ConfigLayer
                0x08003cb4       0x52 library.a(stm32f4xx_hal_ltdc.o)
                0x08003cb4                HAL_LTDC_ConfigLayer
 *fill*         0x08003d06        0x2 
 .text.HAL_LTDC_EnableDither
                0x08003d08       0x34 library.a(stm32f4xx_hal_ltdc.o)
                0x08003d08                HAL_LTDC_EnableDither
 .text.HAL_RCC_OscConfig
                0x08003d3c      0x33c library.a(stm32f4xx_hal_rcc.o)
                0x08003d3c                HAL_RCC_OscConfig
 .text.HAL_RCC_ClockConfig
                0x08004078      0x1f8 library.a(stm32f4xx_hal_rcc.o)
                0x08004078                HAL_RCC_ClockConfig
 .text.HAL_RCC_GetSysClockFreq
                0x08004270       0x78 library.a(stm32f4xx_hal_rcc.o)
                0x08004270                HAL_RCC_GetSysClockFreq
 .text.HAL_RCC_GetHCLKFreq
                0x080042e8       0x38 library.a(stm32f4xx_hal_rcc.o)
                0x080042e8                HAL_RCC_GetHCLKFreq
 .text.HAL_RCC_GetPCLK1Freq
                0x08004320       0x30 library.a(stm32f4xx_hal_rcc.o)
                0x08004320                HAL_RCC_GetPCLK1Freq
 .text.HAL_RCCEx_PeriphCLKConfig
                0x08004350      0x2e8 library.a(stm32f4xx_hal_rcc_ex.o)
                0x08004350                HAL_RCCEx_PeriphCLKConfig
 .text.HAL_SDRAM_MspInit
                0x08004638        0x2 library.a(stm32f4xx_hal_sdram.o)
                0x08004638                HAL_SDRAM_MspInit
 .text.HAL_SDRAM_Init
                0x0800463a       0x40 library.a(stm32f4xx_hal_sdram.o)
                0x0800463a                HAL_SDRAM_Init
 .text.HAL_SDRAM_SendCommand
                0x0800467a       0x2e library.a(stm32f4xx_hal_sdram.o)
                0x0800467a                HAL_SDRAM_SendCommand
 .text.HAL_SDRAM_ProgramRefreshRate
                0x080046a8       0x24 library.a(stm32f4xx_hal_sdram.o)
                0x080046a8                HAL_SDRAM_ProgramRefreshRate
 .text.SPI_WaitOnFlagUntilTimeout
                0x080046cc       0x94 library.a(stm32f4xx_hal_spi.o)
 .text.HAL_SPI_MspInit
                0x08004760        0x2 library.a(stm32f4xx_hal_spi.o)
                0x08004760                HAL_SPI_MspInit
 .text.HAL_SPI_Init
                0x08004762       0x82 library.a(stm32f4xx_hal_spi.o)
                0x08004762                HAL_SPI_Init
 .text.HAL_SPI_MspDeInit
                0x080047e4        0x2 library.a(stm32f4xx_hal_spi.o)
                0x080047e4                HAL_SPI_MspDeInit
 .text.HAL_SPI_DeInit
                0x080047e6       0x26 library.a(stm32f4xx_hal_spi.o)
                0x080047e6                HAL_SPI_DeInit
 .text.HAL_SPI_Transmit
                0x0800480c      0x148 library.a(stm32f4xx_hal_spi.o)
                0x0800480c                HAL_SPI_Transmit
 .text.HAL_SPI_TransmitReceive
                0x08004954      0x2c4 library.a(stm32f4xx_hal_spi.o)
                0x08004954                HAL_SPI_TransmitReceive
 .text.HAL_SPI_Receive
                0x08004c18      0x1d0 library.a(stm32f4xx_hal_spi.o)
                0x08004c18                HAL_SPI_Receive
 .text.HAL_SPI_GetState
                0x08004de8        0x6 library.a(stm32f4xx_hal_spi.o)
                0x08004de8                HAL_SPI_GetState
 .text.NMI_Handler
                0x08004dee        0x2 library.a(stm32f4xx_it.o)
                0x08004dee                NMI_Handler
 .text.SVC_Handler
                0x08004df0        0x2 library.a(stm32f4xx_it.o)
                0x08004df0                SVC_Handler
 .text.DebugMon_Handler
                0x08004df2        0x2 library.a(stm32f4xx_it.o)
                0x08004df2                DebugMon_Handler
 .text.PendSV_Handler
                0x08004df4        0x2 library.a(stm32f4xx_it.o)
                0x08004df4                PendSV_Handler
 .text.SysTick_Handler
                0x08004df6        0x4 library.a(stm32f4xx_it.o)
                0x08004df6                SysTick_Handler
 *fill*         0x08004dfa        0x2 
 .text.FMC_SDRAM_Init
                0x08004dfc       0x6c library.a(stm32f4xx_ll_fmc.o)
                0x08004dfc                FMC_SDRAM_Init
 .text.FMC_SDRAM_Timing_Init
                0x08004e68       0x70 library.a(stm32f4xx_ll_fmc.o)
                0x08004e68                FMC_SDRAM_Timing_Init
 .text.FMC_SDRAM_SendCommand
                0x08004ed8       0x4c library.a(stm32f4xx_ll_fmc.o)
                0x08004ed8                FMC_SDRAM_SendCommand
 .text.FMC_SDRAM_ProgramRefreshRate
                0x08004f24        0xc library.a(stm32f4xx_ll_fmc.o)
                0x08004f24                FMC_SDRAM_ProgramRefreshRate
 .text.SystemInit
                0x08004f30       0x4c library.a(system_stm32f4xx.o)
                0x08004f30                SystemInit
 .text.TS_Init  0x08004f7c       0x2c library.a(touch.o)
                0x08004f7c                TS_Init
 .text.TS_Touched
                0x08004fa8       0x30 library.a(touch.o)
                0x08004fa8                TS_Touched
 .text.TS_GetX  0x08004fd8        0xc library.a(touch.o)
                0x08004fd8                TS_GetX
 .text.TS_GetY  0x08004fe4        0xc library.a(touch.o)
                0x08004fe4                TS_GetY
 .text          0x08004ff0      0x118 library.a(startup_stm32f429xx.o)
                0x08004ff0                Reset_Handler
                0x08005040                HardFault_Handler
                0x08005042                MemManage_Handler
                0x08005044                BusFault_Handler
                0x08005046                UsageFault_Handler
                0x08005048                Default_Handler
                0x0800504a                WWDG_IRQHandler
                0x0800504c                PVD_IRQHandler
                0x0800504e                TAMP_STAMP_IRQHandler
                0x08005050                RTC_WKUP_IRQHandler
                0x08005052                FLASH_IRQHandler
                0x08005054                RCC_IRQHandler
                0x08005056                EXTI0_IRQHandler
                0x08005058                EXTI1_IRQHandler
                0x0800505a                EXTI2_IRQHandler
                0x0800505c                EXTI3_IRQHandler
                0x0800505e                EXTI4_IRQHandler
                0x08005060                DMA1_Stream0_IRQHandler
                0x08005062                DMA1_Stream1_IRQHandler
                0x08005064                DMA1_Stream2_IRQHandler
                0x08005066                DMA1_Stream3_IRQHandler
                0x08005068                DMA1_Stream4_IRQHandler
                0x0800506a                DMA1_Stream5_IRQHandler
                0x0800506c                DMA1_Stream6_IRQHandler
                0x0800506e                ADC_IRQHandler
                0x08005070                CAN1_TX_IRQHandler
                0x08005072                CAN1_RX0_IRQHandler
                0x08005074                CAN1_RX1_IRQHandler
                0x08005076                CAN1_SCE_IRQHandler
                0x08005078                EXTI9_5_IRQHandler
                0x0800507a                TIM1_BRK_TIM9_IRQHandler
                0x0800507c                TIM1_UP_TIM10_IRQHandler
                0x0800507e                TIM1_TRG_COM_TIM11_IRQHandler
                0x08005080                TIM1_CC_IRQHandler
                0x08005082                TIM2_IRQHandler
                0x08005084                TIM3_IRQHandler
                0x08005086                TIM4_IRQHandler
                0x08005088                I2C1_EV_IRQHandler
                0x0800508a                I2C1_ER_IRQHandler
                0x0800508c                I2C2_EV_IRQHandler
                0x0800508e                I2C2_ER_IRQHandler
                0x08005090                SPI1_IRQHandler
                0x08005092                SPI2_IRQHandler
                0x08005094                USART1_IRQHandler
                0x08005096                USART2_IRQHandler
                0x08005098                USART3_IRQHandler
                0x0800509a                EXTI15_10_IRQHandler
                0x0800509c                RTC_Alarm_IRQHandler
                0x0800509e                OTG_FS_WKUP_IRQHandler
                0x080050a0                TIM8_BRK_TIM12_IRQHandler
                0x080050a2                TIM8_UP_TIM13_IRQHandler
                0x080050a4                TIM8_TRG_COM_TIM14_IRQHandler
                0x080050a6                TIM8_CC_IRQHandler
                0x080050a8                DMA1_Stream7_IRQHandler
                0x080050aa                FSMC_IRQHandler
                0x080050ac                SDIO_IRQHandler
                0x080050ae                TIM5_IRQHandler
                0x080050b0                SPI3_IRQHandler
                0x080050b2                UART4_IRQHandler
                0x080050b4                UART5_IRQHandler
                0x080050b6                TIM6_DAC_IRQHandler
                0x080050b8                TIM7_IRQHandler
                0x080050ba                DMA2_Stream0_IRQHandler
                0x080050bc                DMA2_Stream1_IRQHandler
                0x080050be                DMA2_Stream2_IRQHandler
                0x080050c0                DMA2_Stream3_IRQHandler
                0x080050c2                DMA2_Stream4_IRQHandler
                0x080050c4                ETH_IRQHandler
                0x080050c6                ETH_WKUP_IRQHandler
                0x080050c8                CAN2_TX_IRQHandler
                0x080050ca                CAN2_RX0_IRQHandler
                0x080050cc                CAN2_RX1_IRQHandler
                0x080050ce                CAN2_SCE_IRQHandler
                0x080050d0                OTG_FS_IRQHandler
                0x080050d2                DMA2_Stream5_IRQHandler
                0x080050d4                DMA2_Stream6_IRQHandler
                0x080050d6                DMA2_Stream7_IRQHandler
                0x080050d8                USART6_IRQHandler
                0x080050da                I2C3_EV_IRQHandler
                0x080050dc                I2C3_ER_IRQHandler
                0x080050de                OTG_HS_EP1_OUT_IRQHandler
                0x080050e0                OTG_HS_EP1_IN_IRQHandler
                0x080050e2                OTG_HS_WKUP_IRQHandler
                0x080050e4                OTG_HS_IRQHandler
                0x080050e6                DCMI_IRQHandler
                0x080050e8                CRYP_IRQHandler
                0x080050ea                HASH_RNG_IRQHandler
                0x080050ec                FPU_IRQHandler
                0x080050ee                UART7_IRQHandler
                0x080050f0                UART8_IRQHandler
                0x080050f2                SPI4_IRQHandler
                0x080050f4                SPI5_IRQHandler
                0x080050f6                SPI6_IRQHandler
                0x080050f8                SAI1_IRQHandler
                0x080050fa                LTDC_IRQHandler
                0x080050fc                LTDC_ER_IRQHandler
                0x080050fe                DMA2D_IRQHandler
 .text.ili9341_GetLcdPixelWidth
                0x08005108        0x4 library.a(ili9341.o)
                0x08005108                ili9341_GetLcdPixelWidth
 .text.ili9341_GetLcdPixelHeight
                0x0800510c        0x6 library.a(ili9341.o)
                0x0800510c                ili9341_GetLcdPixelHeight
 .text.ili9341_DisplayOn
                0x08005112        0x6 library.a(ili9341.o)
                0x08005112                ili9341_DisplayOn
 .text.ili9341_DisplayOff
                0x08005118        0x6 library.a(ili9341.o)
                0x08005118                ili9341_DisplayOff
 .text.ili9341_Init
                0x0800511e      0x292 library.a(ili9341.o)
                0x0800511e                ili9341_Init
 .text.ili9341_ReadID
                0x080053b0       0x12 library.a(ili9341.o)
                0x080053b0                ili9341_ReadID
 *fill*         0x080053c2        0x2 
 .text.BSP_TS_Init
                0x080053c4       0x44 library.a(stm32f429i_discovery_ts.o)
                0x080053c4                BSP_TS_Init
 .text.BSP_TS_GetState
                0x08005408       0xc8 library.a(stm32f429i_discovery_ts.o)
                0x08005408                BSP_TS_GetState
 .text.stmpe811_Reset
                0x080054d0       0x28 library.a(stmpe811.o)
                0x080054d0                stmpe811_Reset
 .text.stmpe811_ReadID
                0x080054f8       0x24 library.a(stmpe811.o)
                0x080054f8                stmpe811_ReadID
 .text.stmpe811_TS_DetectTouch
                0x0800551c       0x38 library.a(stmpe811.o)
                0x0800551c                stmpe811_TS_DetectTouch
 .text.stmpe811_TS_GetXY
                0x08005554       0x3c library.a(stmpe811.o)
                0x08005554                stmpe811_TS_GetXY
 .text.stmpe811_Init
                0x08005590       0x30 library.a(stmpe811.o)
                0x08005590                stmpe811_Init
 .text.stmpe811_EnableGlobalIT
                0x080055c0       0x1e library.a(stmpe811.o)
                0x080055c0                stmpe811_EnableGlobalIT
 .text.stmpe811_DisableGlobalIT
                0x080055de       0x1c library.a(stmpe811.o)
                0x080055de                stmpe811_DisableGlobalIT
 .text.stmpe811_EnableITSource
                0x080055fa       0x20 library.a(stmpe811.o)
                0x080055fa                stmpe811_EnableITSource
 .text.stmpe811_TS_EnableIT
                0x0800561a       0x1a library.a(stmpe811.o)
                0x0800561a                stmpe811_TS_EnableIT
 .text.stmpe811_DisableITSource
                0x08005634       0x20 library.a(stmpe811.o)
                0x08005634                stmpe811_DisableITSource
 .text.stmpe811_TS_DisableIT
                0x08005654       0x14 library.a(stmpe811.o)
                0x08005654                stmpe811_TS_DisableIT
 .text.stmpe811_ReadGITStatus
                0x08005668       0x10 library.a(stmpe811.o)
                0x08005668                stmpe811_ReadGITStatus
 .text.stmpe811_TS_ITStatus
                0x08005678        0x6 library.a(stmpe811.o)
                0x08005678                stmpe811_TS_ITStatus
 .text.stmpe811_ClearGlobalIT
                0x0800567e        0xa library.a(stmpe811.o)
                0x0800567e                stmpe811_ClearGlobalIT
 .text.stmpe811_TS_ClearIT
                0x08005688        0x6 library.a(stmpe811.o)
                0x08005688                stmpe811_TS_ClearIT
 .text.stmpe811_IO_EnableAF
                0x0800568e       0x20 library.a(stmpe811.o)
                0x0800568e                stmpe811_IO_EnableAF
 .text.stmpe811_TS_Start
                0x080056ae       0xa4 library.a(stmpe811.o)
                0x080056ae                stmpe811_TS_Start
 *fill*         0x08005752        0x2 
 .text.exit     0x08005754       0x20 c:/program files (x86)/gnu tools arm embedded/bin/../lib/gcc/arm-none-eabi/9.2.1/../../../../arm-none-eabi/lib/thumb/v7e-m+fp/hard\libc.a(lib_a-exit.o)
                0x08005754                exit
 .text.__libc_init_array
                0x08005774       0x48 c:/program files (x86)/gnu tools arm embedded/bin/../lib/gcc/arm-none-eabi/9.2.1/../../../../arm-none-eabi/lib/thumb/v7e-m+fp/hard\libc.a(lib_a-init.o)
                0x08005774                __libc_init_array
 .text.memcmp   0x080057bc       0x60 c:/program files (x86)/gnu tools arm embedded/bin/../lib/gcc/arm-none-eabi/9.2.1/../../../../arm-none-eabi/lib/thumb/v7e-m+fp/hard\libc.a(lib_a-memcmp.o)
                0x080057bc                memcmp
 .text.memset   0x0800581c       0xa0 c:/program files (x86)/gnu tools arm embedded/bin/../lib/gcc/arm-none-eabi/9.2.1/../../../../arm-none-eabi/lib/thumb/v7e-m+fp/hard\libc.a(lib_a-memset.o)
                0x0800581c                memset
 *fill*         0x080058bc        0x4 
 .text          0x080058c0       0xdc c:/program files (x86)/gnu tools arm embedded/bin/../lib/gcc/arm-none-eabi/9.2.1/../../../../arm-none-eabi/lib/thumb/v7e-m+fp/hard\libc.a(lib_a-strlen.o)
                0x080058c0                strlen
 .text._vsprintf_r
                0x0800599c       0x28 c:/program files (x86)/gnu tools arm embedded/bin/../lib/gcc/arm-none-eabi/9.2.1/../../../../arm-none-eabi/lib/thumb/v7e-m+fp/hard\libc.a(lib_a-vsprintf.o)
                0x0800599c                _vsprintf_r
 .text.vsprintf
                0x080059c4       0x18 c:/program files (x86)/gnu tools arm embedded/bin/../lib/gcc/arm-none-eabi/9.2.1/../../../../arm-none-eabi/lib/thumb/v7e-m+fp/hard\libc.a(lib_a-vsprintf.o)
                0x080059c4                vsprintf
 .text.startup.register_fini
                0x080059dc       0x14 c:/program files (x86)/gnu tools arm embedded/bin/../lib/gcc/arm-none-eabi/9.2.1/../../../../arm-none-eabi/lib/thumb/v7e-m+fp/hard\libc.a(lib_a-__call_atexit.o)
 .text.__call_exitprocs
                0x080059f0       0xcc c:/program files (x86)/gnu tools arm embedded/bin/../lib/gcc/arm-none-eabi/9.2.1/../../../../arm-none-eabi/lib/thumb/v7e-m+fp/hard\libc.a(lib_a-__call_atexit.o)
                0x080059f0                __call_exitprocs
 .text.atexit   0x08005abc        0xc c:/program files (x86)/gnu tools arm embedded/bin/../lib/gcc/arm-none-eabi/9.2.1/../../../../arm-none-eabi/lib/thumb/v7e-m+fp/hard\libc.a(lib_a-atexit.o)
                0x08005abc                atexit
 .text.quorem   0x08005ac8      0x11c c:/program files (x86)/gnu tools arm embedded/bin/../lib/gcc/arm-none-eabi/9.2.1/../../../../arm-none-eabi/lib/thumb/v7e-m+fp/hard\libc.a(lib_a-dtoa.o)
 *fill*         0x08005be4        0x4 
 .text._dtoa_r  0x08005be8      0xeec c:/program files (x86)/gnu tools arm embedded/bin/../lib/gcc/arm-none-eabi/9.2.1/../../../../arm-none-eabi/lib/thumb/v7e-m+fp/hard\libc.a(lib_a-dtoa.o)
                0x08005be8                _dtoa_r
 .text.__libc_fini_array
                0x08006ad4       0x2c c:/program files (x86)/gnu tools arm embedded/bin/../lib/gcc/arm-none-eabi/9.2.1/../../../../arm-none-eabi/lib/thumb/v7e-m+fp/hard\libc.a(lib_a-fini.o)
                0x08006ad4                __libc_fini_array
 .text._malloc_trim_r
                0x08006b00       0xa0 c:/program files (x86)/gnu tools arm embedded/bin/../lib/gcc/arm-none-eabi/9.2.1/../../../../arm-none-eabi/lib/thumb/v7e-m+fp/hard\libc.a(lib_a-freer.o)
                0x08006b00                _malloc_trim_r
 .text._free_r  0x08006ba0      0x208 c:/program files (x86)/gnu tools arm embedded/bin/../lib/gcc/arm-none-eabi/9.2.1/../../../../arm-none-eabi/lib/thumb/v7e-m+fp/hard\libc.a(lib_a-freer.o)
                0x08006ba0                _free_r
 .text._localeconv_r
                0x08006da8        0x8 c:/program files (x86)/gnu tools arm embedded/bin/../lib/gcc/arm-none-eabi/9.2.1/../../../../arm-none-eabi/lib/thumb/v7e-m+fp/hard\libc.a(lib_a-localeconv.o)
                0x08006da8                _localeconv_r
 .text.__retarget_lock_acquire_recursive
                0x08006db0        0x4 c:/program files (x86)/gnu tools arm embedded/bin/../lib/gcc/arm-none-eabi/9.2.1/../../../../arm-none-eabi/lib/thumb/v7e-m+fp/hard\libc.a(lib_a-lock.o)
                0x08006db0                __retarget_lock_acquire_recursive
 .text.__retarget_lock_release_recursive
                0x08006db4        0x4 c:/program files (x86)/gnu tools arm embedded/bin/../lib/gcc/arm-none-eabi/9.2.1/../../../../arm-none-eabi/lib/thumb/v7e-m+fp/hard\libc.a(lib_a-lock.o)
                0x08006db4                __retarget_lock_release_recursive
 .text._malloc_r
                0x08006db8      0x574 c:/program files (x86)/gnu tools arm embedded/bin/../lib/gcc/arm-none-eabi/9.2.1/../../../../arm-none-eabi/lib/thumb/v7e-m+fp/hard\libc.a(lib_a-mallocr.o)
                0x08006db8                _malloc_r
 *fill*         0x0800732c        0x4 
 .text          0x08007330       0xa0 c:/program files (x86)/gnu tools arm embedded/bin/../lib/gcc/arm-none-eabi/9.2.1/../../../../arm-none-eabi/lib/thumb/v7e-m+fp/hard\libc.a(lib_a-memchr.o)
                0x08007330                memchr
 .text          0x080073d0      0x134 c:/program files (x86)/gnu tools arm embedded/bin/../lib/gcc/arm-none-eabi/9.2.1/../../../../arm-none-eabi/lib/thumb/v7e-m+fp/hard\libc.a(lib_a-memcpy.o)
                0x080073d0                memcpy
 .text.__malloc_lock
                0x08007504        0xc c:/program files (x86)/gnu tools arm embedded/bin/../lib/gcc/arm-none-eabi/9.2.1/../../../../arm-none-eabi/lib/thumb/v7e-m+fp/hard\libc.a(lib_a-mlock.o)
                0x08007504                __malloc_lock
 .text.__malloc_unlock
                0x08007510        0xc c:/program files (x86)/gnu tools arm embedded/bin/../lib/gcc/arm-none-eabi/9.2.1/../../../../arm-none-eabi/lib/thumb/v7e-m+fp/hard\libc.a(lib_a-mlock.o)
                0x08007510                __malloc_unlock
 .text._Balloc  0x0800751c       0x4c c:/program files (x86)/gnu tools arm embedded/bin/../lib/gcc/arm-none-eabi/9.2.1/../../../../arm-none-eabi/lib/thumb/v7e-m+fp/hard\libc.a(lib_a-mprec.o)
                0x0800751c                _Balloc
 .text._Bfree   0x08007568       0x14 c:/program files (x86)/gnu tools arm embedded/bin/../lib/gcc/arm-none-eabi/9.2.1/../../../../arm-none-eabi/lib/thumb/v7e-m+fp/hard\libc.a(lib_a-mprec.o)
                0x08007568                _Bfree
 .text.__multadd
                0x0800757c       0x8c c:/program files (x86)/gnu tools arm embedded/bin/../lib/gcc/arm-none-eabi/9.2.1/../../../../arm-none-eabi/lib/thumb/v7e-m+fp/hard\libc.a(lib_a-mprec.o)
                0x0800757c                __multadd
 .text.__hi0bits
                0x08007608       0x40 c:/program files (x86)/gnu tools arm embedded/bin/../lib/gcc/arm-none-eabi/9.2.1/../../../../arm-none-eabi/lib/thumb/v7e-m+fp/hard\libc.a(lib_a-mprec.o)
                0x08007608                __hi0bits
 .text.__lo0bits
                0x08007648       0x60 c:/program files (x86)/gnu tools arm embedded/bin/../lib/gcc/arm-none-eabi/9.2.1/../../../../arm-none-eabi/lib/thumb/v7e-m+fp/hard\libc.a(lib_a-mprec.o)
                0x08007648                __lo0bits
 .text.__i2b    0x080076a8       0x14 c:/program files (x86)/gnu tools arm embedded/bin/../lib/gcc/arm-none-eabi/9.2.1/../../../../arm-none-eabi/lib/thumb/v7e-m+fp/hard\libc.a(lib_a-mprec.o)
                0x080076a8                __i2b
 .text.__multiply
                0x080076bc      0x144 c:/program files (x86)/gnu tools arm embedded/bin/../lib/gcc/arm-none-eabi/9.2.1/../../../../arm-none-eabi/lib/thumb/v7e-m+fp/hard\libc.a(lib_a-mprec.o)
                0x080076bc                __multiply
 .text.__pow5mult
                0x08007800       0xa0 c:/program files (x86)/gnu tools arm embedded/bin/../lib/gcc/arm-none-eabi/9.2.1/../../../../arm-none-eabi/lib/thumb/v7e-m+fp/hard\libc.a(lib_a-mprec.o)
                0x08007800                __pow5mult
 .text.__lshift
                0x080078a0       0xd4 c:/program files (x86)/gnu tools arm embedded/bin/../lib/gcc/arm-none-eabi/9.2.1/../../../../arm-none-eabi/lib/thumb/v7e-m+fp/hard\libc.a(lib_a-mprec.o)
                0x080078a0                __lshift
 .text.__mcmp   0x08007974       0x3c c:/program files (x86)/gnu tools arm embedded/bin/../lib/gcc/arm-none-eabi/9.2.1/../../../../arm-none-eabi/lib/thumb/v7e-m+fp/hard\libc.a(lib_a-mprec.o)
                0x08007974                __mcmp
 .text.__mdiff  0x080079b0      0x138 c:/program files (x86)/gnu tools arm embedded/bin/../lib/gcc/arm-none-eabi/9.2.1/../../../../arm-none-eabi/lib/thumb/v7e-m+fp/hard\libc.a(lib_a-mprec.o)
                0x080079b0                __mdiff
 .text.__d2b    0x08007ae8       0xbc c:/program files (x86)/gnu tools arm embedded/bin/../lib/gcc/arm-none-eabi/9.2.1/../../../../arm-none-eabi/lib/thumb/v7e-m+fp/hard\libc.a(lib_a-mprec.o)
                0x08007ae8                __d2b
 .text.frexp    0x08007ba4       0x6c c:/program files (x86)/gnu tools arm embedded/bin/../lib/gcc/arm-none-eabi/9.2.1/../../../../arm-none-eabi/lib/thumb/v7e-m+fp/hard\libc.a(lib_a-s_frexp.o)
                0x08007ba4                frexp
 .text._sbrk_r  0x08007c10       0x24 c:/program files (x86)/gnu tools arm embedded/bin/../lib/gcc/arm-none-eabi/9.2.1/../../../../arm-none-eabi/lib/thumb/v7e-m+fp/hard\libc.a(lib_a-sbrkr.o)
                0x08007c10                _sbrk_r
 .text.strncpy  0x08007c34       0x68 c:/program files (x86)/gnu tools arm embedded/bin/../lib/gcc/arm-none-eabi/9.2.1/../../../../arm-none-eabi/lib/thumb/v7e-m+fp/hard\libc.a(lib_a-strncpy.o)
                0x08007c34                strncpy
 *fill*         0x08007c9c        0x4 
 .text._svfprintf_r
                0x08007ca0     0x1b38 c:/program files (x86)/gnu tools arm embedded/bin/../lib/gcc/arm-none-eabi/9.2.1/../../../../arm-none-eabi/lib/thumb/v7e-m+fp/hard\libc.a(lib_a-svfprintf.o)
                0x08007ca0                _svfprintf_r
 .text.__register_exitproc
                0x080097d8       0x8c c:/program files (x86)/gnu tools arm embedded/bin/../lib/gcc/arm-none-eabi/9.2.1/../../../../arm-none-eabi/lib/thumb/v7e-m+fp/hard\libc.a(lib_a-__atexit.o)
                0x080097d8                __register_exitproc
 .text._calloc_r
                0x08009864       0x60 c:/program files (x86)/gnu tools arm embedded/bin/../lib/gcc/arm-none-eabi/9.2.1/../../../../arm-none-eabi/lib/thumb/v7e-m+fp/hard\libc.a(lib_a-callocr.o)
                0x08009864                _calloc_r
 .text.__ascii_mbtowc
                0x080098c4       0x2c c:/program files (x86)/gnu tools arm embedded/bin/../lib/gcc/arm-none-eabi/9.2.1/../../../../arm-none-eabi/lib/thumb/v7e-m+fp/hard\libc.a(lib_a-mbtowc_r.o)
                0x080098c4                __ascii_mbtowc
 .text.memmove  0x080098f0       0xd8 c:/program files (x86)/gnu tools arm embedded/bin/../lib/gcc/arm-none-eabi/9.2.1/../../../../arm-none-eabi/lib/thumb/v7e-m+fp/hard\libc.a(lib_a-memmove.o)
                0x080098f0                memmove
 .text._realloc_r
                0x080099c8      0x3e0 c:/program files (x86)/gnu tools arm embedded/bin/../lib/gcc/arm-none-eabi/9.2.1/../../../../arm-none-eabi/lib/thumb/v7e-m+fp/hard\libc.a(lib_a-reallocr.o)
                0x080099c8                _realloc_r
 .text.__ssprint_r
                0x08009da8       0xf8 c:/program files (x86)/gnu tools arm embedded/bin/../lib/gcc/arm-none-eabi/9.2.1/../../../../arm-none-eabi/lib/thumb/v7e-m+fp/hard\libc.a(lib_a-svfiprintf.o)
                0x08009da8                __ssprint_r
 .text.__ascii_wctomb
                0x08009ea0       0x1c c:/program files (x86)/gnu tools arm embedded/bin/../lib/gcc/arm-none-eabi/9.2.1/../../../../arm-none-eabi/lib/thumb/v7e-m+fp/hard\libc.a(lib_a-wctomb_r.o)
                0x08009ea0                __ascii_wctomb
 .text._sbrk    0x08009ebc       0x1c c:/program files (x86)/gnu tools arm embedded/bin/../lib/gcc/arm-none-eabi/9.2.1/../../../../arm-none-eabi/lib/thumb/v7e-m+fp/hard\libnosys.a(sbrk.o)
                0x08009ebc                _sbrk
 .text._exit    0x08009ed8        0x4 c:/program files (x86)/gnu tools arm embedded/bin/../lib/gcc/arm-none-eabi/9.2.1/../../../../arm-none-eabi/lib/thumb/v7e-m+fp/hard\libnosys.a(_exit.o)
                0x08009ed8                _exit
 .text          0x08009edc      0x378 c:/program files (x86)/gnu tools arm embedded/bin/../lib/gcc/arm-none-eabi/9.2.1/thumb/v7e-m+fp/hard\libgcc.a(_arm_addsubdf3.o)
                0x08009edc                __aeabi_drsub
                0x08009ee4                __aeabi_dsub
                0x08009ee4                __subdf3
                0x08009ee8                __aeabi_dadd
                0x08009ee8                __adddf3
                0x0800a160                __floatunsidf
                0x0800a160                __aeabi_ui2d
                0x0800a180                __floatsidf
                0x0800a180                __aeabi_i2d
                0x0800a1a4                __aeabi_f2d
                0x0800a1a4                __extendsfdf2
                0x0800a1e8                __floatundidf
                0x0800a1e8                __aeabi_ul2d
                0x0800a1f8                __floatdidf
                0x0800a1f8                __aeabi_l2d
 .text          0x0800a254      0x424 c:/program files (x86)/gnu tools arm embedded/bin/../lib/gcc/arm-none-eabi/9.2.1/thumb/v7e-m+fp/hard\libgcc.a(_arm_muldivdf3.o)
                0x0800a254                __aeabi_dmul
                0x0800a254                __muldf3
                0x0800a4a8                __divdf3
                0x0800a4a8                __aeabi_ddiv
 .text          0x0800a678      0x110 c:/program files (x86)/gnu tools arm embedded/bin/../lib/gcc/arm-none-eabi/9.2.1/thumb/v7e-m+fp/hard\libgcc.a(_arm_cmpdf2.o)
                0x0800a678                __gtdf2
                0x0800a678                __gedf2
                0x0800a680                __ltdf2
                0x0800a680                __ledf2
                0x0800a688                __nedf2
                0x0800a688                __eqdf2
                0x0800a688                __cmpdf2
                0x0800a704                __aeabi_cdrcmple
                0x0800a714                __aeabi_cdcmpeq
                0x0800a714                __aeabi_cdcmple
                0x0800a724                __aeabi_dcmpeq
                0x0800a738                __aeabi_dcmplt
                0x0800a74c                __aeabi_dcmple
                0x0800a760                __aeabi_dcmpge
                0x0800a774                __aeabi_dcmpgt
 .text          0x0800a788       0x2c c:/program files (x86)/gnu tools arm embedded/bin/../lib/gcc/arm-none-eabi/9.2.1/thumb/v7e-m+fp/hard\libgcc.a(_arm_unorddf2.o)
                0x0800a788                __unorddf2
                0x0800a788                __aeabi_dcmpun
 .text          0x0800a7b4       0x50 c:/program files (x86)/gnu tools arm embedded/bin/../lib/gcc/arm-none-eabi/9.2.1/thumb/v7e-m+fp/hard\libgcc.a(_arm_fixdfsi.o)
                0x0800a7b4                __aeabi_d2iz
                0x0800a7b4                __fixdfsi
 .text          0x0800a804       0x30 c:/program files (x86)/gnu tools arm embedded/bin/../lib/gcc/arm-none-eabi/9.2.1/thumb/v7e-m+fp/hard\libgcc.a(_aeabi_uldivmod.o)
                0x0800a804                __aeabi_uldivmod
 .text          0x0800a834      0x2c4 c:/program files (x86)/gnu tools arm embedded/bin/../lib/gcc/arm-none-eabi/9.2.1/thumb/v7e-m+fp/hard\libgcc.a(_udivmoddi4.o)
                0x0800a834                __udivmoddi4
 .text          0x0800aaf8        0x4 c:/program files (x86)/gnu tools arm embedded/bin/../lib/gcc/arm-none-eabi/9.2.1/thumb/v7e-m+fp/hard\libgcc.a(_dvmd_tls.o)
                0x0800aaf8                __aeabi_idiv0
                0x0800aaf8                __aeabi_ldiv0
 *(.init)
 .init          0x0800aafc        0x4 c:/program files (x86)/gnu tools arm embedded/bin/../lib/gcc/arm-none-eabi/9.2.1/thumb/v7e-m+fp/hard/crti.o
                0x0800aafc                _init
 .init          0x0800ab00        0x8 c:/program files (x86)/gnu tools arm embedded/bin/../lib/gcc/arm-none-eabi/9.2.1/thumb/v7e-m+fp/hard/crtn.o
 *(.fini)
 .fini          0x0800ab08        0x4 c:/program files (x86)/gnu tools arm embedded/bin/../lib/gcc/arm-none-eabi/9.2.1/thumb/v7e-m+fp/hard/crti.o
                0x0800ab08                _fini
 .fini          0x0800ab0c        0x8 c:/program files (x86)/gnu tools arm embedded/bin/../lib/gcc/arm-none-eabi/9.2.1/thumb/v7e-m+fp/hard/crtn.o
 *crtbegin.o(.ctors)
 *crtbegin?.o(.ctors)
 *(EXCLUDE_FILE(*crtend.o *crtend?.o) .ctors)
 *(SORT_BY_NAME(.ctors.*))
 *(.ctors)
 *crtbegin.o(.dtors)
 *crtbegin?.o(.dtors)
 *(EXCLUDE_FILE(*crtend.o *crtend?.o) .dtors)
 *(SORT_BY_NAME(.dtors.*))
 *(.dtors)
 *(.rodata*)
 .rodata.Error.str1.4
                0x0800ab14       0x3a obj/lab_floating_point_quads.o
 *fill*         0x0800ab4e        0x2 
 .rodata.PutStringAt.constprop.0.str1.4
                0x0800ab50        0x4 obj/lab_floating_point_quads.o
 .rodata.PutStringAt.constprop.1.str1.4
                0x0800ab54        0x4 obj/lab_floating_point_quads.o
 .rodata.PutStringAt.constprop.2.str1.4
                0x0800ab58        0xc obj/lab_floating_point_quads.o
 .rodata.main.str1.4
                0x0800ab64       0x77 obj/lab_floating_point_quads.o
 *fill*         0x0800abdb        0x1 
 .rodata.str1.4
                0x0800abdc       0xee obj/lab_floating_point_quads.o
 *fill*         0x0800acca        0x2 
 .rodata.init.7123
                0x0800accc        0xc obj/lab_floating_point_quads.o
 .rodata.DisplayHeader.str1.1
                0x0800acd8       0x27 library.a(initialize.o)
 .rodata.Font12_Table
                0x0800acff      0x474 library.a(stm32f429i_discovery_lcd.o)
                0x0800acff                Font12_Table
 .rodata.Font16_Table
                0x0800b173      0xbe0 library.a(stm32f429i_discovery_lcd.o)
                0x0800b173                Font16_Table
 .rodata.Font24_Table
                0x0800bd53     0x1ab8 library.a(stm32f429i_discovery_lcd.o)
                0x0800bd53                Font24_Table
 .rodata.APBAHBPrescTable
                0x0800d80b       0x10 library.a(stm32f4xx_hal_rcc.o)
                0x0800d80b                APBAHBPrescTable
 *fill*         0x0800d81b        0x1 
 .rodata._global_impure_ptr
                0x0800d81c        0x4 c:/program files (x86)/gnu tools arm embedded/bin/../lib/gcc/arm-none-eabi/9.2.1/../../../../arm-none-eabi/lib/thumb/v7e-m+fp/hard\libc.a(lib_a-impure.o)
                0x0800d81c                _global_impure_ptr
 .rodata._dtoa_r.str1.4
                0x0800d820       0x12 c:/program files (x86)/gnu tools arm embedded/bin/../lib/gcc/arm-none-eabi/9.2.1/../../../../arm-none-eabi/lib/thumb/v7e-m+fp/hard\libc.a(lib_a-dtoa.o)
 *fill*         0x0800d832        0x6 
 .rodata.__mprec_bigtens
                0x0800d838       0x28 c:/program files (x86)/gnu tools arm embedded/bin/../lib/gcc/arm-none-eabi/9.2.1/../../../../arm-none-eabi/lib/thumb/v7e-m+fp/hard\libc.a(lib_a-mprec.o)
                0x0800d838                __mprec_bigtens
 .rodata.__mprec_tens
                0x0800d860       0xc8 c:/program files (x86)/gnu tools arm embedded/bin/../lib/gcc/arm-none-eabi/9.2.1/../../../../arm-none-eabi/lib/thumb/v7e-m+fp/hard\libc.a(lib_a-mprec.o)
                0x0800d860                __mprec_tens
 .rodata.p05.7478
                0x0800d928        0xc c:/program files (x86)/gnu tools arm embedded/bin/../lib/gcc/arm-none-eabi/9.2.1/../../../../arm-none-eabi/lib/thumb/v7e-m+fp/hard\libc.a(lib_a-mprec.o)
 .rodata._svfprintf_r.str1.4
                0x0800d934       0x3f c:/program files (x86)/gnu tools arm embedded/bin/../lib/gcc/arm-none-eabi/9.2.1/../../../../arm-none-eabi/lib/thumb/v7e-m+fp/hard\libc.a(lib_a-svfprintf.o)
                                 0x42 (size before relaxing)
 *fill*         0x0800d973        0x1 
 .rodata.blanks.8708
                0x0800d974       0x10 c:/program files (x86)/gnu tools arm embedded/bin/../lib/gcc/arm-none-eabi/9.2.1/../../../../arm-none-eabi/lib/thumb/v7e-m+fp/hard\libc.a(lib_a-svfprintf.o)
 .rodata.zeroes.8709
                0x0800d984       0x10 c:/program files (x86)/gnu tools arm embedded/bin/../lib/gcc/arm-none-eabi/9.2.1/../../../../arm-none-eabi/lib/thumb/v7e-m+fp/hard\libc.a(lib_a-svfprintf.o)
 .rodata._setlocale_r.str1.4
                0x0800d994        0xa c:/program files (x86)/gnu tools arm embedded/bin/../lib/gcc/arm-none-eabi/9.2.1/../../../../arm-none-eabi/lib/thumb/v7e-m+fp/hard\libc.a(lib_a-locale.o)
                                  0xd (size before relaxing)
 *fill*         0x0800d99e        0x2 
 .rodata.str1.4
                0x0800d9a0        0x2 c:/program files (x86)/gnu tools arm embedded/bin/../lib/gcc/arm-none-eabi/9.2.1/../../../../arm-none-eabi/lib/thumb/v7e-m+fp/hard\libc.a(lib_a-locale.o)
 *fill*         0x0800d9a2        0x2 
 .rodata._ctype_
                0x0800d9a4      0x101 c:/program files (x86)/gnu tools arm embedded/bin/../lib/gcc/arm-none-eabi/9.2.1/../../../../arm-none-eabi/lib/thumb/v7e-m+fp/hard\libc.a(lib_a-ctype_.o)
                0x0800d9a4                _ctype_
 *(.eh_frame*)
 *fill*         0x0800daa5        0x3 
 .eh_frame      0x0800daa8        0x0 c:/program files (x86)/gnu tools arm embedded/bin/../lib/gcc/arm-none-eabi/9.2.1/thumb/v7e-m+fp/hard/crtbegin.o
 .eh_frame      0x0800daa8        0x4 c:/program files (x86)/gnu tools arm embedded/bin/../lib/gcc/arm-none-eabi/9.2.1/thumb/v7e-m+fp/hard/crtend.o

.glue_7         0x0800daac        0x0
 .glue_7        0x0800daac        0x0 linker stubs

.glue_7t        0x0800daac        0x0
 .glue_7t       0x0800daac        0x0 linker stubs

.vfp11_veneer   0x0800daac        0x0
 .vfp11_veneer  0x0800daac        0x0 linker stubs

.v4_bx          0x0800daac        0x0
 .v4_bx         0x0800daac        0x0 linker stubs

.iplt           0x0800daac        0x0
 .iplt          0x0800daac        0x0 c:/program files (x86)/gnu tools arm embedded/bin/../lib/gcc/arm-none-eabi/9.2.1/thumb/v7e-m+fp/hard/crtbegin.o

.ARM.extab
 *(.ARM.extab* .gnu.linkonce.armextab.*)
                0x0800daac                __exidx_start = .

.ARM.exidx      0x0800daac        0x8
 *(.ARM.exidx* .gnu.linkonce.armexidx.*)
 .ARM.exidx     0x0800daac        0x8 c:/program files (x86)/gnu tools arm embedded/bin/../lib/gcc/arm-none-eabi/9.2.1/../../../../arm-none-eabi/lib/thumb/v7e-m+fp/hard/crt0.o
 .ARM.exidx     0x0800dab4        0x0 c:/program files (x86)/gnu tools arm embedded/bin/../lib/gcc/arm-none-eabi/9.2.1/thumb/v7e-m+fp/hard\libgcc.a(_udivmoddi4.o)
                                  0x8 (size before relaxing)
                0x0800dab4                __exidx_end = .
                0x0800dab4                __etext = .

.rel.dyn        0x0800dab4        0x0
 .rel.iplt      0x0800dab4        0x0 c:/program files (x86)/gnu tools arm embedded/bin/../lib/gcc/arm-none-eabi/9.2.1/thumb/v7e-m+fp/hard/crtbegin.o

.data           0x20000000      0xae8 load address 0x0800dab4
                0x20000000                __data_start__ = .
 *(vtable)
 *(.data*)
 .data.message.7138
                0x20000000       0x2c obj/lab_floating_point_quads.o
 .data.sliders.7124
                0x2000002c       0x6c obj/lab_floating_point_quads.o
 .data.BUTTON_PORT
                0x20000098        0x4 library.a(stm32f429i_discovery.o)
                0x20000098                BUTTON_PORT
 .data.I2cxTimeout
                0x2000009c        0x4 library.a(stm32f429i_discovery.o)
                0x2000009c                I2cxTimeout
 .data.SpixTimeout
                0x200000a0        0x4 library.a(stm32f429i_discovery.o)
                0x200000a0                SpixTimeout
 .data.Font12   0x200000a4        0x8 library.a(stm32f429i_discovery_lcd.o)
                0x200000a4                Font12
 .data.Font16   0x200000ac        0x8 library.a(stm32f429i_discovery_lcd.o)
                0x200000ac                Font16
 .data.Font24   0x200000b4        0x8 library.a(stm32f429i_discovery_lcd.o)
                0x200000b4                Font24
 .data.SystemCoreClock
                0x200000bc        0x4 library.a(system_stm32f4xx.o)
                0x200000bc                SystemCoreClock
 .data.x        0x200000c0        0x4 library.a(touch.o)
 .data.y        0x200000c4        0x4 library.a(touch.o)
 .data.ili9341_drv
                0x200000c8       0x38 library.a(ili9341.o)
                0x200000c8                ili9341_drv
 .data.stmpe811_ts_drv
                0x20000100       0x28 library.a(stmpe811.o)
                0x20000100                stmpe811_ts_drv
 .data._impure_ptr
                0x20000128        0x4 c:/program files (x86)/gnu tools arm embedded/bin/../lib/gcc/arm-none-eabi/9.2.1/../../../../arm-none-eabi/lib/thumb/v7e-m+fp/hard\libc.a(lib_a-impure.o)
                0x20000128                _impure_ptr
 *fill*         0x2000012c        0x4 
 .data.impure_data
                0x20000130      0x428 c:/program files (x86)/gnu tools arm embedded/bin/../lib/gcc/arm-none-eabi/9.2.1/../../../../arm-none-eabi/lib/thumb/v7e-m+fp/hard\libc.a(lib_a-impure.o)
 .data.__atexit_recursive_mutex
                0x20000558        0x4 c:/program files (x86)/gnu tools arm embedded/bin/../lib/gcc/arm-none-eabi/9.2.1/../../../../arm-none-eabi/lib/thumb/v7e-m+fp/hard\libc.a(lib_a-__call_atexit.o)
                0x20000558                __atexit_recursive_mutex
 .data.__malloc_av_
                0x2000055c      0x408 c:/program files (x86)/gnu tools arm embedded/bin/../lib/gcc/arm-none-eabi/9.2.1/../../../../arm-none-eabi/lib/thumb/v7e-m+fp/hard\libc.a(lib_a-mallocr.o)
                0x2000055c                __malloc_av_
 .data.__malloc_sbrk_base
                0x20000964        0x4 c:/program files (x86)/gnu tools arm embedded/bin/../lib/gcc/arm-none-eabi/9.2.1/../../../../arm-none-eabi/lib/thumb/v7e-m+fp/hard\libc.a(lib_a-mallocr.o)
                0x20000964                __malloc_sbrk_base
 .data.__malloc_trim_threshold
                0x20000968        0x4 c:/program files (x86)/gnu tools arm embedded/bin/../lib/gcc/arm-none-eabi/9.2.1/../../../../arm-none-eabi/lib/thumb/v7e-m+fp/hard\libc.a(lib_a-mallocr.o)
                0x20000968                __malloc_trim_threshold
 .data.__global_locale
                0x2000096c      0x16c c:/program files (x86)/gnu tools arm embedded/bin/../lib/gcc/arm-none-eabi/9.2.1/../../../../arm-none-eabi/lib/thumb/v7e-m+fp/hard\libc.a(lib_a-locale.o)
                0x2000096c                __global_locale
                0x20000ad8                . = ALIGN (0x4)
                0x20000ad8                PROVIDE (__preinit_array_start = .)
 *(.preinit_array)
                0x20000ad8                PROVIDE (__preinit_array_end = .)
                0x20000ad8                . = ALIGN (0x4)
                0x20000ad8                PROVIDE (__init_array_start = .)
 *(SORT_BY_NAME(.init_array.*))
 .init_array.00000
                0x20000ad8        0x4 c:/program files (x86)/gnu tools arm embedded/bin/../lib/gcc/arm-none-eabi/9.2.1/../../../../arm-none-eabi/lib/thumb/v7e-m+fp/hard\libc.a(lib_a-__call_atexit.o)
 *(.init_array)
 .init_array    0x20000adc        0x4 c:/program files (x86)/gnu tools arm embedded/bin/../lib/gcc/arm-none-eabi/9.2.1/thumb/v7e-m+fp/hard/crtbegin.o
                0x20000ae0                PROVIDE (__init_array_end = .)
                0x20000ae0                . = ALIGN (0x8)
                0x20000ae0                PROVIDE (__fini_array_start = .)
 *(SORT_BY_NAME(.fini_array.*))
 *(.fini_array)
 .fini_array    0x20000ae0        0x4 c:/program files (x86)/gnu tools arm embedded/bin/../lib/gcc/arm-none-eabi/9.2.1/thumb/v7e-m+fp/hard/crtbegin.o
                0x20000ae4                PROVIDE (__fini_array_end = .)
                0x20000ae8                . = ALIGN (0x8)
 *fill*         0x20000ae4        0x4 
                0x20000ae8                __data_end__ = .

.igot.plt       0x20000ae8        0x0 load address 0x0800e59c
 .igot.plt      0x20000ae8        0x0 c:/program files (x86)/gnu tools arm embedded/bin/../lib/gcc/arm-none-eabi/9.2.1/thumb/v7e-m+fp/hard/crtbegin.o

.bss            0x20000ae8      0x954 load address 0x0800e59c
                0x20000ae8                __bss_start__ = .
 *(.bss*)
 .bss           0x20000ae8       0x1c c:/program files (x86)/gnu tools arm embedded/bin/../lib/gcc/arm-none-eabi/9.2.1/thumb/v7e-m+fp/hard/crtbegin.o
 .bss.coef.7122
                0x20000b04        0xc obj/lab_floating_point_quads.o
 .bss.roots.7125
                0x20000b10        0xc obj/lab_floating_point_quads.o
 .bss.buffer    0x20000b1c      0x620 library.a(initialize.o)
 .bss.txtCol    0x2000113c        0x4 library.a(initialize.o)
 .bss.txtRow    0x20001140        0x4 library.a(initialize.o)
 .bss.Is_LCD_IO_Initialized
                0x20001144        0x1 library.a(stm32f429i_discovery.o)
 *fill*         0x20001145        0x3 
 .bss.SpiHandle
                0x20001148       0x58 library.a(stm32f429i_discovery.o)
 .bss.ActiveLayer
                0x200011a0        0x4 library.a(stm32f429i_discovery_lcd.o)
 .bss.Dma2dHandler
                0x200011a4       0x40 library.a(stm32f429i_discovery_lcd.o)
 .bss.DrawProp  0x200011e4       0x18 library.a(stm32f429i_discovery_lcd.o)
 .bss.LtdcHandler
                0x200011fc       0xa8 library.a(stm32f429i_discovery_lcd.o)
 .bss.PeriphClkInitStruct
                0x200012a4       0x30 library.a(stm32f429i_discovery_lcd.o)
 .bss.Command   0x200012d4       0x10 library.a(stm32f429i_discovery_sdram.o)
 .bss.SdramHandle
                0x200012e4       0x34 library.a(stm32f429i_discovery_sdram.o)
 .bss.Timing    0x20001318       0x1c library.a(stm32f429i_discovery_sdram.o)
 .bss.dmaHandle.11858
                0x20001334       0x50 library.a(stm32f429i_discovery_sdram.o)
 .bss.uwTick    0x20001384        0x4 library.a(stm32f4xx_hal.o)
 .bss.TsDrv     0x20001388        0x4 library.a(stm32f429i_discovery_ts.o)
 .bss.TsXBoundary
                0x2000138c        0x2 library.a(stm32f429i_discovery_ts.o)
 .bss.TsYBoundary
                0x2000138e        0x2 library.a(stm32f429i_discovery_ts.o)
 .bss._x.12050  0x20001390        0x4 library.a(stm32f429i_discovery_ts.o)
 .bss._y.12051  0x20001394        0x4 library.a(stm32f429i_discovery_ts.o)
 .bss.stmpe811  0x20001398        0x2 library.a(stmpe811.o)
                0x20001398                stmpe811
 *fill*         0x2000139a        0x2 
 .bss.__malloc_current_mallinfo
                0x2000139c       0x28 c:/program files (x86)/gnu tools arm embedded/bin/../lib/gcc/arm-none-eabi/9.2.1/../../../../arm-none-eabi/lib/thumb/v7e-m+fp/hard\libc.a(lib_a-mallocr.o)
                0x2000139c                __malloc_current_mallinfo
 .bss.__malloc_max_sbrked_mem
                0x200013c4        0x4 c:/program files (x86)/gnu tools arm embedded/bin/../lib/gcc/arm-none-eabi/9.2.1/../../../../arm-none-eabi/lib/thumb/v7e-m+fp/hard\libc.a(lib_a-mallocr.o)
                0x200013c4                __malloc_max_sbrked_mem
 .bss.__malloc_max_total_mem
                0x200013c8        0x4 c:/program files (x86)/gnu tools arm embedded/bin/../lib/gcc/arm-none-eabi/9.2.1/../../../../arm-none-eabi/lib/thumb/v7e-m+fp/hard\libc.a(lib_a-mallocr.o)
                0x200013c8                __malloc_max_total_mem
 .bss.__malloc_top_pad
                0x200013cc        0x4 c:/program files (x86)/gnu tools arm embedded/bin/../lib/gcc/arm-none-eabi/9.2.1/../../../../arm-none-eabi/lib/thumb/v7e-m+fp/hard\libc.a(lib_a-mallocr.o)
                0x200013cc                __malloc_top_pad
 .bss.heap_end.5507
                0x200013d0        0x4 c:/program files (x86)/gnu tools arm embedded/bin/../lib/gcc/arm-none-eabi/9.2.1/../../../../arm-none-eabi/lib/thumb/v7e-m+fp/hard\libnosys.a(sbrk.o)
 *(COMMON)
 COMMON         0x200013d4       0x3c library.a(stm32f429i_discovery.o)
                0x200013d4                I2cHandle
 COMMON         0x20001410        0x4 library.a(stm32f429i_discovery_lcd.o)
                0x20001410                LcdDrv
 COMMON         0x20001414       0x21 c:/program files (x86)/gnu tools arm embedded/bin/../lib/gcc/arm-none-eabi/9.2.1/../../../../arm-none-eabi/lib/thumb/v7e-m+fp/hard\libc.a(lib_a-lock.o)
                0x20001414                __lock___atexit_recursive_mutex
                0x20001418                __lock___arc4random_mutex
                0x2000141c                __lock___env_recursive_mutex
                0x20001420                __lock___sinit_recursive_mutex
                0x20001424                __lock___malloc_recursive_mutex
                0x20001428                __lock___at_quick_exit_mutex
                0x2000142c                __lock___dd_hash_mutex
                0x20001430                __lock___tz_mutex
                0x20001434                __lock___sfp_recursive_mutex
 *fill*         0x20001435        0x3 
 COMMON         0x20001438        0x4 c:/program files (x86)/gnu tools arm embedded/bin/../lib/gcc/arm-none-eabi/9.2.1/../../../../arm-none-eabi/lib/thumb/v7e-m+fp/hard\libc.a(lib_a-reent.o)
                0x20001438                errno
                0x2000143c                __bss_end__ = .

.ccm            0x10000000        0x0
                0x10000000                . = ALIGN (0x4)
                0x10000000                __ccm_start__ = .
 *(.ccm*)
                0x10000000                . = ALIGN (0x4)
                0x10000000                __ccm_end__ = .

.heap           0x10000000      0xc00
                0x10000000                __end__ = .
                0x10000000                end = __end__
 *(.heap*)
 .heap          0x10000000      0xc00 library.a(startup_stm32f429xx.o)
                0x10000000                __HeapBase
                0x10000c00                __HeapLimit = .

.stack_dummy    0x10000000     0x1000
 *(.stack)
 .stack         0x10000000     0x1000 library.a(startup_stm32f429xx.o)
                0x10010000                __StackTop = (ORIGIN (CCM) + LENGTH (CCM))
                0x1000f000                __StackLimit = (__StackTop - SIZEOF (.stack_dummy))
                0x10010000                PROVIDE (__stack = __StackTop)
                0x00000001                ASSERT ((__StackLimit >= __HeapLimit), region CCM overflowed with stack)
OUTPUT(output.elf elf32-littlearm)

.ARM.attributes
                0x00000000       0x30
 .ARM.attributes
                0x00000000       0x1e c:/program files (x86)/gnu tools arm embedded/bin/../lib/gcc/arm-none-eabi/9.2.1/thumb/v7e-m+fp/hard/crti.o
 .ARM.attributes
                0x0000001e       0x34 c:/program files (x86)/gnu tools arm embedded/bin/../lib/gcc/arm-none-eabi/9.2.1/thumb/v7e-m+fp/hard/crtbegin.o
 .ARM.attributes
                0x00000052       0x1c c:/program files (x86)/gnu tools arm embedded/bin/../lib/gcc/arm-none-eabi/9.2.1/../../../../arm-none-eabi/lib/thumb/v7e-m+fp/hard/crt0.o
 .ARM.attributes
                0x0000006e       0x34 obj/lab_floating_point_quads.o
 .ARM.attributes
                0x000000a2       0x25 obj/lab_floating_point_quads_src.o
 .ARM.attributes
                0x000000c7       0x39 library.a(initialize.o)
 .ARM.attributes
                0x00000100       0x39 library.a(stm32f429i_discovery.o)
 .ARM.attributes
                0x00000139       0x39 library.a(stm32f429i_discovery_lcd.o)
 .ARM.attributes
                0x00000172       0x39 library.a(stm32f429i_discovery_sdram.o)
 .ARM.attributes
                0x000001ab       0x39 library.a(stm32f4xx_hal.o)
 .ARM.attributes
                0x000001e4       0x39 library.a(stm32f4xx_hal_cortex.o)
 .ARM.attributes
                0x0000021d       0x39 library.a(stm32f4xx_hal_dma.o)
 .ARM.attributes
                0x00000256       0x39 library.a(stm32f4xx_hal_dma2d.o)
 .ARM.attributes
                0x0000028f       0x39 library.a(stm32f4xx_hal_gpio.o)
 .ARM.attributes
                0x000002c8       0x39 library.a(stm32f4xx_hal_i2c.o)
 .ARM.attributes
                0x00000301       0x39 library.a(stm32f4xx_hal_ltdc.o)
 .ARM.attributes
                0x0000033a       0x39 library.a(stm32f4xx_hal_rcc.o)
 .ARM.attributes
                0x00000373       0x39 library.a(stm32f4xx_hal_rcc_ex.o)
 .ARM.attributes
                0x000003ac       0x39 library.a(stm32f4xx_hal_sdram.o)
 .ARM.attributes
                0x000003e5       0x39 library.a(stm32f4xx_hal_spi.o)
 .ARM.attributes
                0x0000041e       0x39 library.a(stm32f4xx_it.o)
 .ARM.attributes
                0x00000457       0x39 library.a(stm32f4xx_ll_fmc.o)
 .ARM.attributes
                0x00000490       0x39 library.a(system_stm32f4xx.o)
 .ARM.attributes
                0x000004c9       0x39 library.a(touch.o)
 .ARM.attributes
                0x00000502       0x1f library.a(startup_stm32f429xx.o)
 .ARM.attributes
                0x00000521       0x39 library.a(ili9341.o)
 .ARM.attributes
                0x0000055a       0x39 library.a(stm32f429i_discovery_ts.o)
 .ARM.attributes
                0x00000593       0x39 library.a(stmpe811.o)
 .ARM.attributes
                0x000005cc       0x34 c:/program files (x86)/gnu tools arm embedded/bin/../lib/gcc/arm-none-eabi/9.2.1/../../../../arm-none-eabi/lib/thumb/v7e-m+fp/hard\libc.a(lib_a-exit.o)
 .ARM.attributes
                0x00000600       0x32 c:/program files (x86)/gnu tools arm embedded/bin/../lib/gcc/arm-none-eabi/9.2.1/../../../../arm-none-eabi/lib/thumb/v7e-m+fp/hard\libc.a(lib_a-impure.o)
 .ARM.attributes
                0x00000632       0x34 c:/program files (x86)/gnu tools arm embedded/bin/../lib/gcc/arm-none-eabi/9.2.1/../../../../arm-none-eabi/lib/thumb/v7e-m+fp/hard\libc.a(lib_a-init.o)
 .ARM.attributes
                0x00000666       0x34 c:/program files (x86)/gnu tools arm embedded/bin/../lib/gcc/arm-none-eabi/9.2.1/../../../../arm-none-eabi/lib/thumb/v7e-m+fp/hard\libc.a(lib_a-memcmp.o)
 .ARM.attributes
                0x0000069a       0x34 c:/program files (x86)/gnu tools arm embedded/bin/../lib/gcc/arm-none-eabi/9.2.1/../../../../arm-none-eabi/lib/thumb/v7e-m+fp/hard\libc.a(lib_a-memset.o)
 .ARM.attributes
                0x000006ce       0x1c c:/program files (x86)/gnu tools arm embedded/bin/../lib/gcc/arm-none-eabi/9.2.1/../../../../arm-none-eabi/lib/thumb/v7e-m+fp/hard\libc.a(lib_a-strlen.o)
 .ARM.attributes
                0x000006ea       0x34 c:/program files (x86)/gnu tools arm embedded/bin/../lib/gcc/arm-none-eabi/9.2.1/../../../../arm-none-eabi/lib/thumb/v7e-m+fp/hard\libc.a(lib_a-vsprintf.o)
 .ARM.attributes
                0x0000071e       0x34 c:/program files (x86)/gnu tools arm embedded/bin/../lib/gcc/arm-none-eabi/9.2.1/../../../../arm-none-eabi/lib/thumb/v7e-m+fp/hard\libc.a(lib_a-__call_atexit.o)
 .ARM.attributes
                0x00000752       0x34 c:/program files (x86)/gnu tools arm embedded/bin/../lib/gcc/arm-none-eabi/9.2.1/../../../../arm-none-eabi/lib/thumb/v7e-m+fp/hard\libc.a(lib_a-atexit.o)
 .ARM.attributes
                0x00000786       0x34 c:/program files (x86)/gnu tools arm embedded/bin/../lib/gcc/arm-none-eabi/9.2.1/../../../../arm-none-eabi/lib/thumb/v7e-m+fp/hard\libc.a(lib_a-dtoa.o)
 .ARM.attributes
                0x000007ba       0x34 c:/program files (x86)/gnu tools arm embedded/bin/../lib/gcc/arm-none-eabi/9.2.1/../../../../arm-none-eabi/lib/thumb/v7e-m+fp/hard\libc.a(lib_a-fini.o)
 .ARM.attributes
                0x000007ee       0x34 c:/program files (x86)/gnu tools arm embedded/bin/../lib/gcc/arm-none-eabi/9.2.1/../../../../arm-none-eabi/lib/thumb/v7e-m+fp/hard\libc.a(lib_a-freer.o)
 .ARM.attributes
                0x00000822       0x34 c:/program files (x86)/gnu tools arm embedded/bin/../lib/gcc/arm-none-eabi/9.2.1/../../../../arm-none-eabi/lib/thumb/v7e-m+fp/hard\libc.a(lib_a-localeconv.o)
 .ARM.attributes
                0x00000856       0x34 c:/program files (x86)/gnu tools arm embedded/bin/../lib/gcc/arm-none-eabi/9.2.1/../../../../arm-none-eabi/lib/thumb/v7e-m+fp/hard\libc.a(lib_a-lock.o)
 .ARM.attributes
                0x0000088a       0x34 c:/program files (x86)/gnu tools arm embedded/bin/../lib/gcc/arm-none-eabi/9.2.1/../../../../arm-none-eabi/lib/thumb/v7e-m+fp/hard\libc.a(lib_a-mallocr.o)
 .ARM.attributes
                0x000008be       0x1c c:/program files (x86)/gnu tools arm embedded/bin/../lib/gcc/arm-none-eabi/9.2.1/../../../../arm-none-eabi/lib/thumb/v7e-m+fp/hard\libc.a(lib_a-memchr.o)
 .ARM.attributes
                0x000008da       0x1c c:/program files (x86)/gnu tools arm embedded/bin/../lib/gcc/arm-none-eabi/9.2.1/../../../../arm-none-eabi/lib/thumb/v7e-m+fp/hard\libc.a(lib_a-memcpy.o)
 .ARM.attributes
                0x000008f6       0x34 c:/program files (x86)/gnu tools arm embedded/bin/../lib/gcc/arm-none-eabi/9.2.1/../../../../arm-none-eabi/lib/thumb/v7e-m+fp/hard\libc.a(lib_a-mlock.o)
 .ARM.attributes
                0x0000092a       0x34 c:/program files (x86)/gnu tools arm embedded/bin/../lib/gcc/arm-none-eabi/9.2.1/../../../../arm-none-eabi/lib/thumb/v7e-m+fp/hard\libc.a(lib_a-mprec.o)
 .ARM.attributes
                0x0000095e       0x34 c:/program files (x86)/gnu tools arm embedded/bin/../lib/gcc/arm-none-eabi/9.2.1/../../../../arm-none-eabi/lib/thumb/v7e-m+fp/hard\libc.a(lib_a-s_frexp.o)
 .ARM.attributes
                0x00000992       0x34 c:/program files (x86)/gnu tools arm embedded/bin/../lib/gcc/arm-none-eabi/9.2.1/../../../../arm-none-eabi/lib/thumb/v7e-m+fp/hard\libc.a(lib_a-sbrkr.o)
 .ARM.attributes
                0x000009c6       0x34 c:/program files (x86)/gnu tools arm embedded/bin/../lib/gcc/arm-none-eabi/9.2.1/../../../../arm-none-eabi/lib/thumb/v7e-m+fp/hard\libc.a(lib_a-strncpy.o)
 .ARM.attributes
                0x000009fa       0x34 c:/program files (x86)/gnu tools arm embedded/bin/../lib/gcc/arm-none-eabi/9.2.1/../../../../arm-none-eabi/lib/thumb/v7e-m+fp/hard\libc.a(lib_a-svfprintf.o)
 .ARM.attributes
                0x00000a2e       0x34 c:/program files (x86)/gnu tools arm embedded/bin/../lib/gcc/arm-none-eabi/9.2.1/../../../../arm-none-eabi/lib/thumb/v7e-m+fp/hard\libc.a(lib_a-__atexit.o)
 .ARM.attributes
                0x00000a62       0x34 c:/program files (x86)/gnu tools arm embedded/bin/../lib/gcc/arm-none-eabi/9.2.1/../../../../arm-none-eabi/lib/thumb/v7e-m+fp/hard\libc.a(lib_a-callocr.o)
 .ARM.attributes
                0x00000a96       0x34 c:/program files (x86)/gnu tools arm embedded/bin/../lib/gcc/arm-none-eabi/9.2.1/../../../../arm-none-eabi/lib/thumb/v7e-m+fp/hard\libc.a(lib_a-locale.o)
 .ARM.attributes
                0x00000aca       0x34 c:/program files (x86)/gnu tools arm embedded/bin/../lib/gcc/arm-none-eabi/9.2.1/../../../../arm-none-eabi/lib/thumb/v7e-m+fp/hard\libc.a(lib_a-mbtowc_r.o)
 .ARM.attributes
                0x00000afe       0x34 c:/program files (x86)/gnu tools arm embedded/bin/../lib/gcc/arm-none-eabi/9.2.1/../../../../arm-none-eabi/lib/thumb/v7e-m+fp/hard\libc.a(lib_a-memmove.o)
 .ARM.attributes
                0x00000b32       0x34 c:/program files (x86)/gnu tools arm embedded/bin/../lib/gcc/arm-none-eabi/9.2.1/../../../../arm-none-eabi/lib/thumb/v7e-m+fp/hard\libc.a(lib_a-reallocr.o)
 .ARM.attributes
                0x00000b66       0x34 c:/program files (x86)/gnu tools arm embedded/bin/../lib/gcc/arm-none-eabi/9.2.1/../../../../arm-none-eabi/lib/thumb/v7e-m+fp/hard\libc.a(lib_a-reent.o)
 .ARM.attributes
                0x00000b9a       0x34 c:/program files (x86)/gnu tools arm embedded/bin/../lib/gcc/arm-none-eabi/9.2.1/../../../../arm-none-eabi/lib/thumb/v7e-m+fp/hard\libc.a(lib_a-svfiprintf.o)
 .ARM.attributes
                0x00000bce       0x34 c:/program files (x86)/gnu tools arm embedded/bin/../lib/gcc/arm-none-eabi/9.2.1/../../../../arm-none-eabi/lib/thumb/v7e-m+fp/hard\libc.a(lib_a-wctomb_r.o)
 .ARM.attributes
                0x00000c02       0x32 c:/program files (x86)/gnu tools arm embedded/bin/../lib/gcc/arm-none-eabi/9.2.1/../../../../arm-none-eabi/lib/thumb/v7e-m+fp/hard\libc.a(lib_a-ctype_.o)
 .ARM.attributes
                0x00000c34       0x34 c:/program files (x86)/gnu tools arm embedded/bin/../lib/gcc/arm-none-eabi/9.2.1/../../../../arm-none-eabi/lib/thumb/v7e-m+fp/hard\libnosys.a(sbrk.o)
 .ARM.attributes
                0x00000c68       0x34 c:/program files (x86)/gnu tools arm embedded/bin/../lib/gcc/arm-none-eabi/9.2.1/../../../../arm-none-eabi/lib/thumb/v7e-m+fp/hard\libnosys.a(_exit.o)
 .ARM.attributes
                0x00000c9c       0x1e c:/program files (x86)/gnu tools arm embedded/bin/../lib/gcc/arm-none-eabi/9.2.1/thumb/v7e-m+fp/hard\libgcc.a(_arm_addsubdf3.o)
 .ARM.attributes
                0x00000cba       0x1e c:/program files (x86)/gnu tools arm embedded/bin/../lib/gcc/arm-none-eabi/9.2.1/thumb/v7e-m+fp/hard\libgcc.a(_arm_muldivdf3.o)
 .ARM.attributes
                0x00000cd8       0x1e c:/program files (x86)/gnu tools arm embedded/bin/../lib/gcc/arm-none-eabi/9.2.1/thumb/v7e-m+fp/hard\libgcc.a(_arm_cmpdf2.o)
 .ARM.attributes
                0x00000cf6       0x1e c:/program files (x86)/gnu tools arm embedded/bin/../lib/gcc/arm-none-eabi/9.2.1/thumb/v7e-m+fp/hard\libgcc.a(_arm_unorddf2.o)
 .ARM.attributes
                0x00000d14       0x1e c:/program files (x86)/gnu tools arm embedded/bin/../lib/gcc/arm-none-eabi/9.2.1/thumb/v7e-m+fp/hard\libgcc.a(_arm_fixdfsi.o)
 .ARM.attributes
                0x00000d32       0x1e c:/program files (x86)/gnu tools arm embedded/bin/../lib/gcc/arm-none-eabi/9.2.1/thumb/v7e-m+fp/hard\libgcc.a(_aeabi_uldivmod.o)
 .ARM.attributes
                0x00000d50       0x34 c:/program files (x86)/gnu tools arm embedded/bin/../lib/gcc/arm-none-eabi/9.2.1/thumb/v7e-m+fp/hard\libgcc.a(_udivmoddi4.o)
 .ARM.attributes
                0x00000d84       0x1e c:/program files (x86)/gnu tools arm embedded/bin/../lib/gcc/arm-none-eabi/9.2.1/thumb/v7e-m+fp/hard\libgcc.a(_dvmd_tls.o)
 .ARM.attributes
                0x00000da2       0x32 c:/program files (x86)/gnu tools arm embedded/bin/../lib/gcc/arm-none-eabi/9.2.1/thumb/v7e-m+fp/hard/crtend.o
 .ARM.attributes
                0x00000dd4       0x1e c:/program files (x86)/gnu tools arm embedded/bin/../lib/gcc/arm-none-eabi/9.2.1/thumb/v7e-m+fp/hard/crtn.o

.comment        0x00000000      0x176
 .comment       0x00000000       0x79 obj/lab_floating_point_quads.o
                                 0x7a (size before relaxing)
 .comment       0x00000079       0x7e library.a(initialize.o)
                                 0x7f (size before relaxing)
 .comment       0x000000f7       0x7f library.a(stm32f429i_discovery.o)
                                 0x80 (size before relaxing)
 .comment       0x00000176       0x80 library.a(stm32f429i_discovery_lcd.o)
 .comment       0x00000176       0x80 library.a(stm32f429i_discovery_sdram.o)
 .comment       0x00000176       0x80 library.a(stm32f4xx_hal.o)
 .comment       0x00000176       0x80 library.a(stm32f4xx_hal_cortex.o)
 .comment       0x00000176       0x80 library.a(stm32f4xx_hal_dma.o)
 .comment       0x00000176       0x80 library.a(stm32f4xx_hal_dma2d.o)
 .comment       0x00000176       0x80 library.a(stm32f4xx_hal_gpio.o)
 .comment       0x00000176       0x80 library.a(stm32f4xx_hal_i2c.o)
 .comment       0x00000176       0x80 library.a(stm32f4xx_hal_ltdc.o)
 .comment       0x00000176       0x80 library.a(stm32f4xx_hal_rcc.o)
 .comment       0x00000176       0x80 library.a(stm32f4xx_hal_rcc_ex.o)
 .comment       0x00000176       0x80 library.a(stm32f4xx_hal_sdram.o)
 .comment       0x00000176       0x80 library.a(stm32f4xx_hal_spi.o)
 .comment       0x00000176       0x80 library.a(stm32f4xx_it.o)
 .comment       0x00000176       0x80 library.a(stm32f4xx_ll_fmc.o)
 .comment       0x00000176       0x80 library.a(system_stm32f4xx.o)
 .comment       0x00000176       0x80 library.a(touch.o)
 .comment       0x00000176       0x80 library.a(ili9341.o)
 .comment       0x00000176       0x80 library.a(stm32f429i_discovery_ts.o)
 .comment       0x00000176       0x80 library.a(stmpe811.o)

.debug_frame    0x00000000      0xd48
 .debug_frame   0x00000000       0x28 c:/program files (x86)/gnu tools arm embedded/bin/../lib/gcc/arm-none-eabi/9.2.1/../../../../arm-none-eabi/lib/thumb/v7e-m+fp/hard\libc.a(lib_a-exit.o)
 .debug_frame   0x00000028       0x2c c:/program files (x86)/gnu tools arm embedded/bin/../lib/gcc/arm-none-eabi/9.2.1/../../../../arm-none-eabi/lib/thumb/v7e-m+fp/hard\libc.a(lib_a-init.o)
 .debug_frame   0x00000054       0x3c c:/program files (x86)/gnu tools arm embedded/bin/../lib/gcc/arm-none-eabi/9.2.1/../../../../arm-none-eabi/lib/thumb/v7e-m+fp/hard\libc.a(lib_a-memcmp.o)
 .debug_frame   0x00000090       0x38 c:/program files (x86)/gnu tools arm embedded/bin/../lib/gcc/arm-none-eabi/9.2.1/../../../../arm-none-eabi/lib/thumb/v7e-m+fp/hard\libc.a(lib_a-memset.o)
 .debug_frame   0x000000c8       0x4c c:/program files (x86)/gnu tools arm embedded/bin/../lib/gcc/arm-none-eabi/9.2.1/../../../../arm-none-eabi/lib/thumb/v7e-m+fp/hard\libc.a(lib_a-vsprintf.o)
 .debug_frame   0x00000114       0x68 c:/program files (x86)/gnu tools arm embedded/bin/../lib/gcc/arm-none-eabi/9.2.1/../../../../arm-none-eabi/lib/thumb/v7e-m+fp/hard\libc.a(lib_a-__call_atexit.o)
 .debug_frame   0x0000017c       0x20 c:/program files (x86)/gnu tools arm embedded/bin/../lib/gcc/arm-none-eabi/9.2.1/../../../../arm-none-eabi/lib/thumb/v7e-m+fp/hard\libc.a(lib_a-atexit.o)
 .debug_frame   0x0000019c       0xc4 c:/program files (x86)/gnu tools arm embedded/bin/../lib/gcc/arm-none-eabi/9.2.1/../../../../arm-none-eabi/lib/thumb/v7e-m+fp/hard\libc.a(lib_a-dtoa.o)
 .debug_frame   0x00000260       0x34 c:/program files (x86)/gnu tools arm embedded/bin/../lib/gcc/arm-none-eabi/9.2.1/../../../../arm-none-eabi/lib/thumb/v7e-m+fp/hard\libc.a(lib_a-fini.o)
 .debug_frame   0x00000294       0x8c c:/program files (x86)/gnu tools arm embedded/bin/../lib/gcc/arm-none-eabi/9.2.1/../../../../arm-none-eabi/lib/thumb/v7e-m+fp/hard\libc.a(lib_a-freer.o)
 .debug_frame   0x00000320       0x40 c:/program files (x86)/gnu tools arm embedded/bin/../lib/gcc/arm-none-eabi/9.2.1/../../../../arm-none-eabi/lib/thumb/v7e-m+fp/hard\libc.a(lib_a-localeconv.o)
 .debug_frame   0x00000360       0xb0 c:/program files (x86)/gnu tools arm embedded/bin/../lib/gcc/arm-none-eabi/9.2.1/../../../../arm-none-eabi/lib/thumb/v7e-m+fp/hard\libc.a(lib_a-lock.o)
 .debug_frame   0x00000410       0x4c c:/program files (x86)/gnu tools arm embedded/bin/../lib/gcc/arm-none-eabi/9.2.1/../../../../arm-none-eabi/lib/thumb/v7e-m+fp/hard\libc.a(lib_a-mallocr.o)
 .debug_frame   0x0000045c       0x30 c:/program files (x86)/gnu tools arm embedded/bin/../lib/gcc/arm-none-eabi/9.2.1/../../../../arm-none-eabi/lib/thumb/v7e-m+fp/hard\libc.a(lib_a-mlock.o)
 .debug_frame   0x0000048c      0x278 c:/program files (x86)/gnu tools arm embedded/bin/../lib/gcc/arm-none-eabi/9.2.1/../../../../arm-none-eabi/lib/thumb/v7e-m+fp/hard\libc.a(lib_a-mprec.o)
 .debug_frame   0x00000704       0x2c c:/program files (x86)/gnu tools arm embedded/bin/../lib/gcc/arm-none-eabi/9.2.1/../../../../arm-none-eabi/lib/thumb/v7e-m+fp/hard\libc.a(lib_a-s_frexp.o)
 .debug_frame   0x00000730       0x2c c:/program files (x86)/gnu tools arm embedded/bin/../lib/gcc/arm-none-eabi/9.2.1/../../../../arm-none-eabi/lib/thumb/v7e-m+fp/hard\libc.a(lib_a-sbrkr.o)
 .debug_frame   0x0000075c       0x38 c:/program files (x86)/gnu tools arm embedded/bin/../lib/gcc/arm-none-eabi/9.2.1/../../../../arm-none-eabi/lib/thumb/v7e-m+fp/hard\libc.a(lib_a-strncpy.o)
 .debug_frame   0x00000794       0x68 c:/program files (x86)/gnu tools arm embedded/bin/../lib/gcc/arm-none-eabi/9.2.1/../../../../arm-none-eabi/lib/thumb/v7e-m+fp/hard\libc.a(lib_a-svfprintf.o)
 .debug_frame   0x000007fc       0x34 c:/program files (x86)/gnu tools arm embedded/bin/../lib/gcc/arm-none-eabi/9.2.1/../../../../arm-none-eabi/lib/thumb/v7e-m+fp/hard\libc.a(lib_a-__atexit.o)
 .debug_frame   0x00000830       0x28 c:/program files (x86)/gnu tools arm embedded/bin/../lib/gcc/arm-none-eabi/9.2.1/../../../../arm-none-eabi/lib/thumb/v7e-m+fp/hard\libc.a(lib_a-callocr.o)
 .debug_frame   0x00000858       0x54 c:/program files (x86)/gnu tools arm embedded/bin/../lib/gcc/arm-none-eabi/9.2.1/../../../../arm-none-eabi/lib/thumb/v7e-m+fp/hard\libc.a(lib_a-locale.o)
 .debug_frame   0x000008ac       0x4c c:/program files (x86)/gnu tools arm embedded/bin/../lib/gcc/arm-none-eabi/9.2.1/../../../../arm-none-eabi/lib/thumb/v7e-m+fp/hard\libc.a(lib_a-mbtowc_r.o)
 .debug_frame   0x000008f8       0x40 c:/program files (x86)/gnu tools arm embedded/bin/../lib/gcc/arm-none-eabi/9.2.1/../../../../arm-none-eabi/lib/thumb/v7e-m+fp/hard\libc.a(lib_a-memmove.o)
 .debug_frame   0x00000938       0x48 c:/program files (x86)/gnu tools arm embedded/bin/../lib/gcc/arm-none-eabi/9.2.1/../../../../arm-none-eabi/lib/thumb/v7e-m+fp/hard\libc.a(lib_a-reallocr.o)
 .debug_frame   0x00000980       0x60 c:/program files (x86)/gnu tools arm embedded/bin/../lib/gcc/arm-none-eabi/9.2.1/../../../../arm-none-eabi/lib/thumb/v7e-m+fp/hard\libc.a(lib_a-reent.o)
 .debug_frame   0x000009e0       0x88 c:/program files (x86)/gnu tools arm embedded/bin/../lib/gcc/arm-none-eabi/9.2.1/../../../../arm-none-eabi/lib/thumb/v7e-m+fp/hard\libc.a(lib_a-svfiprintf.o)
 .debug_frame   0x00000a68       0x3c c:/program files (x86)/gnu tools arm embedded/bin/../lib/gcc/arm-none-eabi/9.2.1/../../../../arm-none-eabi/lib/thumb/v7e-m+fp/hard\libc.a(lib_a-wctomb_r.o)
 .debug_frame   0x00000aa4       0x20 c:/program files (x86)/gnu tools arm embedded/bin/../lib/gcc/arm-none-eabi/9.2.1/../../../../arm-none-eabi/lib/thumb/v7e-m+fp/hard\libnosys.a(sbrk.o)
 .debug_frame   0x00000ac4       0x20 c:/program files (x86)/gnu tools arm embedded/bin/../lib/gcc/arm-none-eabi/9.2.1/../../../../arm-none-eabi/lib/thumb/v7e-m+fp/hard\libnosys.a(_exit.o)
 .debug_frame   0x00000ae4       0xac c:/program files (x86)/gnu tools arm embedded/bin/../lib/gcc/arm-none-eabi/9.2.1/thumb/v7e-m+fp/hard\libgcc.a(_arm_addsubdf3.o)
 .debug_frame   0x00000b90       0x50 c:/program files (x86)/gnu tools arm embedded/bin/../lib/gcc/arm-none-eabi/9.2.1/thumb/v7e-m+fp/hard\libgcc.a(_arm_muldivdf3.o)
 .debug_frame   0x00000be0       0xc4 c:/program files (x86)/gnu tools arm embedded/bin/../lib/gcc/arm-none-eabi/9.2.1/thumb/v7e-m+fp/hard\libgcc.a(_arm_cmpdf2.o)
 .debug_frame   0x00000ca4       0x20 c:/program files (x86)/gnu tools arm embedded/bin/../lib/gcc/arm-none-eabi/9.2.1/thumb/v7e-m+fp/hard\libgcc.a(_arm_unorddf2.o)
 .debug_frame   0x00000cc4       0x24 c:/program files (x86)/gnu tools arm embedded/bin/../lib/gcc/arm-none-eabi/9.2.1/thumb/v7e-m+fp/hard\libgcc.a(_arm_fixdfsi.o)
 .debug_frame   0x00000ce8       0x2c c:/program files (x86)/gnu tools arm embedded/bin/../lib/gcc/arm-none-eabi/9.2.1/thumb/v7e-m+fp/hard\libgcc.a(_aeabi_uldivmod.o)
 .debug_frame   0x00000d14       0x34 c:/program files (x86)/gnu tools arm embedded/bin/../lib/gcc/arm-none-eabi/9.2.1/thumb/v7e-m+fp/hard\libgcc.a(_udivmoddi4.o)

.stabstr        0x00000000      0x117
 .stabstr       0x00000000      0x117 c:/program files (x86)/gnu tools arm embedded/bin/../lib/gcc/arm-none-eabi/9.2.1/../../../../arm-none-eabi/lib/thumb/v7e-m+fp/hard\libnosys.a(close.o)
